Archive member included to satisfy reference by file (symbol)

c:/st/stm32cubeide_1.7.0/stm32cubeide/plugins/com.st.stm32cube.ide.mcu.externaltools.gnu-tools-for-stm32.10.3-2021.10.win32_1.0.0.202111181127/tools/bin/../lib/gcc/arm-none-eabi/10.3.1/../../../../arm-none-eabi/lib/thumb/v7-m/nofp\libc_nano.a(lib_a-errno.o)
                              ./Core/Src/syscalls.o (__errno)
c:/st/stm32cubeide_1.7.0/stm32cubeide/plugins/com.st.stm32cube.ide.mcu.externaltools.gnu-tools-for-stm32.10.3-2021.10.win32_1.0.0.202111181127/tools/bin/../lib/gcc/arm-none-eabi/10.3.1/../../../../arm-none-eabi/lib/thumb/v7-m/nofp\libc_nano.a(lib_a-exit.o)
                              c:/st/stm32cubeide_1.7.0/stm32cubeide/plugins/com.st.stm32cube.ide.mcu.externaltools.gnu-tools-for-stm32.10.3-2021.10.win32_1.0.0.202111181127/tools/bin/../lib/gcc/arm-none-eabi/10.3.1/../../../../arm-none-eabi/lib/thumb/v7-m/nofp/crt0.o (exit)
c:/st/stm32cubeide_1.7.0/stm32cubeide/plugins/com.st.stm32cube.ide.mcu.externaltools.gnu-tools-for-stm32.10.3-2021.10.win32_1.0.0.202111181127/tools/bin/../lib/gcc/arm-none-eabi/10.3.1/../../../../arm-none-eabi/lib/thumb/v7-m/nofp\libc_nano.a(lib_a-impure.o)
                              c:/st/stm32cubeide_1.7.0/stm32cubeide/plugins/com.st.stm32cube.ide.mcu.externaltools.gnu-tools-for-stm32.10.3-2021.10.win32_1.0.0.202111181127/tools/bin/../lib/gcc/arm-none-eabi/10.3.1/../../../../arm-none-eabi/lib/thumb/v7-m/nofp\libc_nano.a(lib_a-exit.o) (_global_impure_ptr)
c:/st/stm32cubeide_1.7.0/stm32cubeide/plugins/com.st.stm32cube.ide.mcu.externaltools.gnu-tools-for-stm32.10.3-2021.10.win32_1.0.0.202111181127/tools/bin/../lib/gcc/arm-none-eabi/10.3.1/../../../../arm-none-eabi/lib/thumb/v7-m/nofp\libc_nano.a(lib_a-init.o)
                              c:/st/stm32cubeide_1.7.0/stm32cubeide/plugins/com.st.stm32cube.ide.mcu.externaltools.gnu-tools-for-stm32.10.3-2021.10.win32_1.0.0.202111181127/tools/bin/../lib/gcc/arm-none-eabi/10.3.1/../../../../arm-none-eabi/lib/thumb/v7-m/nofp/crt0.o (__libc_init_array)
c:/st/stm32cubeide_1.7.0/stm32cubeide/plugins/com.st.stm32cube.ide.mcu.externaltools.gnu-tools-for-stm32.10.3-2021.10.win32_1.0.0.202111181127/tools/bin/../lib/gcc/arm-none-eabi/10.3.1/../../../../arm-none-eabi/lib/thumb/v7-m/nofp\libc_nano.a(lib_a-memset.o)
                              c:/st/stm32cubeide_1.7.0/stm32cubeide/plugins/com.st.stm32cube.ide.mcu.externaltools.gnu-tools-for-stm32.10.3-2021.10.win32_1.0.0.202111181127/tools/bin/../lib/gcc/arm-none-eabi/10.3.1/../../../../arm-none-eabi/lib/thumb/v7-m/nofp/crt0.o (memset)

Discarded input sections

 .text          0x0000000000000000        0x0 c:/st/stm32cubeide_1.7.0/stm32cubeide/plugins/com.st.stm32cube.ide.mcu.externaltools.gnu-tools-for-stm32.10.3-2021.10.win32_1.0.0.202111181127/tools/bin/../lib/gcc/arm-none-eabi/10.3.1/thumb/v7-m/nofp/crti.o
 .data          0x0000000000000000        0x0 c:/st/stm32cubeide_1.7.0/stm32cubeide/plugins/com.st.stm32cube.ide.mcu.externaltools.gnu-tools-for-stm32.10.3-2021.10.win32_1.0.0.202111181127/tools/bin/../lib/gcc/arm-none-eabi/10.3.1/thumb/v7-m/nofp/crti.o
 .bss           0x0000000000000000        0x0 c:/st/stm32cubeide_1.7.0/stm32cubeide/plugins/com.st.stm32cube.ide.mcu.externaltools.gnu-tools-for-stm32.10.3-2021.10.win32_1.0.0.202111181127/tools/bin/../lib/gcc/arm-none-eabi/10.3.1/thumb/v7-m/nofp/crti.o
 .data          0x0000000000000000        0x4 c:/st/stm32cubeide_1.7.0/stm32cubeide/plugins/com.st.stm32cube.ide.mcu.externaltools.gnu-tools-for-stm32.10.3-2021.10.win32_1.0.0.202111181127/tools/bin/../lib/gcc/arm-none-eabi/10.3.1/thumb/v7-m/nofp/crtbegin.o
 .rodata        0x0000000000000000       0x24 c:/st/stm32cubeide_1.7.0/stm32cubeide/plugins/com.st.stm32cube.ide.mcu.externaltools.gnu-tools-for-stm32.10.3-2021.10.win32_1.0.0.202111181127/tools/bin/../lib/gcc/arm-none-eabi/10.3.1/thumb/v7-m/nofp/crtbegin.o
 .text          0x0000000000000000       0x7c c:/st/stm32cubeide_1.7.0/stm32cubeide/plugins/com.st.stm32cube.ide.mcu.externaltools.gnu-tools-for-stm32.10.3-2021.10.win32_1.0.0.202111181127/tools/bin/../lib/gcc/arm-none-eabi/10.3.1/../../../../arm-none-eabi/lib/thumb/v7-m/nofp/crt0.o
 .data          0x0000000000000000        0x0 c:/st/stm32cubeide_1.7.0/stm32cubeide/plugins/com.st.stm32cube.ide.mcu.externaltools.gnu-tools-for-stm32.10.3-2021.10.win32_1.0.0.202111181127/tools/bin/../lib/gcc/arm-none-eabi/10.3.1/../../../../arm-none-eabi/lib/thumb/v7-m/nofp/crt0.o
 .bss           0x0000000000000000        0x0 c:/st/stm32cubeide_1.7.0/stm32cubeide/plugins/com.st.stm32cube.ide.mcu.externaltools.gnu-tools-for-stm32.10.3-2021.10.win32_1.0.0.202111181127/tools/bin/../lib/gcc/arm-none-eabi/10.3.1/../../../../arm-none-eabi/lib/thumb/v7-m/nofp/crt0.o
[...]
Memory Configuration

Name             Origin             Length             Attributes
RAM              0x0000000020000000 0x0000000000005000 xrw
FLASH            0x0000000008000000 0x0000000000020000 xr
*default*        0x0000000000000000 0xffffffffffffffff

Linker script and memory map

LOAD c:/st/stm32cubeide_1.7.0/stm32cubeide/plugins/com.st.stm32cube.ide.mcu.externaltools.gnu-tools-for-stm32.10.3-2021.10.win32_1.0.0.202111181127/tools/bin/../lib/gcc/arm-none-eabi/10.3.1/thumb/v7-m/nofp/crti.o
LOAD c:/st/stm32cubeide_1.7.0/stm32cubeide/plugins/com.st.stm32cube.ide.mcu.externaltools.gnu-tools-for-stm32.10.3-2021.10.win32_1.0.0.202111181127/tools/bin/../lib/gcc/arm-none-eabi/10.3.1/thumb/v7-m/nofp/crtbegin.o
LOAD c:/st/stm32cubeide_1.7.0/stm32cubeide/plugins/com.st.stm32cube.ide.mcu.externaltools.gnu-tools-for-stm32.10.3-2021.10.win32_1.0.0.202111181127/tools/bin/../lib/gcc/arm-none-eabi/10.3.1/../../../../arm-none-eabi/lib/thumb/v7-m/nofp/crt0.o
LOAD ./Core/Src/main.o
LOAD ./Core/Src/stm32f1xx_hal_msp.o
LOAD ./Core/Src/stm32f1xx_it.o
LOAD ./Core/Src/syscalls.o
LOAD ./Core/Src/sysmem.o
LOAD ./Core/Src/system_stm32f1xx.o
LOAD ./Core/Startup/startup_stm32f103rbtx.o
LOAD ./Drivers/STM32F1xx_HAL_Driver/Src/stm32f1xx_hal.o
LOAD ./Drivers/STM32F1xx_HAL_Driver/Src/stm32f1xx_hal_adc.o
LOAD ./Drivers/STM32F1xx_HAL_Driver/Src/stm32f1xx_hal_adc_ex.o
LOAD ./Drivers/STM32F1xx_HAL_Driver/Src/stm32f1xx_hal_can.o
LOAD ./Drivers/STM32F1xx_HAL_Driver/Src/stm32f1xx_hal_cortex.o
LOAD ./Drivers/STM32F1xx_HAL_Driver/Src/stm32f1xx_hal_dma.o
LOAD ./Drivers/STM32F1xx_HAL_Driver/Src/stm32f1xx_hal_exti.o
LOAD ./Drivers/STM32F1xx_HAL_Driver/Src/stm32f1xx_hal_flash.o
LOAD ./Drivers/STM32F1xx_HAL_Driver/Src/stm32f1xx_hal_flash_ex.o
LOAD ./Drivers/STM32F1xx_HAL_Driver/Src/stm32f1xx_hal_gpio.o
LOAD ./Drivers/STM32F1xx_HAL_Driver/Src/stm32f1xx_hal_gpio_ex.o
LOAD ./Drivers/STM32F1xx_HAL_Driver/Src/stm32f1xx_hal_i2c.o
LOAD ./Drivers/STM32F1xx_HAL_Driver/Src/stm32f1xx_hal_pwr.o
LOAD ./Drivers/STM32F1xx_HAL_Driver/Src/stm32f1xx_hal_rcc.o
LOAD ./Drivers/STM32F1xx_HAL_Driver/Src/stm32f1xx_hal_rcc_ex.o
LOAD ./Drivers/STM32F1xx_HAL_Driver/Src/stm32f1xx_hal_tim.o
LOAD ./Drivers/STM32F1xx_HAL_Driver/Src/stm32f1xx_hal_tim_ex.o
LOAD ./Drivers/STM32F1xx_HAL_Driver/Src/stm32f1xx_hal_uart.o
START GROUP
LOAD c:/st/stm32cubeide_1.7.0/stm32cubeide/plugins/com.st.stm32cube.ide.mcu.externaltools.gnu-tools-for-stm32.10.3-2021.10.win32_1.0.0.202111181127/tools/bin/../lib/gcc/arm-none-eabi/10.3.1/../../../../arm-none-eabi/lib/thumb/v7-m/nofp\libstdc++_nano.a
LOAD c:/st/stm32cubeide_1.7.0/stm32cubeide/plugins/com.st.stm32cube.ide.mcu.externaltools.gnu-tools-for-stm32.10.3-2021.10.win32_1.0.0.202111181127/tools/bin/../lib/gcc/arm-none-eabi/10.3.1/../../../../arm-none-eabi/lib/thumb/v7-m/nofp\libsupc++_nano.a
END GROUP
LOAD c:/st/stm32cubeide_1.7.0/stm32cubeide/plugins/com.st.stm32cube.ide.mcu.externaltools.gnu-tools-for-stm32.10.3-2021.10.win32_1.0.0.202111181127/tools/bin/../lib/gcc/arm-none-eabi/10.3.1/../../../../arm-none-eabi/lib/thumb/v7-m/nofp\libstdc++_nano.a
LOAD c:/st/stm32cubeide_1.7.0/stm32cubeide/plugins/com.st.stm32cube.ide.mcu.externaltools.gnu-tools-for-stm32.10.3-2021.10.win32_1.0.0.202111181127/tools/bin/../lib/gcc/arm-none-eabi/10.3.1/../../../../arm-none-eabi/lib/thumb/v7-m/nofp\libm.a
LOAD c:/st/stm32cubeide_1.7.0/stm32cubeide/plugins/com.st.stm32cube.ide.mcu.externaltools.gnu-tools-for-stm32.10.3-2021.10.win32_1.0.0.202111181127/tools/bin/../lib/gcc/arm-none-eabi/10.3.1/../../../../arm-none-eabi/lib/thumb/v7-m/nofp\libc_nano.a
START GROUP
LOAD c:/st/stm32cubeide_1.7.0/stm32cubeide/plugins/com.st.stm32cube.ide.mcu.externaltools.gnu-tools-for-stm32.10.3-2021.10.win32_1.0.0.202111181127/tools/bin/../lib/gcc/arm-none-eabi/10.3.1/thumb/v7-m/nofp\libgcc.a
LOAD c:/st/stm32cubeide_1.7.0/stm32cubeide/plugins/com.st.stm32cube.ide.mcu.externaltools.gnu-tools-for-stm32.10.3-2021.10.win32_1.0.0.202111181127/tools/bin/../lib/gcc/arm-none-eabi/10.3.1/../../../../arm-none-eabi/lib/thumb/v7-m/nofp\libc_nano.a
END GROUP
START GROUP
LOAD c:/st/stm32cubeide_1.7.0/stm32cubeide/plugins/com.st.stm32cube.ide.mcu.externaltools.gnu-tools-for-stm32.10.3-2021.10.win32_1.0.0.202111181127/tools/bin/../lib/gcc/arm-none-eabi/10.3.1/thumb/v7-m/nofp\libgcc.a
LOAD c:/st/stm32cubeide_1.7.0/stm32cubeide/plugins/com.st.stm32cube.ide.mcu.externaltools.gnu-tools-for-stm32.10.3-2021.10.win32_1.0.0.202111181127/tools/bin/../lib/gcc/arm-none-eabi/10.3.1/../../../../arm-none-eabi/lib/thumb/v7-m/nofp\libc_nano.a
LOAD c:/st/stm32cubeide_1.7.0/stm32cubeide/plugins/com.st.stm32cube.ide.mcu.externaltools.gnu-tools-for-stm32.10.3-2021.10.win32_1.0.0.202111181127/tools/bin/../lib/gcc/arm-none-eabi/10.3.1/../../../../arm-none-eabi/lib/thumb/v7-m/nofp\libnosys.a
END GROUP
START GROUP
LOAD c:/st/stm32cubeide_1.7.0/stm32cubeide/plugins/com.st.stm32cube.ide.mcu.externaltools.gnu-tools-for-stm32.10.3-2021.10.win32_1.0.0.202111181127/tools/bin/../lib/gcc/arm-none-eabi/10.3.1/thumb/v7-m/nofp\libgcc.a
LOAD c:/st/stm32cubeide_1.7.0/stm32cubeide/plugins/com.st.stm32cube.ide.mcu.externaltools.gnu-tools-for-stm32.10.3-2021.10.win32_1.0.0.202111181127/tools/bin/../lib/gcc/arm-none-eabi/10.3.1/../../../../arm-none-eabi/lib/thumb/v7-m/nofp\libc_nano.a
LOAD c:/st/stm32cubeide_1.7.0/stm32cubeide/plugins/com.st.stm32cube.ide.mcu.externaltools.gnu-tools-for-stm32.10.3-2021.10.win32_1.0.0.202111181127/tools/bin/../lib/gcc/arm-none-eabi/10.3.1/../../../../arm-none-eabi/lib/thumb/v7-m/nofp\libnosys.a
END GROUP
LOAD c:/st/stm32cubeide_1.7.0/stm32cubeide/plugins/com.st.stm32cube.ide.mcu.externaltools.gnu-tools-for-stm32.10.3-2021.10.win32_1.0.0.202111181127/tools/bin/../lib/gcc/arm-none-eabi/10.3.1/thumb/v7-m/nofp/crtend.o
LOAD c:/st/stm32cubeide_1.7.0/stm32cubeide/plugins/com.st.stm32cube.ide.mcu.externaltools.gnu-tools-for-stm32.10.3-2021.10.win32_1.0.0.202111181127/tools/bin/../lib/gcc/arm-none-eabi/10.3.1/thumb/v7-m/nofp/crtn.o
                0x0000000020005000                _estack = (ORIGIN (RAM) + LENGTH (RAM))
                0x0000000000000200                _Min_Heap_Size = 0x200
                0x0000000000000400                _Min_Stack_Size = 0x400

.isr_vector     0x0000000008000000      0x10c
                0x0000000008000000                . = ALIGN (0x4)
 *(.isr_vector)
 .isr_vector    0x0000000008000000      0x10c ./Core/Startup/startup_stm32f103rbtx.o
                0x0000000008000000                g_pfnVectors
                0x000000000800010c                . = ALIGN (0x4)

.text           0x000000000800010c     0x4874
                0x000000000800010c                . = ALIGN (0x4)
 *(.text)
 .text          0x000000000800010c       0x40 c:/st/stm32cubeide_1.7.0/stm32cubeide/plugins/com.st.stm32cube.ide.mcu.externaltools.gnu-tools-for-stm32.10.3-2021.10.win32_1.0.0.202111181127/tools/bin/../lib/gcc/arm-none-eabi/10.3.1/thumb/v7-m/nofp/crtbegin.o
 *(.text*)
 .text.send_data
                0x000000000800014c       0x5c ./Core/Src/main.o
                0x000000000800014c                send_data
 .text.read_data
                0x00000000080001a8       0x4c ./Core/Src/main.o
                0x00000000080001a8                read_data
 .text.HAL_CAN_RxFifo1MsgPendingCallback
                0x00000000080001f4       0x14 ./Core/Src/main.o
                0x00000000080001f4                HAL_CAN_RxFifo1MsgPendingCallback
 .text.enable_can_control
                0x0000000008000208       0x5c ./Core/Src/main.o
                0x0000000008000208                enable_can_control
 .text.HAL_TIM_IC_CaptureCallback
                0x0000000008000264       0x3c ./Core/Src/main.o
                0x0000000008000264                HAL_TIM_IC_CaptureCallback
 .text.main     0x00000000080002a0      0x164 ./Core/Src/main.o
                0x00000000080002a0                main
 .text.SystemClock_Config
                0x0000000008000404       0xb6 ./Core/Src/main.o
                0x0000000008000404                SystemClock_Config
 *fill*         0x00000000080004ba        0x2 
 .text.MX_ADC1_Init
                0x00000000080004bc       0x7c ./Core/Src/main.o
 .text.MX_ADC2_Init
                0x0000000008000538       0x7c ./Core/Src/main.o
 .text.MX_CAN_Init
                0x00000000080005b4       0xa8 ./Core/Src/main.o
 .text.MX_I2C2_Init
                0x000000000800065c       0x5c ./Core/Src/main.o
 .text.MX_TIM1_Init
                0x00000000080006b8       0xb0 ./Core/Src/main.o
 .text.MX_TIM3_Init
                0x0000000008000768       0xe0 ./Core/Src/main.o
 .text.MX_USART2_UART_Init
                0x0000000008000848       0x54 ./Core/Src/main.o
 .text.MX_GPIO_Init
                0x000000000800089c      0x15c ./Core/Src/main.o
 .text.Error_Handler
                0x00000000080009f8        0xa ./Core/Src/main.o
                0x00000000080009f8                Error_Handler
 *fill*         0x0000000008000a02        0x2 
 .text.HAL_MspInit
                0x0000000008000a04       0x64 ./Core/Src/stm32f1xx_hal_msp.o
                0x0000000008000a04                HAL_MspInit
 .text.HAL_ADC_MspInit
                0x0000000008000a68       0xcc ./Core/Src/stm32f1xx_hal_msp.o
                0x0000000008000a68                HAL_ADC_MspInit
 .text.HAL_CAN_MspInit
                0x0000000008000b34       0xe0 ./Core/Src/stm32f1xx_hal_msp.o
                0x0000000008000b34                HAL_CAN_MspInit
 .text.HAL_I2C_MspInit
                0x0000000008000c14       0x80 ./Core/Src/stm32f1xx_hal_msp.o
                0x0000000008000c14                HAL_I2C_MspInit
 .text.HAL_TIM_Encoder_MspInit
                0x0000000008000c94       0x90 ./Core/Src/stm32f1xx_hal_msp.o
                0x0000000008000c94                HAL_TIM_Encoder_MspInit
 .text.HAL_TIM_PWM_MspInit
                0x0000000008000d24       0x3c ./Core/Src/stm32f1xx_hal_msp.o
                0x0000000008000d24                HAL_TIM_PWM_MspInit
 .text.HAL_TIM_MspPostInit
                0x0000000008000d60       0x98 ./Core/Src/stm32f1xx_hal_msp.o
                0x0000000008000d60                HAL_TIM_MspPostInit
 .text.HAL_UART_MspInit
                0x0000000008000df8       0x8c ./Core/Src/stm32f1xx_hal_msp.o
                0x0000000008000df8                HAL_UART_MspInit
 .text.NMI_Handler
                0x0000000008000e84        0x6 ./Core/Src/stm32f1xx_it.o
                0x0000000008000e84                NMI_Handler
 .text.HardFault_Handler
                0x0000000008000e8a        0x6 ./Core/Src/stm32f1xx_it.o
                0x0000000008000e8a                HardFault_Handler
 .text.MemManage_Handler
                0x0000000008000e90        0x6 ./Core/Src/stm32f1xx_it.o
                0x0000000008000e90                MemManage_Handler
 .text.BusFault_Handler
                0x0000000008000e96        0x6 ./Core/Src/stm32f1xx_it.o
                0x0000000008000e96                BusFault_Handler
 .text.UsageFault_Handler
                0x0000000008000e9c        0x6 ./Core/Src/stm32f1xx_it.o
                0x0000000008000e9c                UsageFault_Handler
 .text.SVC_Handler
                0x0000000008000ea2        0xc ./Core/Src/stm32f1xx_it.o
                0x0000000008000ea2                SVC_Handler
 .text.DebugMon_Handler
                0x0000000008000eae        0xc ./Core/Src/stm32f1xx_it.o
                0x0000000008000eae                DebugMon_Handler
 .text.PendSV_Handler
                0x0000000008000eba        0xc ./Core/Src/stm32f1xx_it.o
                0x0000000008000eba                PendSV_Handler
 .text.SysTick_Handler
                0x0000000008000ec6        0xc ./Core/Src/stm32f1xx_it.o
                0x0000000008000ec6                SysTick_Handler
 .text.EXTI1_IRQHandler
                0x0000000008000ed2        0xe ./Core/Src/stm32f1xx_it.o
                0x0000000008000ed2                EXTI1_IRQHandler
 .text.USB_LP_CAN1_RX0_IRQHandler
                0x0000000008000ee0       0x14 ./Core/Src/stm32f1xx_it.o
                0x0000000008000ee0                USB_LP_CAN1_RX0_IRQHandler
 .text.CAN1_RX1_IRQHandler
                0x0000000008000ef4       0x14 ./Core/Src/stm32f1xx_it.o
                0x0000000008000ef4                CAN1_RX1_IRQHandler
 .text.EXTI9_5_IRQHandler
                0x0000000008000f08        0xe ./Core/Src/stm32f1xx_it.o
                0x0000000008000f08                EXTI9_5_IRQHandler
 *fill*         0x0000000008000f16        0x2 
 .text.TIM1_CC_IRQHandler
                0x0000000008000f18       0x14 ./Core/Src/stm32f1xx_it.o
                0x0000000008000f18                TIM1_CC_IRQHandler
 .text.USART2_IRQHandler
                0x0000000008000f2c       0x14 ./Core/Src/stm32f1xx_it.o
                0x0000000008000f2c                USART2_IRQHandler
 .text.EXTI15_10_IRQHandler
                0x0000000008000f40       0x10 ./Core/Src/stm32f1xx_it.o
                0x0000000008000f40                EXTI15_10_IRQHandler
 .text.SystemInit
                0x0000000008000f50        0xc ./Core/Src/system_stm32f1xx.o
                0x0000000008000f50                SystemInit
 .text.Reset_Handler
                0x0000000008000f5c       0x48 ./Core/Startup/startup_stm32f103rbtx.o
                0x0000000008000f5c                Reset_Handler
 .text.Default_Handler
                0x0000000008000fa4        0x2 ./Core/Startup/startup_stm32f103rbtx.o
                0x0000000008000fa4                RTC_Alarm_IRQHandler
                0x0000000008000fa4                EXTI2_IRQHandler
                0x0000000008000fa4                PVD_IRQHandler
                0x0000000008000fa4                EXTI3_IRQHandler
                0x0000000008000fa4                EXTI0_IRQHandler
                0x0000000008000fa4                I2C2_EV_IRQHandler
                0x0000000008000fa4                ADC1_2_IRQHandler
                0x0000000008000fa4                SPI1_IRQHandler
                0x0000000008000fa4                TAMPER_IRQHandler
                0x0000000008000fa4                DMA1_Channel4_IRQHandler
                0x0000000008000fa4                USART3_IRQHandler
                0x0000000008000fa4                RTC_IRQHandler
                0x0000000008000fa4                DMA1_Channel7_IRQHandler
                0x0000000008000fa4                TIM4_IRQHandler
                0x0000000008000fa4                I2C1_EV_IRQHandler
                0x0000000008000fa4                DMA1_Channel6_IRQHandler
                0x0000000008000fa4                TIM3_IRQHandler
                0x0000000008000fa4                RCC_IRQHandler
                0x0000000008000fa4                TIM1_TRG_COM_IRQHandler
                0x0000000008000fa4                DMA1_Channel1_IRQHandler
                0x0000000008000fa4                Default_Handler
                0x0000000008000fa4                SPI2_IRQHandler
                0x0000000008000fa4                DMA1_Channel5_IRQHandler
                0x0000000008000fa4                EXTI4_IRQHandler
                0x0000000008000fa4                USB_HP_CAN1_TX_IRQHandler
                0x0000000008000fa4                DMA1_Channel3_IRQHandler
                0x0000000008000fa4                TIM1_UP_IRQHandler
                0x0000000008000fa4                WWDG_IRQHandler
                0x0000000008000fa4                TIM2_IRQHandler
                0x0000000008000fa4                TIM1_BRK_IRQHandler
                0x0000000008000fa4                I2C2_ER_IRQHandler
                0x0000000008000fa4                DMA1_Channel2_IRQHandler
                0x0000000008000fa4                CAN1_SCE_IRQHandler
                0x0000000008000fa4                FLASH_IRQHandler
                0x0000000008000fa4                USART1_IRQHandler
                0x0000000008000fa4                I2C1_ER_IRQHandler
                0x0000000008000fa4                USBWakeUp_IRQHandler
 *fill*         0x0000000008000fa6        0x2 
 .text.HAL_Init
                0x0000000008000fa8       0x2c ./Drivers/STM32F1xx_HAL_Driver/Src/stm32f1xx_hal.o
                0x0000000008000fa8                HAL_Init
 .text.HAL_InitTick
                0x0000000008000fd4       0x60 ./Drivers/STM32F1xx_HAL_Driver/Src/stm32f1xx_hal.o
                0x0000000008000fd4                HAL_InitTick
 .text.HAL_IncTick
                0x0000000008001034       0x24 ./Drivers/STM32F1xx_HAL_Driver/Src/stm32f1xx_hal.o
                0x0000000008001034                HAL_IncTick
 .text.HAL_GetTick
                0x0000000008001058       0x14 ./Drivers/STM32F1xx_HAL_Driver/Src/stm32f1xx_hal.o
                0x0000000008001058                HAL_GetTick
 .text.HAL_Delay
                0x000000000800106c       0x48 ./Drivers/STM32F1xx_HAL_Driver/Src/stm32f1xx_hal.o
                0x000000000800106c                HAL_Delay
 .text.HAL_ADC_Init
                0x00000000080010b4      0x1b0 ./Drivers/STM32F1xx_HAL_Driver/Src/stm32f1xx_hal_adc.o
                0x00000000080010b4                HAL_ADC_Init
 .text.HAL_ADC_ConfigChannel
                0x0000000008001264      0x1f0 ./Drivers/STM32F1xx_HAL_Driver/Src/stm32f1xx_hal_adc.o
                0x0000000008001264                HAL_ADC_ConfigChannel
 .text.ADC_ConversionStop_Disable
                0x0000000008001454       0x82 ./Drivers/STM32F1xx_HAL_Driver/Src/stm32f1xx_hal_adc.o
                0x0000000008001454                ADC_ConversionStop_Disable
 .text.HAL_CAN_Init
                0x00000000080014d6      0x1f6 ./Drivers/STM32F1xx_HAL_Driver/Src/stm32f1xx_hal_can.o
                0x00000000080014d6                HAL_CAN_Init
 .text.HAL_CAN_ConfigFilter
                0x00000000080016cc      0x192 ./Drivers/STM32F1xx_HAL_Driver/Src/stm32f1xx_hal_can.o
                0x00000000080016cc                HAL_CAN_ConfigFilter
 .text.HAL_CAN_Start
                0x000000000800185e       0x88 ./Drivers/STM32F1xx_HAL_Driver/Src/stm32f1xx_hal_can.o
                0x000000000800185e                HAL_CAN_Start
 .text.HAL_CAN_AddTxMessage
                0x00000000080018e6      0x1b4 ./Drivers/STM32F1xx_HAL_Driver/Src/stm32f1xx_hal_can.o
                0x00000000080018e6                HAL_CAN_AddTxMessage
 .text.HAL_CAN_GetTxMailboxesFreeLevel
                0x0000000008001a9a       0x68 ./Drivers/STM32F1xx_HAL_Driver/Src/stm32f1xx_hal_can.o
                0x0000000008001a9a                HAL_CAN_GetTxMailboxesFreeLevel
 .text.HAL_CAN_GetRxMessage
                0x0000000008001b02      0x222 ./Drivers/STM32F1xx_HAL_Driver/Src/stm32f1xx_hal_can.o
                0x0000000008001b02                HAL_CAN_GetRxMessage
 .text.HAL_CAN_ActivateNotification
                0x0000000008001d24       0x4a ./Drivers/STM32F1xx_HAL_Driver/Src/stm32f1xx_hal_can.o
                0x0000000008001d24                HAL_CAN_ActivateNotification
 .text.HAL_CAN_IRQHandler
                0x0000000008001d6e      0x36e ./Drivers/STM32F1xx_HAL_Driver/Src/stm32f1xx_hal_can.o
                0x0000000008001d6e                HAL_CAN_IRQHandler
 .text.HAL_CAN_TxMailbox0CompleteCallback
                0x00000000080020dc       0x12 ./Drivers/STM32F1xx_HAL_Driver/Src/stm32f1xx_hal_can.o
                0x00000000080020dc                HAL_CAN_TxMailbox0CompleteCallback
 .text.HAL_CAN_TxMailbox1CompleteCallback
                0x00000000080020ee       0x12 ./Drivers/STM32F1xx_HAL_Driver/Src/stm32f1xx_hal_can.o
                0x00000000080020ee                HAL_CAN_TxMailbox1CompleteCallback
 .text.HAL_CAN_TxMailbox2CompleteCallback
                0x0000000008002100       0x12 ./Drivers/STM32F1xx_HAL_Driver/Src/stm32f1xx_hal_can.o
                0x0000000008002100                HAL_CAN_TxMailbox2CompleteCallback
 .text.HAL_CAN_TxMailbox0AbortCallback
                0x0000000008002112       0x12 ./Drivers/STM32F1xx_HAL_Driver/Src/stm32f1xx_hal_can.o
                0x0000000008002112                HAL_CAN_TxMailbox0AbortCallback
 .text.HAL_CAN_TxMailbox1AbortCallback
                0x0000000008002124       0x12 ./Drivers/STM32F1xx_HAL_Driver/Src/stm32f1xx_hal_can.o
                0x0000000008002124                HAL_CAN_TxMailbox1AbortCallback
 .text.HAL_CAN_TxMailbox2AbortCallback
                0x0000000008002136       0x12 ./Drivers/STM32F1xx_HAL_Driver/Src/stm32f1xx_hal_can.o
                0x0000000008002136                HAL_CAN_TxMailbox2AbortCallback
 .text.HAL_CAN_RxFifo0MsgPendingCallback
                0x0000000008002148       0x12 ./Drivers/STM32F1xx_HAL_Driver/Src/stm32f1xx_hal_can.o
                0x0000000008002148                HAL_CAN_RxFifo0MsgPendingCallback
 .text.HAL_CAN_RxFifo0FullCallback
                0x000000000800215a       0x12 ./Drivers/STM32F1xx_HAL_Driver/Src/stm32f1xx_hal_can.o
                0x000000000800215a                HAL_CAN_RxFifo0FullCallback
 .text.HAL_CAN_RxFifo1FullCallback
                0x000000000800216c       0x12 ./Drivers/STM32F1xx_HAL_Driver/Src/stm32f1xx_hal_can.o
                0x000000000800216c                HAL_CAN_RxFifo1FullCallback
 .text.HAL_CAN_SleepCallback
                0x000000000800217e       0x12 ./Drivers/STM32F1xx_HAL_Driver/Src/stm32f1xx_hal_can.o
                0x000000000800217e                HAL_CAN_SleepCallback
 .text.HAL_CAN_WakeUpFromRxMsgCallback
                0x0000000008002190       0x12 ./Drivers/STM32F1xx_HAL_Driver/Src/stm32f1xx_hal_can.o
                0x0000000008002190                HAL_CAN_WakeUpFromRxMsgCallback
 .text.HAL_CAN_ErrorCallback
                0x00000000080021a2       0x12 ./Drivers/STM32F1xx_HAL_Driver/Src/stm32f1xx_hal_can.o
                0x00000000080021a2                HAL_CAN_ErrorCallback
 .text.__NVIC_SetPriorityGrouping
                0x00000000080021b4       0x48 ./Drivers/STM32F1xx_HAL_Driver/Src/stm32f1xx_hal_cortex.o
 .text.__NVIC_GetPriorityGrouping
                0x00000000080021fc       0x1c ./Drivers/STM32F1xx_HAL_Driver/Src/stm32f1xx_hal_cortex.o
 .text.__NVIC_EnableIRQ
                0x0000000008002218       0x38 ./Drivers/STM32F1xx_HAL_Driver/Src/stm32f1xx_hal_cortex.o
 .text.__NVIC_SetPriority
                0x0000000008002250       0x54 ./Drivers/STM32F1xx_HAL_Driver/Src/stm32f1xx_hal_cortex.o
 .text.NVIC_EncodePriority
                0x00000000080022a4       0x64 ./Drivers/STM32F1xx_HAL_Driver/Src/stm32f1xx_hal_cortex.o
 .text.SysTick_Config
                0x0000000008002308       0x44 ./Drivers/STM32F1xx_HAL_Driver/Src/stm32f1xx_hal_cortex.o
 .text.HAL_NVIC_SetPriorityGrouping
                0x000000000800234c       0x16 ./Drivers/STM32F1xx_HAL_Driver/Src/stm32f1xx_hal_cortex.o
                0x000000000800234c                HAL_NVIC_SetPriorityGrouping
 .text.HAL_NVIC_SetPriority
                0x0000000008002362       0x38 ./Drivers/STM32F1xx_HAL_Driver/Src/stm32f1xx_hal_cortex.o
                0x0000000008002362                HAL_NVIC_SetPriority
 .text.HAL_NVIC_EnableIRQ
                0x000000000800239a       0x1c ./Drivers/STM32F1xx_HAL_Driver/Src/stm32f1xx_hal_cortex.o
                0x000000000800239a                HAL_NVIC_EnableIRQ
 .text.HAL_SYSTICK_Config
                0x00000000080023b6       0x18 ./Drivers/STM32F1xx_HAL_Driver/Src/stm32f1xx_hal_cortex.o
                0x00000000080023b6                HAL_SYSTICK_Config
 .text.HAL_DMA_Abort
                0x00000000080023ce       0x74 ./Drivers/STM32F1xx_HAL_Driver/Src/stm32f1xx_hal_dma.o
                0x00000000080023ce                HAL_DMA_Abort
 *fill*         0x0000000008002442        0x2 
 .text.HAL_DMA_Abort_IT
                0x0000000008002444       0xec ./Drivers/STM32F1xx_HAL_Driver/Src/stm32f1xx_hal_dma.o
                0x0000000008002444                HAL_DMA_Abort_IT
 .text.HAL_GPIO_Init
                0x0000000008002530      0x308 ./Drivers/STM32F1xx_HAL_Driver/Src/stm32f1xx_hal_gpio.o
                0x0000000008002530                HAL_GPIO_Init
 .text.HAL_GPIO_WritePin
                0x0000000008002838       0x30 ./Drivers/STM32F1xx_HAL_Driver/Src/stm32f1xx_hal_gpio.o
                0x0000000008002838                HAL_GPIO_WritePin
 .text.HAL_GPIO_TogglePin
                0x0000000008002868       0x32 ./Drivers/STM32F1xx_HAL_Driver/Src/stm32f1xx_hal_gpio.o
                0x0000000008002868                HAL_GPIO_TogglePin
 *fill*         0x000000000800289a        0x2 
 .text.HAL_GPIO_EXTI_IRQHandler
                0x000000000800289c       0x30 ./Drivers/STM32F1xx_HAL_Driver/Src/stm32f1xx_hal_gpio.o
                0x000000000800289c                HAL_GPIO_EXTI_IRQHandler
 .text.HAL_GPIO_EXTI_Callback
                0x00000000080028cc       0x14 ./Drivers/STM32F1xx_HAL_Driver/Src/stm32f1xx_hal_gpio.o
                0x00000000080028cc                HAL_GPIO_EXTI_Callback
 .text.HAL_I2C_Init
                0x00000000080028e0      0x288 ./Drivers/STM32F1xx_HAL_Driver/Src/stm32f1xx_hal_i2c.o
                0x00000000080028e0                HAL_I2C_Init
 .text.HAL_RCC_OscConfig
                0x0000000008002b68      0x504 ./Drivers/STM32F1xx_HAL_Driver/Src/stm32f1xx_hal_rcc.o
                0x0000000008002b68                HAL_RCC_OscConfig
 .text.HAL_RCC_ClockConfig
                0x000000000800306c      0x1d4 ./Drivers/STM32F1xx_HAL_Driver/Src/stm32f1xx_hal_rcc.o
                0x000000000800306c                HAL_RCC_ClockConfig
 .text.HAL_RCC_GetSysClockFreq
                0x0000000008003240       0xbc ./Drivers/STM32F1xx_HAL_Driver/Src/stm32f1xx_hal_rcc.o
                0x0000000008003240                HAL_RCC_GetSysClockFreq
 .text.HAL_RCC_GetHCLKFreq
                0x00000000080032fc       0x14 ./Drivers/STM32F1xx_HAL_Driver/Src/stm32f1xx_hal_rcc.o
                0x00000000080032fc                HAL_RCC_GetHCLKFreq
 .text.HAL_RCC_GetPCLK1Freq
                0x0000000008003310       0x28 ./Drivers/STM32F1xx_HAL_Driver/Src/stm32f1xx_hal_rcc.o
                0x0000000008003310                HAL_RCC_GetPCLK1Freq
 .text.HAL_RCC_GetPCLK2Freq
                0x0000000008003338       0x28 ./Drivers/STM32F1xx_HAL_Driver/Src/stm32f1xx_hal_rcc.o
                0x0000000008003338                HAL_RCC_GetPCLK2Freq
 .text.RCC_Delay
                0x0000000008003360       0x3c ./Drivers/STM32F1xx_HAL_Driver/Src/stm32f1xx_hal_rcc.o
 .text.HAL_RCCEx_PeriphCLKConfig
                0x000000000800339c      0x16c ./Drivers/STM32F1xx_HAL_Driver/Src/stm32f1xx_hal_rcc_ex.o
                0x000000000800339c                HAL_RCCEx_PeriphCLKConfig
 .text.HAL_TIM_PWM_Init
                0x0000000008003508       0x9e ./Drivers/STM32F1xx_HAL_Driver/Src/stm32f1xx_hal_tim.o
                0x0000000008003508                HAL_TIM_PWM_Init
 .text.HAL_TIM_Encoder_Init
                0x00000000080035a6      0x144 ./Drivers/STM32F1xx_HAL_Driver/Src/stm32f1xx_hal_tim.o
                0x00000000080035a6                HAL_TIM_Encoder_Init
 .text.HAL_TIM_Encoder_Start_IT
                0x00000000080036ea      0x15c ./Drivers/STM32F1xx_HAL_Driver/Src/stm32f1xx_hal_tim.o
                0x00000000080036ea                HAL_TIM_Encoder_Start_IT
 .text.HAL_TIM_IRQHandler
                0x0000000008003846      0x210 ./Drivers/STM32F1xx_HAL_Driver/Src/stm32f1xx_hal_tim.o
                0x0000000008003846                HAL_TIM_IRQHandler
 *fill*         0x0000000008003a56        0x2 
 .text.HAL_TIM_PWM_ConfigChannel
                0x0000000008003a58      0x17c ./Drivers/STM32F1xx_HAL_Driver/Src/stm32f1xx_hal_tim.o
                0x0000000008003a58                HAL_TIM_PWM_ConfigChannel
 .text.HAL_TIM_PeriodElapsedCallback
                0x0000000008003bd4       0x12 ./Drivers/STM32F1xx_HAL_Driver/Src/stm32f1xx_hal_tim.o
                0x0000000008003bd4                HAL_TIM_PeriodElapsedCallback
 .text.HAL_TIM_OC_DelayElapsedCallback
                0x0000000008003be6       0x12 ./Drivers/STM32F1xx_HAL_Driver/Src/stm32f1xx_hal_tim.o
                0x0000000008003be6                HAL_TIM_OC_DelayElapsedCallback
 .text.HAL_TIM_PWM_PulseFinishedCallback
                0x0000000008003bf8       0x12 ./Drivers/STM32F1xx_HAL_Driver/Src/stm32f1xx_hal_tim.o
                0x0000000008003bf8                HAL_TIM_PWM_PulseFinishedCallback
 .text.HAL_TIM_TriggerCallback
                0x0000000008003c0a       0x12 ./Drivers/STM32F1xx_HAL_Driver/Src/stm32f1xx_hal_tim.o
                0x0000000008003c0a                HAL_TIM_TriggerCallback
 .text.TIM_Base_SetConfig
                0x0000000008003c1c       0xc4 ./Drivers/STM32F1xx_HAL_Driver/Src/stm32f1xx_hal_tim.o
                0x0000000008003c1c                TIM_Base_SetConfig
 .text.TIM_OC1_SetConfig
                0x0000000008003ce0       0xcc ./Drivers/STM32F1xx_HAL_Driver/Src/stm32f1xx_hal_tim.o
 .text.TIM_OC2_SetConfig
                0x0000000008003dac       0xd4 ./Drivers/STM32F1xx_HAL_Driver/Src/stm32f1xx_hal_tim.o
                0x0000000008003dac                TIM_OC2_SetConfig
 .text.TIM_OC3_SetConfig
                0x0000000008003e80       0xd4 ./Drivers/STM32F1xx_HAL_Driver/Src/stm32f1xx_hal_tim.o
 .text.TIM_OC4_SetConfig
                0x0000000008003f54       0x9c ./Drivers/STM32F1xx_HAL_Driver/Src/stm32f1xx_hal_tim.o
 .text.TIM_CCxChannelCmd
                0x0000000008003ff0       0x48 ./Drivers/STM32F1xx_HAL_Driver/Src/stm32f1xx_hal_tim.o
                0x0000000008003ff0                TIM_CCxChannelCmd
 .text.HAL_TIMEx_MasterConfigSynchronization
                0x0000000008004038       0xbc ./Drivers/STM32F1xx_HAL_Driver/Src/stm32f1xx_hal_tim_ex.o
                0x0000000008004038                HAL_TIMEx_MasterConfigSynchronization
 .text.HAL_TIMEx_CommutCallback
                0x00000000080040f4       0x12 ./Drivers/STM32F1xx_HAL_Driver/Src/stm32f1xx_hal_tim_ex.o
                0x00000000080040f4                HAL_TIMEx_CommutCallback
 .text.HAL_TIMEx_BreakCallback
                0x0000000008004106       0x12 ./Drivers/STM32F1xx_HAL_Driver/Src/stm32f1xx_hal_tim_ex.o
                0x0000000008004106                HAL_TIMEx_BreakCallback
 .text.HAL_UART_Init
                0x0000000008004118       0x9a ./Drivers/STM32F1xx_HAL_Driver/Src/stm32f1xx_hal_uart.o
                0x0000000008004118                HAL_UART_Init
 *fill*         0x00000000080041b2        0x2 
 .text.HAL_UART_IRQHandler
                0x00000000080041b4      0x354 ./Drivers/STM32F1xx_HAL_Driver/Src/stm32f1xx_hal_uart.o
                0x00000000080041b4                HAL_UART_IRQHandler
 .text.HAL_UART_TxCpltCallback
                0x0000000008004508       0x12 ./Drivers/STM32F1xx_HAL_Driver/Src/stm32f1xx_hal_uart.o
                0x0000000008004508                HAL_UART_TxCpltCallback
 .text.HAL_UART_RxCpltCallback
                0x000000000800451a       0x12 ./Drivers/STM32F1xx_HAL_Driver/Src/stm32f1xx_hal_uart.o
                0x000000000800451a                HAL_UART_RxCpltCallback
 .text.HAL_UART_ErrorCallback
                0x000000000800452c       0x12 ./Drivers/STM32F1xx_HAL_Driver/Src/stm32f1xx_hal_uart.o
                0x000000000800452c                HAL_UART_ErrorCallback
 .text.HAL_UARTEx_RxEventCallback
                0x000000000800453e       0x16 ./Drivers/STM32F1xx_HAL_Driver/Src/stm32f1xx_hal_uart.o
                0x000000000800453e                HAL_UARTEx_RxEventCallback
 .text.UART_EndRxTransfer
                0x0000000008004554       0x58 ./Drivers/STM32F1xx_HAL_Driver/Src/stm32f1xx_hal_uart.o
 .text.UART_DMAAbortOnError
                0x00000000080045ac       0x28 ./Drivers/STM32F1xx_HAL_Driver/Src/stm32f1xx_hal_uart.o
 .text.UART_Transmit_IT
                0x00000000080045d4       0x9e ./Drivers/STM32F1xx_HAL_Driver/Src/stm32f1xx_hal_uart.o
 .text.UART_EndTransmit_IT
                0x0000000008004672       0x30 ./Drivers/STM32F1xx_HAL_Driver/Src/stm32f1xx_hal_uart.o
 .text.UART_Receive_IT
                0x00000000080046a2      0x152 ./Drivers/STM32F1xx_HAL_Driver/Src/stm32f1xx_hal_uart.o
 .text.UART_SetConfig
                0x00000000080047f4      0x11c ./Drivers/STM32F1xx_HAL_Driver/Src/stm32f1xx_hal_uart.o
 .text.__libc_init_array
                0x0000000008004910       0x48 c:/st/stm32cubeide_1.7.0/stm32cubeide/plugins/com.st.stm32cube.ide.mcu.externaltools.gnu-tools-for-stm32.10.3-2021.10.win32_1.0.0.202111181127/tools/bin/../lib/gcc/arm-none-eabi/10.3.1/../../../../arm-none-eabi/lib/thumb/v7-m/nofp\libc_nano.a(lib_a-init.o)
                0x0000000008004910                __libc_init_array
 .text.memset   0x0000000008004958       0x10 c:/st/stm32cubeide_1.7.0/stm32cubeide/plugins/com.st.stm32cube.ide.mcu.externaltools.gnu-tools-for-stm32.10.3-2021.10.win32_1.0.0.202111181127/tools/bin/../lib/gcc/arm-none-eabi/10.3.1/../../../../arm-none-eabi/lib/thumb/v7-m/nofp\libc_nano.a(lib_a-memset.o)
                0x0000000008004958                memset
 *(.glue_7)
 .glue_7        0x0000000008004968        0x0 linker stubs
 *(.glue_7t)
 .glue_7t       0x0000000008004968        0x0 linker stubs
 *(.eh_frame)
 .eh_frame      0x0000000008004968        0x0 c:/st/stm32cubeide_1.7.0/stm32cubeide/plugins/com.st.stm32cube.ide.mcu.externaltools.gnu-tools-for-stm32.10.3-2021.10.win32_1.0.0.202111181127/tools/bin/../lib/gcc/arm-none-eabi/10.3.1/thumb/v7-m/nofp/crtbegin.o
 *(.init)
 .init          0x0000000008004968        0x4 c:/st/stm32cubeide_1.7.0/stm32cubeide/plugins/com.st.stm32cube.ide.mcu.externaltools.gnu-tools-for-stm32.10.3-2021.10.win32_1.0.0.202111181127/tools/bin/../lib/gcc/arm-none-eabi/10.3.1/thumb/v7-m/nofp/crti.o
                0x0000000008004968                _init
 .init          0x000000000800496c        0x8 c:/st/stm32cubeide_1.7.0/stm32cubeide/plugins/com.st.stm32cube.ide.mcu.externaltools.gnu-tools-for-stm32.10.3-2021.10.win32_1.0.0.202111181127/tools/bin/../lib/gcc/arm-none-eabi/10.3.1/thumb/v7-m/nofp/crtn.o
 *(.fini)
 .fini          0x0000000008004974        0x4 c:/st/stm32cubeide_1.7.0/stm32cubeide/plugins/com.st.stm32cube.ide.mcu.externaltools.gnu-tools-for-stm32.10.3-2021.10.win32_1.0.0.202111181127/tools/bin/../lib/gcc/arm-none-eabi/10.3.1/thumb/v7-m/nofp/crti.o
                0x0000000008004974                _fini
 .fini          0x0000000008004978        0x8 c:/st/stm32cubeide_1.7.0/stm32cubeide/plugins/com.st.stm32cube.ide.mcu.externaltools.gnu-tools-for-stm32.10.3-2021.10.win32_1.0.0.202111181127/tools/bin/../lib/gcc/arm-none-eabi/10.3.1/thumb/v7-m/nofp/crtn.o
                0x0000000008004980                . = ALIGN (0x4)
                0x0000000008004980                _etext = .

.vfp11_veneer   0x0000000008004980        0x0
 .vfp11_veneer  0x0000000008004980        0x0 linker stubs

.v4_bx          0x0000000008004980        0x0
 .v4_bx         0x0000000008004980        0x0 linker stubs

.iplt           0x0000000008004980        0x0
 .iplt          0x0000000008004980        0x0 c:/st/stm32cubeide_1.7.0/stm32cubeide/plugins/com.st.stm32cube.ide.mcu.externaltools.gnu-tools-for-stm32.10.3-2021.10.win32_1.0.0.202111181127/tools/bin/../lib/gcc/arm-none-eabi/10.3.1/thumb/v7-m/nofp/crtbegin.o

.rodata         0x0000000008004980       0x28
                0x0000000008004980                . = ALIGN (0x4)
 *(.rodata)
 .rodata        0x0000000008004980       0x10 ./Drivers/STM32F1xx_HAL_Driver/Src/stm32f1xx_hal_rcc.o
 *(.rodata*)
 .rodata.AHBPrescTable
                0x0000000008004990       0x10 ./Core/Src/system_stm32f1xx.o
                0x0000000008004990                AHBPrescTable
 .rodata.APBPrescTable
                0x00000000080049a0        0x8 ./Core/Src/system_stm32f1xx.o
                0x00000000080049a0                APBPrescTable
                0x00000000080049a8                . = ALIGN (0x4)

.rel.dyn        0x00000000080049a8        0x0
 .rel.iplt      0x00000000080049a8        0x0 c:/st/stm32cubeide_1.7.0/stm32cubeide/plugins/com.st.stm32cube.ide.mcu.externaltools.gnu-tools-for-stm32.10.3-2021.10.win32_1.0.0.202111181127/tools/bin/../lib/gcc/arm-none-eabi/10.3.1/thumb/v7-m/nofp/crtbegin.o

.ARM.extab      0x00000000080049a8        0x0
                0x00000000080049a8                . = ALIGN (0x4)
 *(.ARM.extab* .gnu.linkonce.armextab.*)
                0x00000000080049a8                . = ALIGN (0x4)

.ARM            0x00000000080049a8        0x0
                0x00000000080049a8                . = ALIGN (0x4)
                0x00000000080049a8                __exidx_start = .
 *(.ARM.exidx*)
                0x00000000080049a8                __exidx_end = .
                0x00000000080049a8                . = ALIGN (0x4)

.preinit_array  0x00000000080049a8        0x0
                0x00000000080049a8                . = ALIGN (0x4)
                0x00000000080049a8                PROVIDE (__preinit_array_start = .)
 *(.preinit_array*)
                0x00000000080049a8                PROVIDE (__preinit_array_end = .)
                0x00000000080049a8                . = ALIGN (0x4)

.init_array     0x00000000080049a8        0x4
                0x00000000080049a8                . = ALIGN (0x4)
                0x00000000080049a8                PROVIDE (__init_array_start = .)
 *(SORT_BY_NAME(.init_array.*))
 *(.init_array*)
 .init_array    0x00000000080049a8        0x4 c:/st/stm32cubeide_1.7.0/stm32cubeide/plugins/com.st.stm32cube.ide.mcu.externaltools.gnu-tools-for-stm32.10.3-2021.10.win32_1.0.0.202111181127/tools/bin/../lib/gcc/arm-none-eabi/10.3.1/thumb/v7-m/nofp/crtbegin.o
                0x00000000080049ac                PROVIDE (__init_array_end = .)
                0x00000000080049ac                . = ALIGN (0x4)

.fini_array     0x00000000080049ac        0x4
                0x00000000080049ac                . = ALIGN (0x4)
                [!provide]                        PROVIDE (__fini_array_start = .)
 *(SORT_BY_NAME(.fini_array.*))
 *(.fini_array*)
 .fini_array    0x00000000080049ac        0x4 c:/st/stm32cubeide_1.7.0/stm32cubeide/plugins/com.st.stm32cube.ide.mcu.externaltools.gnu-tools-for-stm32.10.3-2021.10.win32_1.0.0.202111181127/tools/bin/../lib/gcc/arm-none-eabi/10.3.1/thumb/v7-m/nofp/crtbegin.o
                [!provide]                        PROVIDE (__fini_array_end = .)
                0x00000000080049b0                . = ALIGN (0x4)
                0x00000000080049b0                _sidata = LOADADDR (.data)

.data           0x0000000020000000       0x14 load address 0x00000000080049b0
                0x0000000020000000                . = ALIGN (0x4)
                0x0000000020000000                _sdata = .
 *(.data)
 *(.data*)
 .data.datacheck
                0x0000000020000000        0x4 ./Core/Src/main.o
                0x0000000020000000                datacheck
 .data.node_id  0x0000000020000004        0x1 ./Core/Src/main.o
                0x0000000020000004                node_id
 *fill*         0x0000000020000005        0x3 
 .data.SystemCoreClock
                0x0000000020000008        0x4 ./Core/Src/system_stm32f1xx.o
                0x0000000020000008                SystemCoreClock
 .data.uwTickPrio
                0x000000002000000c        0x4 ./Drivers/STM32F1xx_HAL_Driver/Src/stm32f1xx_hal.o
                0x000000002000000c                uwTickPrio
 .data.uwTickFreq
                0x0000000020000010        0x1 ./Drivers/STM32F1xx_HAL_Driver/Src/stm32f1xx_hal.o
                0x0000000020000010                uwTickFreq
 *(.RamFunc)
 *(.RamFunc*)
                0x0000000020000014                . = ALIGN (0x4)
 *fill*         0x0000000020000011        0x3 
                0x0000000020000014                _edata = .

.igot.plt       0x0000000020000014        0x0 load address 0x00000000080049c4
 .igot.plt      0x0000000020000014        0x0 c:/st/stm32cubeide_1.7.0/stm32cubeide/plugins/com.st.stm32cube.ide.mcu.externaltools.gnu-tools-for-stm32.10.3-2021.10.win32_1.0.0.202111181127/tools/bin/../lib/gcc/arm-none-eabi/10.3.1/thumb/v7-m/nofp/crtbegin.o
                0x0000000020000014                . = ALIGN (0x4)

.bss            0x0000000020000014      0x224 load address 0x00000000080049c4
                0x0000000020000014                _sbss = .
                0x0000000020000014                __bss_start__ = _sbss
 *(.bss)
 .bss           0x0000000020000014       0x1c c:/st/stm32cubeide_1.7.0/stm32cubeide/plugins/com.st.stm32cube.ide.mcu.externaltools.gnu-tools-for-stm32.10.3-2021.10.win32_1.0.0.202111181127/tools/bin/../lib/gcc/arm-none-eabi/10.3.1/thumb/v7-m/nofp/crtbegin.o
 *(.bss*)
 .bss.hadc1     0x0000000020000030       0x30 ./Core/Src/main.o
                0x0000000020000030                hadc1
 .bss.hadc2     0x0000000020000060       0x30 ./Core/Src/main.o
                0x0000000020000060                hadc2
 .bss.hcan      0x0000000020000090       0x28 ./Core/Src/main.o
                0x0000000020000090                hcan
 .bss.hi2c2     0x00000000200000b8       0x54 ./Core/Src/main.o
                0x00000000200000b8                hi2c2
 .bss.htim1     0x000000002000010c       0x48 ./Core/Src/main.o
                0x000000002000010c                htim1
 .bss.htim3     0x0000000020000154       0x48 ./Core/Src/main.o
                0x0000000020000154                htim3
 .bss.huart2    0x000000002000019c       0x44 ./Core/Src/main.o
                0x000000002000019c                huart2
 .bss.tx_header
                0x00000000200001e0       0x18 ./Core/Src/main.o
                0x00000000200001e0                tx_header
 .bss.rx_header
                0x00000000200001f8       0x1c ./Core/Src/main.o
                0x00000000200001f8                rx_header
 .bss.tx_data   0x0000000020000214        0x8 ./Core/Src/main.o
                0x0000000020000214                tx_data
 .bss.rx_data   0x000000002000021c        0x8 ./Core/Src/main.o
                0x000000002000021c                rx_data
 .bss.tx_mailbox
                0x0000000020000224        0x4 ./Core/Src/main.o
                0x0000000020000224                tx_mailbox
 .bss.j         0x0000000020000228        0x4 ./Core/Src/main.o
                0x0000000020000228                j
 .bss.counter   0x000000002000022c        0x4 ./Core/Src/main.o
                0x000000002000022c                counter
 .bss.count     0x0000000020000230        0x2 ./Core/Src/main.o
                0x0000000020000230                count
 .bss.position  0x0000000020000232        0x2 ./Core/Src/main.o
                0x0000000020000232                position
 .bss.uwTick    0x0000000020000234        0x4 ./Drivers/STM32F1xx_HAL_Driver/Src/stm32f1xx_hal.o
                0x0000000020000234                uwTick
 *(COMMON)
                0x0000000020000238                . = ALIGN (0x4)
                0x0000000020000238                _ebss = .
                0x0000000020000238                __bss_end__ = _ebss

._user_heap_stack
                0x0000000020000238      0x600 load address 0x00000000080049c4
                0x0000000020000238                . = ALIGN (0x8)
                [!provide]                        PROVIDE (end = .)
                0x0000000020000238                PROVIDE (_end = .)
                0x0000000020000438                . = (. + _Min_Heap_Size)
 *fill*         0x0000000020000238      0x200 
                0x0000000020000838                . = (. + _Min_Stack_Size)
 *fill*         0x0000000020000438      0x400 
                0x0000000020000838                . = ALIGN (0x8)

/DISCARD/
 libc.a(*)
 libm.a(*)
 libgcc.a(*)

.ARM.attributes
                0x0000000000000000       0x29
 *(.ARM.attributes)
 .ARM.attributes
                0x0000000000000000       0x1d c:/st/stm32cubeide_1.7.0/stm32cubeide/plugins/com.st.stm32cube.ide.mcu.externaltools.gnu-tools-for-stm32.10.3-2021.10.win32_1.0.0.202111181127/tools/bin/../lib/gcc/arm-none-eabi/10.3.1/thumb/v7-m/nofp/crti.o
 .ARM.attributes
                0x000000000000001d       0x2d c:/st/stm32cubeide_1.7.0/stm32cubeide/plugins/com.st.stm32cube.ide.mcu.externaltools.gnu-tools-for-stm32.10.3-2021.10.win32_1.0.0.202111181127/tools/bin/../lib/gcc/arm-none-eabi/10.3.1/thumb/v7-m/nofp/crtbegin.o
 .ARM.attributes
                0x000000000000004a       0x2d ./Core/Src/main.o
 .ARM.attributes
                0x0000000000000077       0x2d ./Core/Src/stm32f1xx_hal_msp.o
 .ARM.attributes
                0x00000000000000a4       0x2d ./Core/Src/stm32f1xx_it.o
 .ARM.attributes
                0x00000000000000d1       0x2d ./Core/Src/system_stm32f1xx.o
 .ARM.attributes
                0x00000000000000fe       0x21 ./Core/Startup/startup_stm32f103rbtx.o
 .ARM.attributes
                0x000000000000011f       0x2d ./Drivers/STM32F1xx_HAL_Driver/Src/stm32f1xx_hal.o
 .ARM.attributes
                0x000000000000014c       0x2d ./Drivers/STM32F1xx_HAL_Driver/Src/stm32f1xx_hal_adc.o
 .ARM.attributes
                0x0000000000000179       0x2d ./Drivers/STM32F1xx_HAL_Driver/Src/stm32f1xx_hal_can.o
 .ARM.attributes
                0x00000000000001a6       0x2d ./Drivers/STM32F1xx_HAL_Driver/Src/stm32f1xx_hal_cortex.o
 .ARM.attributes
                0x00000000000001d3       0x2d ./Drivers/STM32F1xx_HAL_Driver/Src/stm32f1xx_hal_dma.o
 .ARM.attributes
                0x0000000000000200       0x2d ./Drivers/STM32F1xx_HAL_Driver/Src/stm32f1xx_hal_gpio.o
 .ARM.attributes
                0x000000000000022d       0x2d ./Drivers/STM32F1xx_HAL_Driver/Src/stm32f1xx_hal_i2c.o
 .ARM.attributes
                0x000000000000025a       0x2d ./Drivers/STM32F1xx_HAL_Driver/Src/stm32f1xx_hal_rcc.o
 .ARM.attributes
                0x0000000000000287       0x2d ./Drivers/STM32F1xx_HAL_Driver/Src/stm32f1xx_hal_rcc_ex.o
 .ARM.attributes
                0x00000000000002b4       0x2d ./Drivers/STM32F1xx_HAL_Driver/Src/stm32f1xx_hal_tim.o
 .ARM.attributes
                0x00000000000002e1       0x2d ./Drivers/STM32F1xx_HAL_Driver/Src/stm32f1xx_hal_tim_ex.o
 .ARM.attributes
                0x000000000000030e       0x2d ./Drivers/STM32F1xx_HAL_Driver/Src/stm32f1xx_hal_uart.o
 .ARM.attributes
                0x000000000000033b       0x2d c:/st/stm32cubeide_1.7.0/stm32cubeide/plugins/com.st.stm32cube.ide.mcu.externaltools.gnu-tools-for-stm32.10.3-2021.10.win32_1.0.0.202111181127/tools/bin/../lib/gcc/arm-none-eabi/10.3.1/../../../../arm-none-eabi/lib/thumb/v7-m/nofp\libc_nano.a(lib_a-init.o)
 .ARM.attributes
                0x0000000000000368       0x2d c:/st/stm32cubeide_1.7.0/stm32cubeide/plugins/com.st.stm32cube.ide.mcu.externaltools.gnu-tools-for-stm32.10.3-2021.10.win32_1.0.0.202111181127/tools/bin/../lib/gcc/arm-none-eabi/10.3.1/../../../../arm-none-eabi/lib/thumb/v7-m/nofp\libc_nano.a(lib_a-memset.o)
 .ARM.attributes
                0x0000000000000395       0x1d c:/st/stm32cubeide_1.7.0/stm32cubeide/plugins/com.st.stm32cube.ide.mcu.externaltools.gnu-tools-for-stm32.10.3-2021.10.win32_1.0.0.202111181127/tools/bin/../lib/gcc/arm-none-eabi/10.3.1/thumb/v7-m/nofp/crtn.o
OUTPUT(CANControl.elf elf32-littlearm)
LOAD linker stubs
LOAD c:/st/stm32cubeide_1.7.0/stm32cubeide/plugins/com.st.stm32cube.ide.mcu.externaltools.gnu-tools-for-stm32.10.3-2021.10.win32_1.0.0.202111181127/tools/bin/../lib/gcc/arm-none-eabi/10.3.1/../../../../arm-none-eabi/lib/thumb/v7-m/nofp\libc.a
LOAD c:/st/stm32cubeide_1.7.0/stm32cubeide/plugins/com.st.stm32cube.ide.mcu.externaltools.gnu-tools-for-stm32.10.3-2021.10.win32_1.0.0.202111181127/tools/bin/../lib/gcc/arm-none-eabi/10.3.1/../../../../arm-none-eabi/lib/thumb/v7-m/nofp\libm.a
LOAD c:/st/stm32cubeide_1.7.0/stm32cubeide/plugins/com.st.stm32cube.ide.mcu.externaltools.gnu-tools-for-stm32.10.3-2021.10.win32_1.0.0.202111181127/tools/bin/../lib/gcc/arm-none-eabi/10.3.1/thumb/v7-m/nofp\libgcc.a

.debug_info     0x0000000000000000    0x10e74
 .debug_info    0x0000000000000000     0x208c ./Core/Src/main.o
 .debug_info    0x000000000000208c     0x1926 ./Core/Src/stm32f1xx_hal_msp.o
 .debug_info    0x00000000000039b2      0xded ./Core/Src/stm32f1xx_it.o
 .debug_info    0x000000000000479f      0x23d ./Core/Src/system_stm32f1xx.o
 .debug_info    0x00000000000049dc       0x22 ./Core/Startup/startup_stm32f103rbtx.o
 .debug_info    0x00000000000049fe      0x734 ./Drivers/STM32F1xx_HAL_Driver/Src/stm32f1xx_hal.o
 .debug_info    0x0000000000005132      0xcd9 ./Drivers/STM32F1xx_HAL_Driver/Src/stm32f1xx_hal_adc.o
 .debug_info    0x0000000000005e0b      0xfb8 ./Drivers/STM32F1xx_HAL_Driver/Src/stm32f1xx_hal_can.o
 .debug_info    0x0000000000006dc3      0xb20 ./Drivers/STM32F1xx_HAL_Driver/Src/stm32f1xx_hal_cortex.o
 .debug_info    0x00000000000078e3      0x73f ./Drivers/STM32F1xx_HAL_Driver/Src/stm32f1xx_hal_dma.o
 .debug_info    0x0000000000008022      0x615 ./Drivers/STM32F1xx_HAL_Driver/Src/stm32f1xx_hal_gpio.o
 .debug_info    0x0000000000008637     0x2734 ./Drivers/STM32F1xx_HAL_Driver/Src/stm32f1xx_hal_i2c.o
 .debug_info    0x000000000000ad6b      0x860 ./Drivers/STM32F1xx_HAL_Driver/Src/stm32f1xx_hal_rcc.o
 .debug_info    0x000000000000b5cb      0x3e0 ./Drivers/STM32F1xx_HAL_Driver/Src/stm32f1xx_hal_rcc_ex.o
 .debug_info    0x000000000000b9ab     0x29de ./Drivers/STM32F1xx_HAL_Driver/Src/stm32f1xx_hal_tim.o
 .debug_info    0x000000000000e389     0x1513 ./Drivers/STM32F1xx_HAL_Driver/Src/stm32f1xx_hal_tim_ex.o
 .debug_info    0x000000000000f89c     0x15d8 ./Drivers/STM32F1xx_HAL_Driver/Src/stm32f1xx_hal_uart.o

.debug_abbrev   0x0000000000000000     0x23de
 .debug_abbrev  0x0000000000000000      0x370 ./Core/Src/main.o
 .debug_abbrev  0x0000000000000370      0x261 ./Core/Src/stm32f1xx_hal_msp.o
 .debug_abbrev  0x00000000000005d1      0x206 ./Core/Src/stm32f1xx_it.o
 .debug_abbrev  0x00000000000007d7      0x13b ./Core/Src/system_stm32f1xx.o
 .debug_abbrev  0x0000000000000912       0x12 ./Core/Startup/startup_stm32f103rbtx.o
 .debug_abbrev  0x0000000000000924      0x1fb ./Drivers/STM32F1xx_HAL_Driver/Src/stm32f1xx_hal.o
 .debug_abbrev  0x0000000000000b1f      0x210 ./Drivers/STM32F1xx_HAL_Driver/Src/stm32f1xx_hal_adc.o
 .debug_abbrev  0x0000000000000d2f      0x21d ./Drivers/STM32F1xx_HAL_Driver/Src/stm32f1xx_hal_can.o
 .debug_abbrev  0x0000000000000f4c      0x2ed ./Drivers/STM32F1xx_HAL_Driver/Src/stm32f1xx_hal_cortex.o
 .debug_abbrev  0x0000000000001239      0x1fe ./Drivers/STM32F1xx_HAL_Driver/Src/stm32f1xx_hal_dma.o
 .debug_abbrev  0x0000000000001437      0x1bb ./Drivers/STM32F1xx_HAL_Driver/Src/stm32f1xx_hal_gpio.o
 .debug_abbrev  0x00000000000015f2      0x288 ./Drivers/STM32F1xx_HAL_Driver/Src/stm32f1xx_hal_i2c.o
 .debug_abbrev  0x000000000000187a      0x2a8 ./Drivers/STM32F1xx_HAL_Driver/Src/stm32f1xx_hal_rcc.o
 .debug_abbrev  0x0000000000001b22      0x182 ./Drivers/STM32F1xx_HAL_Driver/Src/stm32f1xx_hal_rcc_ex.o
 .debug_abbrev  0x0000000000001ca4      0x25d ./Drivers/STM32F1xx_HAL_Driver/Src/stm32f1xx_hal_tim.o
 .debug_abbrev  0x0000000000001f01      0x265 ./Drivers/STM32F1xx_HAL_Driver/Src/stm32f1xx_hal_tim_ex.o
 .debug_abbrev  0x0000000000002166      0x278 ./Drivers/STM32F1xx_HAL_Driver/Src/stm32f1xx_hal_uart.o

.debug_aranges  0x0000000000000000     0x1188
 .debug_aranges
                0x0000000000000000       0xa0 ./Core/Src/main.o
 .debug_aranges
                0x00000000000000a0       0x88 ./Core/Src/stm32f1xx_hal_msp.o
 .debug_aranges
                0x0000000000000128       0x98 ./Core/Src/stm32f1xx_it.o
 .debug_aranges
                0x00000000000001c0       0x28 ./Core/Src/system_stm32f1xx.o
 .debug_aranges
                0x00000000000001e8       0x28 ./Core/Startup/startup_stm32f103rbtx.o
 .debug_aranges
                0x0000000000000210       0xe0 ./Drivers/STM32F1xx_HAL_Driver/Src/stm32f1xx_hal.o
 .debug_aranges
                0x00000000000002f0       0xf0 ./Drivers/STM32F1xx_HAL_Driver/Src/stm32f1xx_hal_adc.o
 .debug_aranges
                0x00000000000003e0      0x138 ./Drivers/STM32F1xx_HAL_Driver/Src/stm32f1xx_hal_can.o
 .debug_aranges
                0x0000000000000518      0x100 ./Drivers/STM32F1xx_HAL_Driver/Src/stm32f1xx_hal_cortex.o
 .debug_aranges
                0x0000000000000618       0x80 ./Drivers/STM32F1xx_HAL_Driver/Src/stm32f1xx_hal_dma.o
 .debug_aranges
                0x0000000000000698       0x58 ./Drivers/STM32F1xx_HAL_Driver/Src/stm32f1xx_hal_gpio.o
 .debug_aranges
                0x00000000000006f0      0x2a0 ./Drivers/STM32F1xx_HAL_Driver/Src/stm32f1xx_hal_i2c.o
 .debug_aranges
                0x0000000000000990       0x90 ./Drivers/STM32F1xx_HAL_Driver/Src/stm32f1xx_hal_rcc.o
 .debug_aranges
                0x0000000000000a20       0x30 ./Drivers/STM32F1xx_HAL_Driver/Src/stm32f1xx_hal_rcc_ex.o
 .debug_aranges
                0x0000000000000a50      0x3d0 ./Drivers/STM32F1xx_HAL_Driver/Src/stm32f1xx_hal_tim.o
 .debug_aranges
                0x0000000000000e20      0x168 ./Drivers/STM32F1xx_HAL_Driver/Src/stm32f1xx_hal_tim_ex.o
 .debug_aranges
                0x0000000000000f88      0x200 ./Drivers/STM32F1xx_HAL_Driver/Src/stm32f1xx_hal_uart.o

.debug_ranges   0x0000000000000000     0x10d8
 .debug_ranges  0x0000000000000000       0x90 ./Core/Src/main.o
 .debug_ranges  0x0000000000000090       0x78 ./Core/Src/stm32f1xx_hal_msp.o
 .debug_ranges  0x0000000000000108       0x88 ./Core/Src/stm32f1xx_it.o
 .debug_ranges  0x0000000000000190       0x18 ./Core/Src/system_stm32f1xx.o
 .debug_ranges  0x00000000000001a8       0x20 ./Core/Startup/startup_stm32f103rbtx.o
 .debug_ranges  0x00000000000001c8       0xd0 ./Drivers/STM32F1xx_HAL_Driver/Src/stm32f1xx_hal.o
 .debug_ranges  0x0000000000000298       0xe0 ./Drivers/STM32F1xx_HAL_Driver/Src/stm32f1xx_hal_adc.o
 .debug_ranges  0x0000000000000378      0x128 ./Drivers/STM32F1xx_HAL_Driver/Src/stm32f1xx_hal_can.o
 .debug_ranges  0x00000000000004a0       0xf0 ./Drivers/STM32F1xx_HAL_Driver/Src/stm32f1xx_hal_cortex.o
 .debug_ranges  0x0000000000000590       0x70 ./Drivers/STM32F1xx_HAL_Driver/Src/stm32f1xx_hal_dma.o
 .debug_ranges  0x0000000000000600       0x48 ./Drivers/STM32F1xx_HAL_Driver/Src/stm32f1xx_hal_gpio.o
 .debug_ranges  0x0000000000000648      0x2b8 ./Drivers/STM32F1xx_HAL_Driver/Src/stm32f1xx_hal_i2c.o
 .debug_ranges  0x0000000000000900       0x80 ./Drivers/STM32F1xx_HAL_Driver/Src/stm32f1xx_hal_rcc.o
 .debug_ranges  0x0000000000000980       0x20 ./Drivers/STM32F1xx_HAL_Driver/Src/stm32f1xx_hal_rcc_ex.o
 .debug_ranges  0x00000000000009a0      0x3c0 ./Drivers/STM32F1xx_HAL_Driver/Src/stm32f1xx_hal_tim.o
 .debug_ranges  0x0000000000000d60      0x158 ./Drivers/STM32F1xx_HAL_Driver/Src/stm32f1xx_hal_tim_ex.o
 .debug_ranges  0x0000000000000eb8      0x220 ./Drivers/STM32F1xx_HAL_Driver/Src/stm32f1xx_hal_uart.o

.debug_macro    0x0000000000000000    0x18330
 .debug_macro   0x0000000000000000      0x1da ./Core/Src/main.o
 .debug_macro   0x00000000000001da      0xa6c ./Core/Src/main.o
 .debug_macro   0x0000000000000c46      0x22d ./Core/Src/main.o
 .debug_macro   0x0000000000000e73       0x2e ./Core/Src/main.o
 .debug_macro   0x0000000000000ea1       0x22 ./Core/Src/main.o
 .debug_macro   0x0000000000000ec3       0x22 ./Core/Src/main.o
 .debug_macro   0x0000000000000ee5       0x8e ./Core/Src/main.o
 .debug_macro   0x0000000000000f73       0x51 ./Core/Src/main.o
 .debug_macro   0x0000000000000fc4      0x103 ./Core/Src/main.o
 .debug_macro   0x00000000000010c7       0x6a ./Core/Src/main.o
 .debug_macro   0x0000000000001131      0x1df ./Core/Src/main.o
 .debug_macro   0x0000000000001310       0x1c ./Core/Src/main.o
 .debug_macro   0x000000000000132c       0x22 ./Core/Src/main.o
 .debug_macro   0x000000000000134e       0xbd ./Core/Src/main.o
 .debug_macro   0x000000000000140b      0xd23 ./Core/Src/main.o
 .debug_macro   0x000000000000212e     0xe09e ./Core/Src/main.o
 .debug_macro   0x00000000000101cc       0x6d ./Core/Src/main.o
 .debug_macro   0x0000000000010239     0x3468 ./Core/Src/main.o
 .debug_macro   0x00000000000136a1      0x174 ./Core/Src/main.o
 .debug_macro   0x0000000000013815       0x5c ./Core/Src/main.o
 .debug_macro   0x0000000000013871      0x5be ./Core/Src/main.o
 .debug_macro   0x0000000000013e2f      0x289 ./Core/Src/main.o
 .debug_macro   0x00000000000140b8      0x1cb ./Core/Src/main.o
 .debug_macro   0x0000000000014283      0x114 ./Core/Src/main.o
 .debug_macro   0x0000000000014397      0x1b2 ./Core/Src/main.o
 .debug_macro   0x0000000000014549       0x27 ./Core/Src/main.o
 .debug_macro   0x0000000000014570      0x136 ./Core/Src/main.o
 .debug_macro   0x00000000000146a6      0x1bc ./Core/Src/main.o
 .debug_macro   0x0000000000014862       0x34 ./Core/Src/main.o
 .debug_macro   0x0000000000014896       0x3c ./Core/Src/main.o
 .debug_macro   0x00000000000148d2      0x408 ./Core/Src/main.o
 .debug_macro   0x0000000000014cda       0x57 ./Core/Src/main.o
 .debug_macro   0x0000000000014d31      0x46a ./Core/Src/main.o
 .debug_macro   0x000000000001519b      0x1b5 ./Core/Src/main.o
 .debug_macro   0x0000000000015350       0x88 ./Core/Src/main.o
 .debug_macro   0x00000000000153d8      0x241 ./Core/Src/main.o
 .debug_macro   0x0000000000015619      0x287 ./Core/Src/main.o
 .debug_macro   0x00000000000158a0      0x141 ./Core/Src/main.o
 .debug_macro   0x00000000000159e1      0x8d1 ./Core/Src/main.o
 .debug_macro   0x00000000000162b2      0x279 ./Core/Src/main.o
 .debug_macro   0x000000000001652b       0x83 ./Core/Src/main.o
 .debug_macro   0x00000000000165ae      0x166 ./Core/Src/main.o
 .debug_macro   0x0000000000016714      0x1da ./Core/Src/stm32f1xx_hal_msp.o
 .debug_macro   0x00000000000168ee      0x1e4 ./Core/Src/stm32f1xx_it.o
 .debug_macro   0x0000000000016ad2      0x1cb ./Core/Src/system_stm32f1xx.o
 .debug_macro   0x0000000000016c9d      0x1ef ./Drivers/STM32F1xx_HAL_Driver/Src/stm32f1xx_hal.o
 .debug_macro   0x0000000000016e8c      0x1e8 ./Drivers/STM32F1xx_HAL_Driver/Src/stm32f1xx_hal_adc.o
 .debug_macro   0x0000000000017074      0x1d3 ./Drivers/STM32F1xx_HAL_Driver/Src/stm32f1xx_hal_can.o
 .debug_macro   0x0000000000017247      0x1cb ./Drivers/STM32F1xx_HAL_Driver/Src/stm32f1xx_hal_cortex.o
 .debug_macro   0x0000000000017412      0x1cb ./Drivers/STM32F1xx_HAL_Driver/Src/stm32f1xx_hal_dma.o
 .debug_macro   0x00000000000175dd      0x236 ./Drivers/STM32F1xx_HAL_Driver/Src/stm32f1xx_hal_gpio.o
 .debug_macro   0x0000000000017813      0x212 ./Drivers/STM32F1xx_HAL_Driver/Src/stm32f1xx_hal_i2c.o
 .debug_macro   0x0000000000017a25      0x1dd ./Drivers/STM32F1xx_HAL_Driver/Src/stm32f1xx_hal_rcc.o
 .debug_macro   0x0000000000017c02      0x1cb ./Drivers/STM32F1xx_HAL_Driver/Src/stm32f1xx_hal_rcc_ex.o
 .debug_macro   0x0000000000017dcd      0x1cc ./Drivers/STM32F1xx_HAL_Driver/Src/stm32f1xx_hal_tim.o
 .debug_macro   0x0000000000017f99      0x1cb ./Drivers/STM32F1xx_HAL_Driver/Src/stm32f1xx_hal_tim_ex.o
 .debug_macro   0x0000000000018164      0x1cc ./Drivers/STM32F1xx_HAL_Driver/Src/stm32f1xx_hal_uart.o

.debug_line     0x0000000000000000    0x128d5
 .debug_line    0x0000000000000000      0xb56 ./Core/Src/main.o
 .debug_line    0x0000000000000b56      0x8ea ./Core/Src/stm32f1xx_hal_msp.o
 .debug_line    0x0000000000001440      0x837 ./Core/Src/stm32f1xx_it.o
 .debug_line    0x0000000000001c77      0x74b ./Core/Src/system_stm32f1xx.o
 .debug_line    0x00000000000023c2       0x87 ./Core/Startup/startup_stm32f103rbtx.o
 .debug_line    0x0000000000002449      0x978 ./Drivers/STM32F1xx_HAL_Driver/Src/stm32f1xx_hal.o
 .debug_line    0x0000000000002dc1      0xfef ./Drivers/STM32F1xx_HAL_Driver/Src/stm32f1xx_hal_adc.o
 .debug_line    0x0000000000003db0     0x1119 ./Drivers/STM32F1xx_HAL_Driver/Src/stm32f1xx_hal_can.o
 .debug_line    0x0000000000004ec9      0xb60 ./Drivers/STM32F1xx_HAL_Driver/Src/stm32f1xx_hal_cortex.o
 .debug_line    0x0000000000005a29      0xdd0 ./Drivers/STM32F1xx_HAL_Driver/Src/stm32f1xx_hal_dma.o
 .debug_line    0x00000000000067f9      0xa0f ./Drivers/STM32F1xx_HAL_Driver/Src/stm32f1xx_hal_gpio.o
 .debug_line    0x0000000000007208     0x3a62 ./Drivers/STM32F1xx_HAL_Driver/Src/stm32f1xx_hal_i2c.o
 .debug_line    0x000000000000ac6a      0xd86 ./Drivers/STM32F1xx_HAL_Driver/Src/stm32f1xx_hal_rcc.o
 .debug_line    0x000000000000b9f0      0x8c4 ./Drivers/STM32F1xx_HAL_Driver/Src/stm32f1xx_hal_rcc_ex.o
 .debug_line    0x000000000000c2b4     0x332e ./Drivers/STM32F1xx_HAL_Driver/Src/stm32f1xx_hal_tim.o
 .debug_line    0x000000000000f5e2     0x18a0 ./Drivers/STM32F1xx_HAL_Driver/Src/stm32f1xx_hal_tim_ex.o
 .debug_line    0x0000000000010e82     0x1a53 ./Drivers/STM32F1xx_HAL_Driver/Src/stm32f1xx_hal_uart.o

.debug_str      0x0000000000000000    0x90b0b
 .debug_str     0x0000000000000000    0x8d060 ./Core/Src/main.o
                                      0x8d5c4 (size before relaxing)
 .debug_str     0x000000000008d060      0x180 ./Core/Src/stm32f1xx_hal_msp.o
                                      0x8ceff (size before relaxing)
 .debug_str     0x000000000008d1e0      0x18e ./Core/Src/stm32f1xx_it.o
                                      0x8c7ff (size before relaxing)
 .debug_str     0x000000000008d36e       0x7e ./Core/Src/system_stm32f1xx.o
                                      0x8b737 (size before relaxing)
 .debug_str     0x000000000008d3ec       0x36 ./Core/Startup/startup_stm32f103rbtx.o
                                         0x70 (size before relaxing)
 .debug_str     0x000000000008d422      0x384 ./Drivers/STM32F1xx_HAL_Driver/Src/stm32f1xx_hal.o
                                      0x8be6a (size before relaxing)
 .debug_str     0x000000000008d7a6      0x391 ./Drivers/STM32F1xx_HAL_Driver/Src/stm32f1xx_hal_adc.o
                                      0x8be14 (size before relaxing)
 .debug_str     0x000000000008db37      0x3b3 ./Drivers/STM32F1xx_HAL_Driver/Src/stm32f1xx_hal_can.o
                                      0x8bf37 (size before relaxing)
 .debug_str     0x000000000008deea      0x26c ./Drivers/STM32F1xx_HAL_Driver/Src/stm32f1xx_hal_cortex.o
                                      0x8bdb6 (size before relaxing)
 .debug_str     0x000000000008e156      0x216 ./Drivers/STM32F1xx_HAL_Driver/Src/stm32f1xx_hal_dma.o
                                      0x8bae0 (size before relaxing)
 .debug_str     0x000000000008e36c      0x2b5 ./Drivers/STM32F1xx_HAL_Driver/Src/stm32f1xx_hal_gpio.o
                                      0x8babd (size before relaxing)
 .debug_str     0x000000000008e621      0xb49 ./Drivers/STM32F1xx_HAL_Driver/Src/stm32f1xx_hal_i2c.o
                                      0x8c7ab (size before relaxing)
 .debug_str     0x000000000008f16a      0x209 ./Drivers/STM32F1xx_HAL_Driver/Src/stm32f1xx_hal_rcc.o
                                      0x8bb66 (size before relaxing)
 .debug_str     0x000000000008f373       0x84 ./Drivers/STM32F1xx_HAL_Driver/Src/stm32f1xx_hal_rcc_ex.o
                                      0x8b8b6 (size before relaxing)
 .debug_str     0x000000000008f3f7      0xcc5 ./Drivers/STM32F1xx_HAL_Driver/Src/stm32f1xx_hal_tim.o
                                      0x8cb51 (size before relaxing)
 .debug_str     0x00000000000900bc      0x493 ./Drivers/STM32F1xx_HAL_Driver/Src/stm32f1xx_hal_tim_ex.o
                                      0x8c36d (size before relaxing)
 .debug_str     0x000000000009054f      0x5bc ./Drivers/STM32F1xx_HAL_Driver/Src/stm32f1xx_hal_uart.o
                                      0x8c171 (size before relaxing)

.comment        0x0000000000000000       0x50
 .comment       0x0000000000000000       0x50 ./Core/Src/main.o
                                         0x51 (size before relaxing)
 .comment       0x0000000000000050       0x51 ./Core/Src/stm32f1xx_hal_msp.o
 .comment       0x0000000000000050       0x51 ./Core/Src/stm32f1xx_it.o
 .comment       0x0000000000000050       0x51 ./Core/Src/system_stm32f1xx.o
 .comment       0x0000000000000050       0x51 ./Drivers/STM32F1xx_HAL_Driver/Src/stm32f1xx_hal.o
 .comment       0x0000000000000050       0x51 ./Drivers/STM32F1xx_HAL_Driver/Src/stm32f1xx_hal_adc.o
 .comment       0x0000000000000050       0x51 ./Drivers/STM32F1xx_HAL_Driver/Src/stm32f1xx_hal_can.o
 .comment       0x0000000000000050       0x51 ./Drivers/STM32F1xx_HAL_Driver/Src/stm32f1xx_hal_cortex.o
 .comment       0x0000000000000050       0x51 ./Drivers/STM32F1xx_HAL_Driver/Src/stm32f1xx_hal_dma.o
 .comment       0x0000000000000050       0x51 ./Drivers/STM32F1xx_HAL_Driver/Src/stm32f1xx_hal_gpio.o
 .comment       0x0000000000000050       0x51 ./Drivers/STM32F1xx_HAL_Driver/Src/stm32f1xx_hal_i2c.o
 .comment       0x0000000000000050       0x51 ./Drivers/STM32F1xx_HAL_Driver/Src/stm32f1xx_hal_rcc.o
 .comment       0x0000000000000050       0x51 ./Drivers/STM32F1xx_HAL_Driver/Src/stm32f1xx_hal_rcc_ex.o
 .comment       0x0000000000000050       0x51 ./Drivers/STM32F1xx_HAL_Driver/Src/stm32f1xx_hal_tim.o
 .comment       0x0000000000000050       0x51 ./Drivers/STM32F1xx_HAL_Driver/Src/stm32f1xx_hal_tim_ex.o
 .comment       0x0000000000000050       0x51 ./Drivers/STM32F1xx_HAL_Driver/Src/stm32f1xx_hal_uart.o

.debug_frame    0x0000000000000000     0x4b24
 .debug_frame   0x0000000000000000      0x248 ./Core/Src/main.o
 .debug_frame   0x0000000000000248      0x214 ./Core/Src/stm32f1xx_hal_msp.o
 .debug_frame   0x000000000000045c      0x1c8 ./Core/Src/stm32f1xx_it.o
 .debug_frame   0x0000000000000624       0x58 ./Core/Src/system_stm32f1xx.o
 .debug_frame   0x000000000000067c      0x334 ./Drivers/STM32F1xx_HAL_Driver/Src/stm32f1xx_hal.o
 .debug_frame   0x00000000000009b0      0x40c ./Drivers/STM32F1xx_HAL_Driver/Src/stm32f1xx_hal_adc.o
 .debug_frame   0x0000000000000dbc      0x5a0 ./Drivers/STM32F1xx_HAL_Driver/Src/stm32f1xx_hal_can.o
 .debug_frame   0x000000000000135c      0x428 ./Drivers/STM32F1xx_HAL_Driver/Src/stm32f1xx_hal_cortex.o
 .debug_frame   0x0000000000001784      0x208 ./Drivers/STM32F1xx_HAL_Driver/Src/stm32f1xx_hal_dma.o
 .debug_frame   0x000000000000198c      0x14c ./Drivers/STM32F1xx_HAL_Driver/Src/stm32f1xx_hal_gpio.o
 .debug_frame   0x0000000000001ad8      0xc5c ./Drivers/STM32F1xx_HAL_Driver/Src/stm32f1xx_hal_i2c.o
 .debug_frame   0x0000000000002734      0x21c ./Drivers/STM32F1xx_HAL_Driver/Src/stm32f1xx_hal_rcc.o
 .debug_frame   0x0000000000002950       0x84 ./Drivers/STM32F1xx_HAL_Driver/Src/stm32f1xx_hal_rcc_ex.o
 .debug_frame   0x00000000000029d4     0x11b8 ./Drivers/STM32F1xx_HAL_Driver/Src/stm32f1xx_hal_tim.o
 .debug_frame   0x0000000000003b8c      0x638 ./Drivers/STM32F1xx_HAL_Driver/Src/stm32f1xx_hal_tim_ex.o
 .debug_frame   0x00000000000041c4      0x914 ./Drivers/STM32F1xx_HAL_Driver/Src/stm32f1xx_hal_uart.o
 .debug_frame   0x0000000000004ad8       0x2c c:/st/stm32cubeide_1.7.0/stm32cubeide/plugins/com.st.stm32cube.ide.mcu.externaltools.gnu-tools-for-stm32.10.3-2021.10.win32_1.0.0.202111181127/tools/bin/../lib/gcc/arm-none-eabi/10.3.1/../../../../arm-none-eabi/lib/thumb/v7-m/nofp\libc_nano.a(lib_a-init.o)
 .debug_frame   0x0000000000004b04       0x20 c:/st/stm32cubeide_1.7.0/stm32cubeide/plugins/com.st.stm32cube.ide.mcu.externaltools.gnu-tools-for-stm32.10.3-2021.10.win32_1.0.0.202111181127/tools/bin/../lib/gcc/arm-none-eabi/10.3.1/../../../../arm-none-eabi/lib/thumb/v7-m/nofp\libc_nano.a(lib_a-memset.o)
