../Core/Src/main.c:97:6:send_data	8	static
../Core/Src/main.c:118:6:read_data	8	static
../Core/Src/main.c:133:6:HAL_CAN_RxFifo1MsgPendingCallback	16	static
../Core/Src/main.c:144:6:enable_can_control	16	static
../Core/Src/main.c:164:6:set_heading	24	static
../Core/Src/main.c:196:6:HAL_TIM_IC_CaptureCallback	16	static
../Core/Src/main.c:209:5:main	16	static
../Core/Src/main.c:318:6:SystemClock_Config	88	static
../Core/Src/main.c:365:13:MX_ADC1_Init	24	static
../Core/Src/main.c:412:13:MX_ADC2_Init	24	static
../Core/Src/main.c:459:13:MX_CAN_Init	48	static
../Core/Src/main.c:511:13:MX_I2C2_Init	8	static
../Core/Src/main.c:545:13:MX_TIM1_Init	56	static
../Core/Src/main.c:595:13:MX_TIM3_Init	48	static
../Core/Src/main.c:652:13:MX_USART2_UART_Init	8	static
../Core/Src/main.c:685:13:MX_GPIO_Init	40	static
../Core/Src/main.c:760:6:Error_Handler	4	static,ignoring_inline_asm
