new:173:33:void* operator new(std::size_t, void*)	16	static
stl_list.h:109:7:std::__detail::_List_node_header::_List_node_header()	16	static
stl_list.h:149:7:void std::__detail::_List_node_header::_M_init()	16	static
comms.hpp:36:6:void HAL_UART_TxCpltCallback(UART_HandleTypeDef*)	16	static
stl_list.h:370:14:std::__cxx11::_List_base<Packet*, std::allocator<Packet*> >::_List_impl::~_List_impl()	16	static
stl_list.h:456:7:std::__cxx11::_List_base<_Tp, _Alloc>::_List_base() [with _Tp = Packet*; _Alloc = std::allocator<Packet*>]	16	static
stl_list.h:669:7:std::__cxx11::list<_Tp, _Alloc>::list() [with _Tp = Packet*; _Alloc = std::allocator<Packet*>]	16	static
comms.hpp:51:6:void HAL_UART_RxCpltCallback(UART_HandleTypeDef*)	32	static
comms.hpp:96:6:void send_packet(UART_HandleTypeDef*, uint8_t, uint8_t, uint8_t*, uint8_t)	32	static
comms.hpp:121:9:Packet* get_packet()	8	static
comms.hpp:126:6:void clear_packet(Packet*)	16	static
comms.hpp:132:6:bool packet_available()	24	static
comms.hpp:147:6:void start_receiving(UART_HandleTypeDef*)	16	static
loco_module.hpp:37:2:LocoModule::LocoModule(int, ErrorHandler*)	24	static
loco_module.hpp:42:7:void LocoModule::send_data(uint8_t)	56	dynamic
loco_module.hpp:78:7:void LocoModule::parse_packet(Packet*)	24	static
TPM400.hpp:47:7:void TPM400::read_data()	16	static
stl_list.h:370:14:std::__cxx11::_List_base<unsigned char, std::allocator<unsigned char> >::_List_impl::~_List_impl()	16	static
stl_list.h:456:7:std::__cxx11::_List_base<_Tp, _Alloc>::_List_base() [with _Tp = unsigned char; _Alloc = std::allocator<unsigned char>]	16	static
stl_list.h:669:7:std::__cxx11::list<_Tp, _Alloc>::list() [with _Tp = unsigned char; _Alloc = std::allocator<unsigned char>]	16	static
stl_list.h:823:7:std::__cxx11::list<_Tp, _Alloc>::~list() [with _Tp = unsigned char; _Alloc = std::allocator<unsigned char>]	16	static
error_handler.hpp:16:7:ErrorHandler::ErrorHandler()	24	static
TPM400.hpp:11:7:TPM400::TPM400()	16	static
mainboard.cpp:21:6:void HAL_CAN_RxFifo0MsgPendingCallback(CAN_HandleTypeDef*)	16	static
mainboard.cpp:25:6:void init_motor_controller(CAN_HandleTypeDef*)	16	static
mainboard.cpp:29:6:void init_modules(UART_HandleTypeDef*)	16	static
mainboard.cpp:34:6:void handle_packets()	16	static
mainboard.cpp:46:6:void mainboard()	8	static
stl_list.h:375:2:std::__cxx11::_List_base<_Tp, _Alloc>::_List_impl::_List_impl() [with _Tp = Packet*; _Alloc = std::allocator<Packet*>]	16	static
allocator.h:153:7:std::allocator< <template-parameter-1-1> >::~allocator() [with _Tp = std::_List_node<Packet*>]	16	static
stl_list.h:494:7:std::__cxx11::_List_base<_Tp, _Alloc>::~_List_base() [with _Tp = Packet*; _Alloc = std::allocator<Packet*>]	16	static
stl_list.h:1207:7:void std::__cxx11::list<_Tp, _Alloc>::push_back(const value_type&) [with _Tp = Packet*; _Alloc = std::allocator<Packet*>]	16	static
stl_list.h:1110:7:std::__cxx11::list<_Tp, _Alloc>::reference std::__cxx11::list<_Tp, _Alloc>::front() [with _Tp = Packet*; _Alloc = std::allocator<Packet*>]	24	static
list.tcc:331:5:std::__cxx11::list<_Tp, _Alloc>::__remove_return_type std::__cxx11::list<_Tp, _Alloc>::remove(const value_type&) [with _Tp = Packet*; _Alloc = std::allocator<Packet*>]	48	static
stl_list.h:1056:7:std::__cxx11::list<_Tp, _Alloc>::size_type std::__cxx11::list<_Tp, _Alloc>::size() const [with _Tp = Packet*; _Alloc = std::allocator<Packet*>]	16	static
stl_list.h:375:2:std::__cxx11::_List_base<_Tp, _Alloc>::_List_impl::_List_impl() [with _Tp = unsigned char; _Alloc = std::allocator<unsigned char>]	16	static
allocator.h:153:7:std::allocator< <template-parameter-1-1> >::~allocator() [with _Tp = std::_List_node<unsigned char>]	16	static
stl_list.h:494:7:std::__cxx11::_List_base<_Tp, _Alloc>::~_List_base() [with _Tp = unsigned char; _Alloc = std::allocator<unsigned char>]	16	static
allocator.h:138:7:std::allocator< <template-parameter-1-1> >::allocator() [with _Tp = std::_List_node<Packet*>]	16	static
new_allocator.h:89:7:__gnu_cxx::new_allocator<_Tp>::~new_allocator() [with _Tp = std::_List_node<Packet*>]	16	static
list.tcc:66:5:void std::__cxx11::_List_base<_Tp, _Alloc>::_M_clear() [with _Tp = Packet*; _Alloc = std::allocator<Packet*>]	32	static
stl_list.h:959:7:std::__cxx11::list<_Tp, _Alloc>::iterator std::__cxx11::list<_Tp, _Alloc>::end() [with _Tp = Packet*; _Alloc = std::allocator<Packet*>]	24	static
stl_list.h:1905:8:) [with _Args = {Packet* const&}; _Tp = Packet*; _Alloc = std::allocator<Packet*>]	32	static
stl_list.h:941:7:std::__cxx11::list<_Tp, _Alloc>::iterator std::__cxx11::list<_Tp, _Alloc>::begin() [with _Tp = Packet*; _Alloc = std::allocator<Packet*>]	24	static
stl_list.h:209:7:_Tp& std::_List_iterator< <template-parameter-1-1> >::operator*() const [with _Tp = Packet*]	16	static
stl_list.h:251:7:bool std::operator!=(const _Self&, const _Self&)	16	static
stl_list.h:217:7:std::_List_iterator< <template-parameter-1-1> >::_Self& std::_List_iterator< <template-parameter-1-1> >::operator++() [with _Tp = Packet*]	16	static
move.h:47:5:constexpr _Tp* std::__addressof(_Tp&) [with _Tp = Packet*]	16	static
move.h:47:5:constexpr _Tp* std::__addressof(_Tp&) [with _Tp = Packet* const]	16	static
stl_list.h:1915:7:void std::__cxx11::list<_Tp, _Alloc>::_M_erase(std::__cxx11::list<_Tp, _Alloc>::iterator) [with _Tp = Packet*; _Alloc = std::allocator<Packet*>]	32	static
stl_list.h:647:7:std::size_t std::__cxx11::list<_Tp, _Alloc>::_M_node_count() const [with _Tp = Packet*; _Alloc = std::allocator<Packet*>]	16	static
allocator.h:138:7:std::allocator< <template-parameter-1-1> >::allocator() [with _Tp = std::_List_node<unsigned char>]	16	static
new_allocator.h:89:7:__gnu_cxx::new_allocator<_Tp>::~new_allocator() [with _Tp = std::_List_node<unsigned char>]	16	static
list.tcc:66:5:void std::__cxx11::_List_base<_Tp, _Alloc>::_M_clear() [with _Tp = unsigned char; _Alloc = std::allocator<unsigned char>]	32	static
new_allocator.h:80:7:__gnu_cxx::new_allocator<_Tp>::new_allocator() [with _Tp = std::_List_node<Packet*>]	16	static
stl_list.h:170:18:_Tp* std::_List_node<_Tp>::_M_valptr() [with _Tp = Packet*]	16	static
stl_list.h:448:7:std::__cxx11::_List_base<_Tp, _Alloc>::_Node_alloc_type& std::__cxx11::_List_base<_Tp, _Alloc>::_M_get_Node_allocator() [with _Tp = Packet*; _Alloc = std::allocator<Packet*>]	16	static
alloc_traits.h:495:2:static void std::allocator_traits<std::allocator<_Tp1> >::destroy(std::allocator_traits<std::allocator<_Tp1> >::allocator_type&, _Up*) [with _Up = Packet*; _Tp = std::_List_node<Packet*>]	16	static
stl_list.h:441:7:void std::__cxx11::_List_base<_Tp, _Alloc>::_M_put_node(typename std::__cxx11::_List_base<_Tp, _Alloc>::_Node_alloc_traits::pointer) [with _Tp = Packet*; _Alloc = std::allocator<Packet*>]	16	static
stl_list.h:200:7:std::_List_iterator< <template-parameter-1-1> >::_List_iterator(std::__detail::_List_node_base*) [with _Tp = Packet*]	16	static
move.h:74:5:constexpr _Tp&& std::forward(typename std::remove_reference<_Tp>::type&) [with _Tp = Packet* const&]	16	static
stl_list.h:628:2:) [with _Args = {Packet* const&}; _Tp = Packet*; _Alloc = std::allocator<Packet*>]	40	static
stl_list.h:404:12:void std::__cxx11::_List_base<_Tp, _Alloc>::_M_inc_size(std::size_t) [with _Tp = Packet*; _Alloc = std::allocator<Packet*>]	16	static
stl_list.h:406:12:void std::__cxx11::_List_base<_Tp, _Alloc>::_M_dec_size(std::size_t) [with _Tp = Packet*; _Alloc = std::allocator<Packet*>]	16	static
stl_list.h:400:14:std::size_t std::__cxx11::_List_base<_Tp, _Alloc>::_M_get_size() const [with _Tp = Packet*; _Alloc = std::allocator<Packet*>]	16	static
stl_list.h:170:18:_Tp* std::_List_node<_Tp>::_M_valptr() [with _Tp = unsigned char]	16	static
stl_list.h:448:7:std::__cxx11::_List_base<_Tp, _Alloc>::_Node_alloc_type& std::__cxx11::_List_base<_Tp, _Alloc>::_M_get_Node_allocator() [with _Tp = unsigned char; _Alloc = std::allocator<unsigned char>]	16	static
alloc_traits.h:495:2:static void std::allocator_traits<std::allocator<_Tp1> >::destroy(std::allocator_traits<std::allocator<_Tp1> >::allocator_type&, _Up*) [with _Up = unsigned char; _Tp = std::_List_node<unsigned char>]	16	static
stl_list.h:441:7:void std::__cxx11::_List_base<_Tp, _Alloc>::_M_put_node(typename std::__cxx11::_List_base<_Tp, _Alloc>::_Node_alloc_traits::pointer) [with _Tp = unsigned char; _Alloc = std::allocator<unsigned char>]	16	static
new_allocator.h:80:7:__gnu_cxx::new_allocator<_Tp>::new_allocator() [with _Tp = std::_List_node<unsigned char>]	16	static
aligned_buffer.h:72:7:_Tp* __gnu_cxx::__aligned_membuf<_Tp>::_M_ptr() [with _Tp = Packet*]	16	static
new_allocator.h:151:2:void __gnu_cxx::new_allocator<_Tp>::destroy(_Up*) [with _Up = Packet*; _Tp = std::_List_node<Packet*>]	16	static
alloc_traits.h:469:7:static void std::allocator_traits<std::allocator<_Tp1> >::deallocate(std::allocator_traits<std::allocator<_Tp1> >::allocator_type&, std::allocator_traits<std::allocator<_Tp1> >::pointer, std::allocator_traits<std::allocator<_Tp1> >::size_type) [with _Tp = std::_List_node<Packet*>]	24	static
stl_list.h:437:7:typename std::__cxx11::_List_base<_Tp, _Alloc>::_Node_alloc_traits::pointer std::__cxx11::_List_base<_Tp, _Alloc>::_M_get_node() [with _Tp = Packet*; _Alloc = std::allocator<Packet*>]	16	static
allocated_ptr.h:52:7:std::__allocated_ptr<_Alloc>::__allocated_ptr(_Alloc&, std::__allocated_ptr<_Alloc>::pointer) [with _Alloc = std::allocator<std::_List_node<Packet*> >]	24	static
allocated_ptr.h:70:7:std::__allocated_ptr<_Alloc>::~__allocated_ptr() [with _Alloc = std::allocator<std::_List_node<Packet*> >]	16	static
alloc_traits.h:482:2:) [with _Up = Packet*; _Args = {Packet* const&}; _Tp = std::_List_node<Packet*>]	24	static
allocated_ptr.h:78:7:std::__allocated_ptr<_Alloc>& std::__allocated_ptr<_Alloc>::operator=(std::nullptr_t) [with _Alloc = std::allocator<std::_List_node<Packet*> >]	16	static
aligned_buffer.h:72:7:_Tp* __gnu_cxx::__aligned_membuf<_Tp>::_M_ptr() [with _Tp = unsigned char]	16	static
new_allocator.h:151:2:void __gnu_cxx::new_allocator<_Tp>::destroy(_Up*) [with _Up = unsigned char; _Tp = std::_List_node<unsigned char>]	16	static
alloc_traits.h:469:7:static void std::allocator_traits<std::allocator<_Tp1> >::deallocate(std::allocator_traits<std::allocator<_Tp1> >::allocator_type&, std::allocator_traits<std::allocator<_Tp1> >::pointer, std::allocator_traits<std::allocator<_Tp1> >::size_type) [with _Tp = std::_List_node<unsigned char>]	24	static
aligned_buffer.h:64:7:void* __gnu_cxx::__aligned_membuf<_Tp>::_M_addr() [with _Tp = Packet*]	16	static
new_allocator.h:119:7:void __gnu_cxx::new_allocator<_Tp>::deallocate(__gnu_cxx::new_allocator<_Tp>::pointer, __gnu_cxx::new_allocator<_Tp>::size_type) [with _Tp = std::_List_node<Packet*>]	24	static
alloc_traits.h:443:7:static _Tp* std::allocator_traits<std::allocator<_Tp1> >::allocate(std::allocator_traits<std::allocator<_Tp1> >::allocator_type&, std::allocator_traits<std::allocator<_Tp1> >::size_type) [with _Tp = std::_List_node<Packet*>]	16	static
move.h:47:5:constexpr _Tp* std::__addressof(_Tp&) [with _Tp = std::allocator<std::_List_node<Packet*> >]	16	static
new_allocator.h:144:2:) [with _Up = Packet*; _Args = {Packet* const&}; _Tp = std::_List_node<Packet*>]	32	static
aligned_buffer.h:64:7:void* __gnu_cxx::__aligned_membuf<_Tp>::_M_addr() [with _Tp = unsigned char]	16	static
new_allocator.h:119:7:void __gnu_cxx::new_allocator<_Tp>::deallocate(__gnu_cxx::new_allocator<_Tp>::pointer, __gnu_cxx::new_allocator<_Tp>::size_type) [with _Tp = std::_List_node<unsigned char>]	24	static
new_allocator.h:102:7:_Tp* __gnu_cxx::new_allocator<_Tp>::allocate(__gnu_cxx::new_allocator<_Tp>::size_type, const void*) [with _Tp = std::_List_node<Packet*>]	24	static
new_allocator.h:132:7:__gnu_cxx::new_allocator<_Tp>::size_type __gnu_cxx::new_allocator<_Tp>::max_size() const [with _Tp = std::_List_node<Packet*>]	16	static
error_handler.hpp:16:7:ErrorHandler::~ErrorHandler()	16	static
stl_list.h:823:7:std::__cxx11::list<_Tp, _Alloc>::~list() [with _Tp = Packet*; _Alloc = std::allocator<Packet*>]	16	static
mainboard.cpp:67:1:void __static_initialization_and_destruction_0(int, int)	16	static
mainboard.cpp:67:1:cpp)	8	static
mainboard.cpp:67:1:cpp)	8	static
