../Core/Src/main.c:112:6:HAL_TIM_IC_CaptureCallback	16	static
../Core/Src/main.c:119:6:HAL_GPIO_EXTI_Callback	16	static
../Core/Src/main.c:137:5:main	8	static
../Core/Src/main.c:197:6:SystemClock_Config	88	static
../Core/Src/main.c:243:13:MX_ADC1_Init	24	static
../Core/Src/main.c:288:13:MX_ADC2_Init	24	static
../Core/Src/main.c:333:13:MX_CAN_Init	48	static
../Core/Src/main.c:385:13:MX_I2C2_Init	8	static
../Core/Src/main.c:419:13:MX_TIM1_Init	56	static
../Core/Src/main.c:469:13:MX_TIM3_Init	48	static
../Core/Src/main.c:526:13:MX_USART2_UART_Init	8	static
../Core/Src/main.c:559:13:MX_GPIO_Init	40	static
../Core/Src/main.c:634:6:Error_Handler	4	static,ignoring_inline_asm
