../Core/Src/stm32f1xx_it.c:78:6:NMI_Handler	4	static
../Core/Src/stm32f1xx_it.c:93:6:HardFault_Handler	4	static
../Core/Src/stm32f1xx_it.c:108:6:MemManage_Handler	4	static
../Core/Src/stm32f1xx_it.c:123:6:BusFault_Handler	4	static
../Core/Src/stm32f1xx_it.c:138:6:UsageFault_Handler	4	static
../Core/Src/stm32f1xx_it.c:153:6:SVC_Handler	4	static
../Core/Src/stm32f1xx_it.c:166:6:DebugMon_Handler	4	static
../Core/Src/stm32f1xx_it.c:179:6:PendSV_Handler	4	static
../Core/Src/stm32f1xx_it.c:192:6:SysTick_Handler	8	static
../Core/Src/stm32f1xx_it.c:223:6:EXTI1_IRQHandler	8	static
../Core/Src/stm32f1xx_it.c:237:6:USB_LP_CAN1_RX0_IRQHandler	8	static
../Core/Src/stm32f1xx_it.c:251:6:CAN1_RX1_IRQHandler	8	static
../Core/Src/stm32f1xx_it.c:265:6:EXTI9_5_IRQHandler	8	static
../Core/Src/stm32f1xx_it.c:279:6:TIM1_CC_IRQHandler	8	static
../Core/Src/stm32f1xx_it.c:293:6:USART2_IRQHandler	8	static
../Core/Src/stm32f1xx_it.c:307:6:EXTI15_10_IRQHandler	8	static
