Archive member included to satisfy reference by file (symbol)

c:/st/stm32cubeide_1.7.0/stm32cubeide/plugins/com.st.stm32cube.ide.mcu.externaltools.gnu-tools-for-stm32.10.3-2021.10.win32_1.0.0.202111181127/tools/bin/../lib/gcc/arm-none-eabi/10.3.1/../../../../arm-none-eabi/lib/thumb/v7-m/nofp\libstdc++_nano.a(del_ops.o)
                              ./Core/Src/mainboard.o (operator delete(void*, unsigned int))
c:/st/stm32cubeide_1.7.0/stm32cubeide/plugins/com.st.stm32cube.ide.mcu.externaltools.gnu-tools-for-stm32.10.3-2021.10.win32_1.0.0.202111181127/tools/bin/../lib/gcc/arm-none-eabi/10.3.1/../../../../arm-none-eabi/lib/thumb/v7-m/nofp\libstdc++_nano.a(list.o)
                              ./Core/Src/mainboard.o (std::__detail::_List_node_base::_M_unhook())
c:/st/stm32cubeide_1.7.0/stm32cubeide/plugins/com.st.stm32cube.ide.mcu.externaltools.gnu-tools-for-stm32.10.3-2021.10.win32_1.0.0.202111181127/tools/bin/../lib/gcc/arm-none-eabi/10.3.1/../../../../arm-none-eabi/lib/thumb/v7-m/nofp\libstdc++_nano.a(del_op.o)
                              c:/st/stm32cubeide_1.7.0/stm32cubeide/plugins/com.st.stm32cube.ide.mcu.externaltools.gnu-tools-for-stm32.10.3-2021.10.win32_1.0.0.202111181127/tools/bin/../lib/gcc/arm-none-eabi/10.3.1/../../../../arm-none-eabi/lib/thumb/v7-m/nofp\libstdc++_nano.a(del_ops.o) (operator delete(void*))
c:/st/stm32cubeide_1.7.0/stm32cubeide/plugins/com.st.stm32cube.ide.mcu.externaltools.gnu-tools-for-stm32.10.3-2021.10.win32_1.0.0.202111181127/tools/bin/../lib/gcc/arm-none-eabi/10.3.1/../../../../arm-none-eabi/lib/thumb/v7-m/nofp\libc_nano.a(lib_a-errno.o)
                              ./Core/Src/syscalls.o (__errno)
c:/st/stm32cubeide_1.7.0/stm32cubeide/plugins/com.st.stm32cube.ide.mcu.externaltools.gnu-tools-for-stm32.10.3-2021.10.win32_1.0.0.202111181127/tools/bin/../lib/gcc/arm-none-eabi/10.3.1/../../../../arm-none-eabi/lib/thumb/v7-m/nofp\libc_nano.a(lib_a-exit.o)
                              c:/st/stm32cubeide_1.7.0/stm32cubeide/plugins/com.st.stm32cube.ide.mcu.externaltools.gnu-tools-for-stm32.10.3-2021.10.win32_1.0.0.202111181127/tools/bin/../lib/gcc/arm-none-eabi/10.3.1/../../../../arm-none-eabi/lib/thumb/v7-m/nofp/crt0.o (exit)
c:/st/stm32cubeide_1.7.0/stm32cubeide/plugins/com.st.stm32cube.ide.mcu.externaltools.gnu-tools-for-stm32.10.3-2021.10.win32_1.0.0.202111181127/tools/bin/../lib/gcc/arm-none-eabi/10.3.1/../../../../arm-none-eabi/lib/thumb/v7-m/nofp\libc_nano.a(lib_a-impure.o)
                              c:/st/stm32cubeide_1.7.0/stm32cubeide/plugins/com.st.stm32cube.ide.mcu.externaltools.gnu-tools-for-stm32.10.3-2021.10.win32_1.0.0.202111181127/tools/bin/../lib/gcc/arm-none-eabi/10.3.1/../../../../arm-none-eabi/lib/thumb/v7-m/nofp\libc_nano.a(lib_a-exit.o) (_global_impure_ptr)
c:/st/stm32cubeide_1.7.0/stm32cubeide/plugins/com.st.stm32cube.ide.mcu.externaltools.gnu-tools-for-stm32.10.3-2021.10.win32_1.0.0.202111181127/tools/bin/../lib/gcc/arm-none-eabi/10.3.1/../../../../arm-none-eabi/lib/thumb/v7-m/nofp\libc_nano.a(lib_a-init.o)
                              c:/st/stm32cubeide_1.7.0/stm32cubeide/plugins/com.st.stm32cube.ide.mcu.externaltools.gnu-tools-for-stm32.10.3-2021.10.win32_1.0.0.202111181127/tools/bin/../lib/gcc/arm-none-eabi/10.3.1/../../../../arm-none-eabi/lib/thumb/v7-m/nofp/crt0.o (__libc_init_array)
c:/st/stm32cubeide_1.7.0/stm32cubeide/plugins/com.st.stm32cube.ide.mcu.externaltools.gnu-tools-for-stm32.10.3-2021.10.win32_1.0.0.202111181127/tools/bin/../lib/gcc/arm-none-eabi/10.3.1/../../../../arm-none-eabi/lib/thumb/v7-m/nofp\libc_nano.a(lib_a-malloc.o)
                              c:/st/stm32cubeide_1.7.0/stm32cubeide/plugins/com.st.stm32cube.ide.mcu.externaltools.gnu-tools-for-stm32.10.3-2021.10.win32_1.0.0.202111181127/tools/bin/../lib/gcc/arm-none-eabi/10.3.1/../../../../arm-none-eabi/lib/thumb/v7-m/nofp\libstdc++_nano.a(del_op.o) (free)
c:/st/stm32cubeide_1.7.0/stm32cubeide/plugins/com.st.stm32cube.ide.mcu.externaltools.gnu-tools-for-stm32.10.3-2021.10.win32_1.0.0.202111181127/tools/bin/../lib/gcc/arm-none-eabi/10.3.1/../../../../arm-none-eabi/lib/thumb/v7-m/nofp\libc_nano.a(lib_a-memset.o)
                              c:/st/stm32cubeide_1.7.0/stm32cubeide/plugins/com.st.stm32cube.ide.mcu.externaltools.gnu-tools-for-stm32.10.3-2021.10.win32_1.0.0.202111181127/tools/bin/../lib/gcc/arm-none-eabi/10.3.1/../../../../arm-none-eabi/lib/thumb/v7-m/nofp/crt0.o (memset)
c:/st/stm32cubeide_1.7.0/stm32cubeide/plugins/com.st.stm32cube.ide.mcu.externaltools.gnu-tools-for-stm32.10.3-2021.10.win32_1.0.0.202111181127/tools/bin/../lib/gcc/arm-none-eabi/10.3.1/../../../../arm-none-eabi/lib/thumb/v7-m/nofp\libc_nano.a(lib_a-nano-freer.o)
                              c:/st/stm32cubeide_1.7.0/stm32cubeide/plugins/com.st.stm32cube.ide.mcu.externaltools.gnu-tools-for-stm32.10.3-2021.10.win32_1.0.0.202111181127/tools/bin/../lib/gcc/arm-none-eabi/10.3.1/../../../../arm-none-eabi/lib/thumb/v7-m/nofp\libc_nano.a(lib_a-malloc.o) (_free_r)
[...]
Memory Configuration

Name             Origin             Length             Attributes
RAM              0x0000000020000000 0x0000000000005000 xrw
FLASH            0x0000000008000000 0x0000000000020000 xr
*default*        0x0000000000000000 0xffffffffffffffff

Linker script and memory map

LOAD c:/st/stm32cubeide_1.7.0/stm32cubeide/plugins/com.st.stm32cube.ide.mcu.externaltools.gnu-tools-for-stm32.10.3-2021.10.win32_1.0.0.202111181127/tools/bin/../lib/gcc/arm-none-eabi/10.3.1/thumb/v7-m/nofp/crti.o
LOAD c:/st/stm32cubeide_1.7.0/stm32cubeide/plugins/com.st.stm32cube.ide.mcu.externaltools.gnu-tools-for-stm32.10.3-2021.10.win32_1.0.0.202111181127/tools/bin/../lib/gcc/arm-none-eabi/10.3.1/thumb/v7-m/nofp/crtbegin.o
LOAD c:/st/stm32cubeide_1.7.0/stm32cubeide/plugins/com.st.stm32cube.ide.mcu.externaltools.gnu-tools-for-stm32.10.3-2021.10.win32_1.0.0.202111181127/tools/bin/../lib/gcc/arm-none-eabi/10.3.1/../../../../arm-none-eabi/lib/thumb/v7-m/nofp/crt0.o
LOAD ./Core/Src/main.o
LOAD ./Core/Src/mainboard.o
LOAD ./Core/Src/stm32f1xx_hal_msp.o
LOAD ./Core/Src/stm32f1xx_it.o
LOAD ./Core/Src/syscalls.o
LOAD ./Core/Src/sysmem.o
LOAD ./Core/Src/system_stm32f1xx.o
LOAD ./Core/Startup/startup_stm32f103rbtx.o
LOAD ./Drivers/STM32F1xx_HAL_Driver/Src/stm32f1xx_hal.o
LOAD ./Drivers/STM32F1xx_HAL_Driver/Src/stm32f1xx_hal_adc.o
LOAD ./Drivers/STM32F1xx_HAL_Driver/Src/stm32f1xx_hal_adc_ex.o
LOAD ./Drivers/STM32F1xx_HAL_Driver/Src/stm32f1xx_hal_can.o
LOAD ./Drivers/STM32F1xx_HAL_Driver/Src/stm32f1xx_hal_cortex.o
LOAD ./Drivers/STM32F1xx_HAL_Driver/Src/stm32f1xx_hal_dma.o
LOAD ./Drivers/STM32F1xx_HAL_Driver/Src/stm32f1xx_hal_exti.o
LOAD ./Drivers/STM32F1xx_HAL_Driver/Src/stm32f1xx_hal_flash.o
LOAD ./Drivers/STM32F1xx_HAL_Driver/Src/stm32f1xx_hal_flash_ex.o
LOAD ./Drivers/STM32F1xx_HAL_Driver/Src/stm32f1xx_hal_gpio.o
LOAD ./Drivers/STM32F1xx_HAL_Driver/Src/stm32f1xx_hal_gpio_ex.o
LOAD ./Drivers/STM32F1xx_HAL_Driver/Src/stm32f1xx_hal_i2c.o
LOAD ./Drivers/STM32F1xx_HAL_Driver/Src/stm32f1xx_hal_pwr.o
LOAD ./Drivers/STM32F1xx_HAL_Driver/Src/stm32f1xx_hal_rcc.o
LOAD ./Drivers/STM32F1xx_HAL_Driver/Src/stm32f1xx_hal_rcc_ex.o
LOAD ./Drivers/STM32F1xx_HAL_Driver/Src/stm32f1xx_hal_tim.o
LOAD ./Drivers/STM32F1xx_HAL_Driver/Src/stm32f1xx_hal_tim_ex.o
LOAD ./Drivers/STM32F1xx_HAL_Driver/Src/stm32f1xx_hal_uart.o
START GROUP
LOAD c:/st/stm32cubeide_1.7.0/stm32cubeide/plugins/com.st.stm32cube.ide.mcu.externaltools.gnu-tools-for-stm32.10.3-2021.10.win32_1.0.0.202111181127/tools/bin/../lib/gcc/arm-none-eabi/10.3.1/../../../../arm-none-eabi/lib/thumb/v7-m/nofp\libstdc++_nano.a
LOAD c:/st/stm32cubeide_1.7.0/stm32cubeide/plugins/com.st.stm32cube.ide.mcu.externaltools.gnu-tools-for-stm32.10.3-2021.10.win32_1.0.0.202111181127/tools/bin/../lib/gcc/arm-none-eabi/10.3.1/../../../../arm-none-eabi/lib/thumb/v7-m/nofp\libsupc++_nano.a
END GROUP
LOAD c:/st/stm32cubeide_1.7.0/stm32cubeide/plugins/com.st.stm32cube.ide.mcu.externaltools.gnu-tools-for-stm32.10.3-2021.10.win32_1.0.0.202111181127/tools/bin/../lib/gcc/arm-none-eabi/10.3.1/../../../../arm-none-eabi/lib/thumb/v7-m/nofp\libstdc++_nano.a
LOAD c:/st/stm32cubeide_1.7.0/stm32cubeide/plugins/com.st.stm32cube.ide.mcu.externaltools.gnu-tools-for-stm32.10.3-2021.10.win32_1.0.0.202111181127/tools/bin/../lib/gcc/arm-none-eabi/10.3.1/../../../../arm-none-eabi/lib/thumb/v7-m/nofp\libm.a
LOAD c:/st/stm32cubeide_1.7.0/stm32cubeide/plugins/com.st.stm32cube.ide.mcu.externaltools.gnu-tools-for-stm32.10.3-2021.10.win32_1.0.0.202111181127/tools/bin/../lib/gcc/arm-none-eabi/10.3.1/../../../../arm-none-eabi/lib/thumb/v7-m/nofp\libc_nano.a
START GROUP
LOAD c:/st/stm32cubeide_1.7.0/stm32cubeide/plugins/com.st.stm32cube.ide.mcu.externaltools.gnu-tools-for-stm32.10.3-2021.10.win32_1.0.0.202111181127/tools/bin/../lib/gcc/arm-none-eabi/10.3.1/thumb/v7-m/nofp\libgcc.a
LOAD c:/st/stm32cubeide_1.7.0/stm32cubeide/plugins/com.st.stm32cube.ide.mcu.externaltools.gnu-tools-for-stm32.10.3-2021.10.win32_1.0.0.202111181127/tools/bin/../lib/gcc/arm-none-eabi/10.3.1/../../../../arm-none-eabi/lib/thumb/v7-m/nofp\libc_nano.a
END GROUP
START GROUP
LOAD c:/st/stm32cubeide_1.7.0/stm32cubeide/plugins/com.st.stm32cube.ide.mcu.externaltools.gnu-tools-for-stm32.10.3-2021.10.win32_1.0.0.202111181127/tools/bin/../lib/gcc/arm-none-eabi/10.3.1/thumb/v7-m/nofp\libgcc.a
LOAD c:/st/stm32cubeide_1.7.0/stm32cubeide/plugins/com.st.stm32cube.ide.mcu.externaltools.gnu-tools-for-stm32.10.3-2021.10.win32_1.0.0.202111181127/tools/bin/../lib/gcc/arm-none-eabi/10.3.1/../../../../arm-none-eabi/lib/thumb/v7-m/nofp\libc_nano.a
LOAD c:/st/stm32cubeide_1.7.0/stm32cubeide/plugins/com.st.stm32cube.ide.mcu.externaltools.gnu-tools-for-stm32.10.3-2021.10.win32_1.0.0.202111181127/tools/bin/../lib/gcc/arm-none-eabi/10.3.1/../../../../arm-none-eabi/lib/thumb/v7-m/nofp\libnosys.a
END GROUP
START GROUP
LOAD c:/st/stm32cubeide_1.7.0/stm32cubeide/plugins/com.st.stm32cube.ide.mcu.externaltools.gnu-tools-for-stm32.10.3-2021.10.win32_1.0.0.202111181127/tools/bin/../lib/gcc/arm-none-eabi/10.3.1/thumb/v7-m/nofp\libgcc.a
LOAD c:/st/stm32cubeide_1.7.0/stm32cubeide/plugins/com.st.stm32cube.ide.mcu.externaltools.gnu-tools-for-stm32.10.3-2021.10.win32_1.0.0.202111181127/tools/bin/../lib/gcc/arm-none-eabi/10.3.1/../../../../arm-none-eabi/lib/thumb/v7-m/nofp\libc_nano.a
LOAD c:/st/stm32cubeide_1.7.0/stm32cubeide/plugins/com.st.stm32cube.ide.mcu.externaltools.gnu-tools-for-stm32.10.3-2021.10.win32_1.0.0.202111181127/tools/bin/../lib/gcc/arm-none-eabi/10.3.1/../../../../arm-none-eabi/lib/thumb/v7-m/nofp\libnosys.a
END GROUP
LOAD c:/st/stm32cubeide_1.7.0/stm32cubeide/plugins/com.st.stm32cube.ide.mcu.externaltools.gnu-tools-for-stm32.10.3-2021.10.win32_1.0.0.202111181127/tools/bin/../lib/gcc/arm-none-eabi/10.3.1/thumb/v7-m/nofp/crtend.o
LOAD c:/st/stm32cubeide_1.7.0/stm32cubeide/plugins/com.st.stm32cube.ide.mcu.externaltools.gnu-tools-for-stm32.10.3-2021.10.win32_1.0.0.202111181127/tools/bin/../lib/gcc/arm-none-eabi/10.3.1/thumb/v7-m/nofp/crtn.o
                0x0000000020005000                _estack = (ORIGIN (RAM) + LENGTH (RAM))
                0x0000000000000200                _Min_Heap_Size = 0x200
                0x0000000000000400                _Min_Stack_Size = 0x400

.isr_vector     0x0000000008000000      0x10c
                0x0000000008000000                . = ALIGN (0x4)
 *(.isr_vector)
 .isr_vector    0x0000000008000000      0x10c ./Core/Startup/startup_stm32f103rbtx.o
                0x0000000008000000                g_pfnVectors
                0x000000000800010c                . = ALIGN (0x4)

.text           0x0000000008000110     0x5b14
                0x0000000008000110                . = ALIGN (0x4)
 *(.text)
 .text          0x0000000008000110       0x40 c:/st/stm32cubeide_1.7.0/stm32cubeide/plugins/com.st.stm32cube.ide.mcu.externaltools.gnu-tools-for-stm32.10.3-2021.10.win32_1.0.0.202111181127/tools/bin/../lib/gcc/arm-none-eabi/10.3.1/thumb/v7-m/nofp/crtbegin.o
 .text          0x0000000008000150      0x254 c:/st/stm32cubeide_1.7.0/stm32cubeide/plugins/com.st.stm32cube.ide.mcu.externaltools.gnu-tools-for-stm32.10.3-2021.10.win32_1.0.0.202111181127/tools/bin/../lib/gcc/arm-none-eabi/10.3.1/thumb/v7-m/nofp\libgcc.a(_arm_muldf3.o)
                0x0000000008000150                __muldf3
                0x0000000008000150                __aeabi_dmul
 .text          0x00000000080003a4      0x378 c:/st/stm32cubeide_1.7.0/stm32cubeide/plugins/com.st.stm32cube.ide.mcu.externaltools.gnu-tools-for-stm32.10.3-2021.10.win32_1.0.0.202111181127/tools/bin/../lib/gcc/arm-none-eabi/10.3.1/thumb/v7-m/nofp\libgcc.a(_arm_addsubdf3.o)
                0x00000000080003a4                __aeabi_drsub
                0x00000000080003ac                __aeabi_dsub
                0x00000000080003ac                __subdf3
                0x00000000080003b0                __aeabi_dadd
                0x00000000080003b0                __adddf3
                0x0000000008000628                __floatunsidf
                0x0000000008000628                __aeabi_ui2d
                0x0000000008000648                __floatsidf
                0x0000000008000648                __aeabi_i2d
                0x000000000800066c                __aeabi_f2d
                0x000000000800066c                __extendsfdf2
                0x00000000080006b0                __floatundidf
                0x00000000080006b0                __aeabi_ul2d
                0x00000000080006c0                __floatdidf
                0x00000000080006c0                __aeabi_l2d
 .text          0x000000000800071c       0x40 c:/st/stm32cubeide_1.7.0/stm32cubeide/plugins/com.st.stm32cube.ide.mcu.externaltools.gnu-tools-for-stm32.10.3-2021.10.win32_1.0.0.202111181127/tools/bin/../lib/gcc/arm-none-eabi/10.3.1/thumb/v7-m/nofp\libgcc.a(_arm_fixunsdfsi.o)
                0x000000000800071c                __aeabi_d2uiz
                0x000000000800071c                __fixunsdfsi
 .text          0x000000000800075c      0x21c c:/st/stm32cubeide_1.7.0/stm32cubeide/plugins/com.st.stm32cube.ide.mcu.externaltools.gnu-tools-for-stm32.10.3-2021.10.win32_1.0.0.202111181127/tools/bin/../lib/gcc/arm-none-eabi/10.3.1/thumb/v7-m/nofp\libgcc.a(_arm_addsubsf3.o)
                0x000000000800075c                __aeabi_frsub
                0x0000000008000764                __subsf3
                0x0000000008000764                __aeabi_fsub
                0x0000000008000768                __aeabi_fadd
                0x0000000008000768                __addsf3
                0x00000000080008c8                __aeabi_ui2f
                0x00000000080008c8                __floatunsisf
                0x00000000080008d0                __aeabi_i2f
                0x00000000080008d0                __floatsisf
                0x00000000080008ec                __aeabi_ul2f
                0x00000000080008ec                __floatundisf
                0x00000000080008fc                __aeabi_l2f
                0x00000000080008fc                __floatdisf
 .text          0x0000000008000978      0x2a0 c:/st/stm32cubeide_1.7.0/stm32cubeide/plugins/com.st.stm32cube.ide.mcu.externaltools.gnu-tools-for-stm32.10.3-2021.10.win32_1.0.0.202111181127/tools/bin/../lib/gcc/arm-none-eabi/10.3.1/thumb/v7-m/nofp\libgcc.a(_arm_muldivsf3.o)
                0x0000000008000978                __mulsf3
                0x0000000008000978                __aeabi_fmul
                0x0000000008000ae0                __aeabi_fdiv
                0x0000000008000ae0                __divsf3
 *(.text*)
 .text.HAL_TIM_IC_CaptureCallback
                0x0000000008000c18       0x3c ./Core/Src/main.o
                0x0000000008000c18                HAL_TIM_IC_CaptureCallback
 .text.HAL_GPIO_EXTI_Callback
                0x0000000008000c54       0x2c ./Core/Src/main.o
                0x0000000008000c54                HAL_GPIO_EXTI_Callback
 .text.main     0x0000000008000c80       0xb8 ./Core/Src/main.o
                0x0000000008000c80                main
 .text.SystemClock_Config
                0x0000000008000d38       0xb6 ./Core/Src/main.o
                0x0000000008000d38                SystemClock_Config
 *fill*         0x0000000008000dee        0x2 
 .text.MX_ADC1_Init
                0x0000000008000df0       0x7c ./Core/Src/main.o
 .text.MX_ADC2_Init
                0x0000000008000e6c       0x7c ./Core/Src/main.o
 .text.MX_CAN_Init
                0x0000000008000ee8       0xa8 ./Core/Src/main.o
 .text.MX_I2C2_Init
                0x0000000008000f90       0x5c ./Core/Src/main.o
 .text.MX_TIM1_Init
                0x0000000008000fec       0xb0 ./Core/Src/main.o
 .text.MX_TIM3_Init
                0x000000000800109c       0xe0 ./Core/Src/main.o
 .text.MX_USART2_UART_Init
                0x000000000800117c       0x54 ./Core/Src/main.o
 .text.MX_GPIO_Init
                0x00000000080011d0      0x15c ./Core/Src/main.o
 .text.Error_Handler
                0x000000000800132c        0xa ./Core/Src/main.o
                0x000000000800132c                Error_Handler
 .text._ZNSt8__detail17_List_node_headerC2Ev
                0x0000000008001336       0x18 ./Core/Src/mainboard.o
                0x0000000008001336                std::__detail::_List_node_header::_List_node_header()
                0x0000000008001336                std::__detail::_List_node_header::_List_node_header()
 .text._ZNSt8__detail17_List_node_header7_M_initEv
                0x000000000800134e       0x26 ./Core/Src/mainboard.o
                0x000000000800134e                std::__detail::_List_node_header::_M_init()
 .text.HAL_UART_TxCpltCallback
                0x0000000008001374       0x38 ./Core/Src/mainboard.o
                0x0000000008001374                HAL_UART_TxCpltCallback
 .text._ZNSt7__cxx1110_List_baseIP6PacketSaIS2_EE10_List_implD2Ev
                0x00000000080013ac       0x18 ./Core/Src/mainboard.o
                0x00000000080013ac                std::__cxx11::_List_base<Packet*, std::allocator<Packet*> >::_List_impl::~_List_impl()
                0x00000000080013ac                std::__cxx11::_List_base<Packet*, std::allocator<Packet*> >::_List_impl::~_List_impl()
 .text._ZNSt7__cxx1110_List_baseIP6PacketSaIS2_EEC2Ev
                0x00000000080013c4       0x1a ./Core/Src/mainboard.o
                0x00000000080013c4                std::__cxx11::_List_base<Packet*, std::allocator<Packet*> >::_List_base()
                0x00000000080013c4                std::__cxx11::_List_base<Packet*, std::allocator<Packet*> >::_List_base()
 .text._ZNSt7__cxx114listIP6PacketSaIS2_EEC2Ev
                0x00000000080013de       0x1a ./Core/Src/mainboard.o
                0x00000000080013de                std::__cxx11::list<Packet*, std::allocator<Packet*> >::list()
                0x00000000080013de                std::__cxx11::list<Packet*, std::allocator<Packet*> >::list()
 .text._Z15start_receivingP20__UART_HandleTypeDef
                0x00000000080013f8       0x30 ./Core/Src/mainboard.o
                0x00000000080013f8                start_receiving(__UART_HandleTypeDef*)
 .text._ZN10LocoModuleC2EiP12ErrorHandler
                0x0000000008001428       0x64 ./Core/Src/mainboard.o
                0x0000000008001428                LocoModule::LocoModule(int, ErrorHandler*)
                0x0000000008001428                LocoModule::LocoModule(int, ErrorHandler*)
 .text._ZN6TPM4009read_dataEv
                0x000000000800148c       0x48 ./Core/Src/mainboard.o
                0x000000000800148c                TPM400::read_data()
 .text._ZNSt7__cxx1110_List_baseIhSaIhEE10_List_implD2Ev
                0x00000000080014d4       0x18 ./Core/Src/mainboard.o
                0x00000000080014d4                std::__cxx11::_List_base<unsigned char, std::allocator<unsigned char> >::_List_impl::~_List_impl()
                0x00000000080014d4                std::__cxx11::_List_base<unsigned char, std::allocator<unsigned char> >::_List_impl::~_List_impl()
 .text._ZNSt7__cxx1110_List_baseIhSaIhEEC2Ev
                0x00000000080014ec       0x1a ./Core/Src/mainboard.o
                0x00000000080014ec                std::__cxx11::_List_base<unsigned char, std::allocator<unsigned char> >::_List_base()
                0x00000000080014ec                std::__cxx11::_List_base<unsigned char, std::allocator<unsigned char> >::_List_base()
 .text._ZNSt7__cxx114listIhSaIhEEC2Ev
                0x0000000008001506       0x1a ./Core/Src/mainboard.o
                0x0000000008001506                std::__cxx11::list<unsigned char, std::allocator<unsigned char> >::list()
                0x0000000008001506                std::__cxx11::list<unsigned char, std::allocator<unsigned char> >::list()
 .text._ZNSt7__cxx114listIhSaIhEED2Ev
                0x0000000008001520       0x1a ./Core/Src/mainboard.o
                0x0000000008001520                std::__cxx11::list<unsigned char, std::allocator<unsigned char> >::~list()
                0x0000000008001520                std::__cxx11::list<unsigned char, std::allocator<unsigned char> >::~list()
 *fill*         0x000000000800153a        0x2 
 .text._ZN12ErrorHandlerC2Ev
                0x000000000800153c       0x4c ./Core/Src/mainboard.o
                0x000000000800153c                ErrorHandler::ErrorHandler()
                0x000000000800153c                ErrorHandler::ErrorHandler()
 .text._ZN6TPM400C2Ev
                0x0000000008001588       0x1a ./Core/Src/mainboard.o
                0x0000000008001588                TPM400::TPM400()
                0x0000000008001588                TPM400::TPM400()
 *fill*         0x00000000080015a2        0x2 
 .text.HAL_CAN_RxFifo0MsgPendingCallback
                0x00000000080015a4       0x1c ./Core/Src/mainboard.o
                0x00000000080015a4                HAL_CAN_RxFifo0MsgPendingCallback
 .text.init_modules
                0x00000000080015c0       0x24 ./Core/Src/mainboard.o
                0x00000000080015c0                init_modules
 *fill*         0x00000000080015e4        0x4 
 .text.HAL_UART_RxCpltCallback
                0x00000000080015e8       0xc4 ./Core/Src/mainboard.o
                0x00000000080015e8                HAL_UART_RxCpltCallback
 .text._ZNSt7__cxx1110_List_baseIP6PacketSaIS2_EE10_List_implC2Ev
                0x00000000080016ac       0x20 ./Core/Src/mainboard.o
                0x00000000080016ac                std::__cxx11::_List_base<Packet*, std::allocator<Packet*> >::_List_impl::_List_impl()
                0x00000000080016ac                std::__cxx11::_List_base<Packet*, std::allocator<Packet*> >::_List_impl::_List_impl()
 .text._ZNSaISt10_List_nodeIP6PacketEED2Ev
                0x00000000080016cc       0x18 ./Core/Src/mainboard.o
                0x00000000080016cc                std::allocator<std::_List_node<Packet*> >::~allocator()
                0x00000000080016cc                std::allocator<std::_List_node<Packet*> >::~allocator()
 .text._ZNSt7__cxx1110_List_baseIP6PacketSaIS2_EED2Ev
                0x00000000080016e4       0x20 ./Core/Src/mainboard.o
                0x00000000080016e4                std::__cxx11::_List_base<Packet*, std::allocator<Packet*> >::~_List_base()
                0x00000000080016e4                std::__cxx11::_List_base<Packet*, std::allocator<Packet*> >::~_List_base()
 .text._ZNSt7__cxx1110_List_baseIhSaIhEE10_List_implC2Ev
                0x0000000008001704       0x20 ./Core/Src/mainboard.o
                0x0000000008001704                std::__cxx11::_List_base<unsigned char, std::allocator<unsigned char> >::_List_impl::_List_impl()
                0x0000000008001704                std::__cxx11::_List_base<unsigned char, std::allocator<unsigned char> >::_List_impl::_List_impl()
 .text._ZNSaISt10_List_nodeIhEED2Ev
                0x0000000008001724       0x18 ./Core/Src/mainboard.o
                0x0000000008001724                std::allocator<std::_List_node<unsigned char> >::~allocator()
                0x0000000008001724                std::allocator<std::_List_node<unsigned char> >::~allocator()
 .text._ZNSt7__cxx1110_List_baseIhSaIhEED2Ev
                0x000000000800173c       0x20 ./Core/Src/mainboard.o
                0x000000000800173c                std::__cxx11::_List_base<unsigned char, std::allocator<unsigned char> >::~_List_base()
                0x000000000800173c                std::__cxx11::_List_base<unsigned char, std::allocator<unsigned char> >::~_List_base()
 .text._ZNSaISt10_List_nodeIP6PacketEEC2Ev
                0x000000000800175c       0x18 ./Core/Src/mainboard.o
                0x000000000800175c                std::allocator<std::_List_node<Packet*> >::allocator()
                0x000000000800175c                std::allocator<std::_List_node<Packet*> >::allocator()
 .text._ZN9__gnu_cxx13new_allocatorISt10_List_nodeIP6PacketEED2Ev
                0x0000000008001774       0x14 ./Core/Src/mainboard.o
                0x0000000008001774                __gnu_cxx::new_allocator<std::_List_node<Packet*> >::~new_allocator()
                0x0000000008001774                __gnu_cxx::new_allocator<std::_List_node<Packet*> >::~new_allocator()
 .text._ZNSt7__cxx1110_List_baseIP6PacketSaIS2_EE8_M_clearEv
                0x0000000008001788       0x4a ./Core/Src/mainboard.o
                0x0000000008001788                std::__cxx11::_List_base<Packet*, std::allocator<Packet*> >::_M_clear()
 .text._ZNSaISt10_List_nodeIhEEC2Ev
                0x00000000080017d2       0x18 ./Core/Src/mainboard.o
                0x00000000080017d2                std::allocator<std::_List_node<unsigned char> >::allocator()
                0x00000000080017d2                std::allocator<std::_List_node<unsigned char> >::allocator()
 .text._ZN9__gnu_cxx13new_allocatorISt10_List_nodeIhEED2Ev
                0x00000000080017ea       0x14 ./Core/Src/mainboard.o
                0x00000000080017ea                __gnu_cxx::new_allocator<std::_List_node<unsigned char> >::~new_allocator()
                0x00000000080017ea                __gnu_cxx::new_allocator<std::_List_node<unsigned char> >::~new_allocator()
 .text._ZNSt7__cxx1110_List_baseIhSaIhEE8_M_clearEv
                0x00000000080017fe       0x4a ./Core/Src/mainboard.o
                0x00000000080017fe                std::__cxx11::_List_base<unsigned char, std::allocator<unsigned char> >::_M_clear()
 .text._ZN9__gnu_cxx13new_allocatorISt10_List_nodeIP6PacketEEC2Ev
                0x0000000008001848       0x14 ./Core/Src/mainboard.o
                0x0000000008001848                __gnu_cxx::new_allocator<std::_List_node<Packet*> >::new_allocator()
                0x0000000008001848                __gnu_cxx::new_allocator<std::_List_node<Packet*> >::new_allocator()
 .text._ZNSt10_List_nodeIP6PacketE9_M_valptrEv
                0x000000000800185c       0x1c ./Core/Src/mainboard.o
                0x000000000800185c                std::_List_node<Packet*>::_M_valptr()
 .text._ZNSt7__cxx1110_List_baseIP6PacketSaIS2_EE21_M_get_Node_allocatorEv
                0x0000000008001878       0x14 ./Core/Src/mainboard.o
                0x0000000008001878                std::__cxx11::_List_base<Packet*, std::allocator<Packet*> >::_M_get_Node_allocator()
 .text._ZNSt16allocator_traitsISaISt10_List_nodeIP6PacketEEE7destroyIS2_EEvRS4_PT_
                0x000000000800188c       0x1a ./Core/Src/mainboard.o
                0x000000000800188c                void std::allocator_traits<std::allocator<std::_List_node<Packet*> > >::destroy<Packet*>(std::allocator<std::_List_node<Packet*> >&, Packet**)
 .text._ZNSt7__cxx1110_List_baseIP6PacketSaIS2_EE11_M_put_nodeEPSt10_List_nodeIS2_E
                0x00000000080018a6       0x1e ./Core/Src/mainboard.o
                0x00000000080018a6                std::__cxx11::_List_base<Packet*, std::allocator<Packet*> >::_M_put_node(std::_List_node<Packet*>*)
 .text._ZNSt10_List_nodeIhE9_M_valptrEv
                0x00000000080018c4       0x1c ./Core/Src/mainboard.o
                0x00000000080018c4                std::_List_node<unsigned char>::_M_valptr()
 .text._ZNSt7__cxx1110_List_baseIhSaIhEE21_M_get_Node_allocatorEv
                0x00000000080018e0       0x14 ./Core/Src/mainboard.o
                0x00000000080018e0                std::__cxx11::_List_base<unsigned char, std::allocator<unsigned char> >::_M_get_Node_allocator()
 .text._ZNSt16allocator_traitsISaISt10_List_nodeIhEEE7destroyIhEEvRS2_PT_
                0x00000000080018f4       0x1a ./Core/Src/mainboard.o
                0x00000000080018f4                void std::allocator_traits<std::allocator<std::_List_node<unsigned char> > >::destroy<unsigned char>(std::allocator<std::_List_node<unsigned char> >&, unsigned char*)
 .text._ZNSt7__cxx1110_List_baseIhSaIhEE11_M_put_nodeEPSt10_List_nodeIhE
                0x000000000800190e       0x1e ./Core/Src/mainboard.o
                0x000000000800190e                std::__cxx11::_List_base<unsigned char, std::allocator<unsigned char> >::_M_put_node(std::_List_node<unsigned char>*)
 .text._ZN9__gnu_cxx13new_allocatorISt10_List_nodeIhEEC2Ev
                0x000000000800192c       0x14 ./Core/Src/mainboard.o
                0x000000000800192c                __gnu_cxx::new_allocator<std::_List_node<unsigned char> >::new_allocator()
                0x000000000800192c                __gnu_cxx::new_allocator<std::_List_node<unsigned char> >::new_allocator()
 .text._ZN9__gnu_cxx16__aligned_membufIP6PacketE6_M_ptrEv
                0x0000000008001940       0x18 ./Core/Src/mainboard.o
                0x0000000008001940                __gnu_cxx::__aligned_membuf<Packet*>::_M_ptr()
 .text._ZN9__gnu_cxx13new_allocatorISt10_List_nodeIP6PacketEE7destroyIS3_EEvPT_
                0x0000000008001958       0x14 ./Core/Src/mainboard.o
                0x0000000008001958                void __gnu_cxx::new_allocator<std::_List_node<Packet*> >::destroy<Packet*>(Packet**)
 .text._ZNSt16allocator_traitsISaISt10_List_nodeIP6PacketEEE10deallocateERS4_PS3_j
                0x000000000800196c       0x1e ./Core/Src/mainboard.o
                0x000000000800196c                std::allocator_traits<std::allocator<std::_List_node<Packet*> > >::deallocate(std::allocator<std::_List_node<Packet*> >&, std::_List_node<Packet*>*, unsigned int)
 .text._ZN9__gnu_cxx16__aligned_membufIhE6_M_ptrEv
                0x000000000800198a       0x18 ./Core/Src/mainboard.o
                0x000000000800198a                __gnu_cxx::__aligned_membuf<unsigned char>::_M_ptr()
 .text._ZN9__gnu_cxx13new_allocatorISt10_List_nodeIhEE7destroyIhEEvPT_
                0x00000000080019a2       0x14 ./Core/Src/mainboard.o
                0x00000000080019a2                void __gnu_cxx::new_allocator<std::_List_node<unsigned char> >::destroy<unsigned char>(unsigned char*)
 .text._ZNSt16allocator_traitsISaISt10_List_nodeIhEEE10deallocateERS2_PS1_j
                0x00000000080019b6       0x1e ./Core/Src/mainboard.o
                0x00000000080019b6                std::allocator_traits<std::allocator<std::_List_node<unsigned char> > >::deallocate(std::allocator<std::_List_node<unsigned char> >&, std::_List_node<unsigned char>*, unsigned int)
 .text._ZN9__gnu_cxx16__aligned_membufIP6PacketE7_M_addrEv
                0x00000000080019d4       0x14 ./Core/Src/mainboard.o
                0x00000000080019d4                __gnu_cxx::__aligned_membuf<Packet*>::_M_addr()
 .text._ZN9__gnu_cxx13new_allocatorISt10_List_nodeIP6PacketEE10deallocateEPS4_j
                0x00000000080019e8       0x26 ./Core/Src/mainboard.o
                0x00000000080019e8                __gnu_cxx::new_allocator<std::_List_node<Packet*> >::deallocate(std::_List_node<Packet*>*, unsigned int)
 .text._ZN9__gnu_cxx16__aligned_membufIhE7_M_addrEv
                0x0000000008001a0e       0x14 ./Core/Src/mainboard.o
                0x0000000008001a0e                __gnu_cxx::__aligned_membuf<unsigned char>::_M_addr()
 .text._ZN9__gnu_cxx13new_allocatorISt10_List_nodeIhEE10deallocateEPS2_j
                0x0000000008001a22       0x26 ./Core/Src/mainboard.o
                0x0000000008001a22                __gnu_cxx::new_allocator<std::_List_node<unsigned char> >::deallocate(std::_List_node<unsigned char>*, unsigned int)
 .text._ZN12ErrorHandlerD2Ev
                0x0000000008001a48       0x26 ./Core/Src/mainboard.o
                0x0000000008001a48                ErrorHandler::~ErrorHandler()
                0x0000000008001a48                ErrorHandler::~ErrorHandler()
 .text._ZNSt7__cxx114listIP6PacketSaIS2_EED2Ev
                0x0000000008001a6e       0x1a ./Core/Src/mainboard.o
                0x0000000008001a6e                std::__cxx11::list<Packet*, std::allocator<Packet*> >::~list()
                0x0000000008001a6e                std::__cxx11::list<Packet*, std::allocator<Packet*> >::~list()
 .text._Z41__static_initialization_and_destruction_0ii
                0x0000000008001a88       0x78 ./Core/Src/mainboard.o
 .text._GLOBAL__sub_I_packets_sent
                0x0000000008001b00       0x10 ./Core/Src/mainboard.o
 .text._GLOBAL__sub_D_packets_sent
                0x0000000008001b10       0x10 ./Core/Src/mainboard.o
 .text.HAL_MspInit
                0x0000000008001b20       0x64 ./Core/Src/stm32f1xx_hal_msp.o
                0x0000000008001b20                HAL_MspInit
 .text.HAL_ADC_MspInit
                0x0000000008001b84       0xcc ./Core/Src/stm32f1xx_hal_msp.o
                0x0000000008001b84                HAL_ADC_MspInit
 .text.HAL_CAN_MspInit
                0x0000000008001c50       0xe0 ./Core/Src/stm32f1xx_hal_msp.o
                0x0000000008001c50                HAL_CAN_MspInit
 .text.HAL_I2C_MspInit
                0x0000000008001d30       0x80 ./Core/Src/stm32f1xx_hal_msp.o
                0x0000000008001d30                HAL_I2C_MspInit
 .text.HAL_TIM_Encoder_MspInit
                0x0000000008001db0       0x90 ./Core/Src/stm32f1xx_hal_msp.o
                0x0000000008001db0                HAL_TIM_Encoder_MspInit
 .text.HAL_TIM_PWM_MspInit
                0x0000000008001e40       0x3c ./Core/Src/stm32f1xx_hal_msp.o
                0x0000000008001e40                HAL_TIM_PWM_MspInit
 .text.HAL_TIM_MspPostInit
                0x0000000008001e7c       0x98 ./Core/Src/stm32f1xx_hal_msp.o
                0x0000000008001e7c                HAL_TIM_MspPostInit
 .text.HAL_UART_MspInit
                0x0000000008001f14       0x8c ./Core/Src/stm32f1xx_hal_msp.o
                0x0000000008001f14                HAL_UART_MspInit
 .text.NMI_Handler
                0x0000000008001fa0        0x6 ./Core/Src/stm32f1xx_it.o
                0x0000000008001fa0                NMI_Handler
 .text.HardFault_Handler
                0x0000000008001fa6        0x6 ./Core/Src/stm32f1xx_it.o
                0x0000000008001fa6                HardFault_Handler
 .text.MemManage_Handler
                0x0000000008001fac        0x6 ./Core/Src/stm32f1xx_it.o
                0x0000000008001fac                MemManage_Handler
 .text.BusFault_Handler
                0x0000000008001fb2        0x6 ./Core/Src/stm32f1xx_it.o
                0x0000000008001fb2                BusFault_Handler
 .text.UsageFault_Handler
                0x0000000008001fb8        0x6 ./Core/Src/stm32f1xx_it.o
                0x0000000008001fb8                UsageFault_Handler
 .text.SVC_Handler
                0x0000000008001fbe        0xc ./Core/Src/stm32f1xx_it.o
                0x0000000008001fbe                SVC_Handler
 .text.DebugMon_Handler
                0x0000000008001fca        0xc ./Core/Src/stm32f1xx_it.o
                0x0000000008001fca                DebugMon_Handler
 .text.PendSV_Handler
                0x0000000008001fd6        0xc ./Core/Src/stm32f1xx_it.o
                0x0000000008001fd6                PendSV_Handler
 *fill*         0x0000000008001fe2        0x2 
 .text.SysTick_Handler
                0x0000000008001fe4       0x88 ./Core/Src/stm32f1xx_it.o
                0x0000000008001fe4                SysTick_Handler
 .text.EXTI1_IRQHandler
                0x000000000800206c        0xe ./Core/Src/stm32f1xx_it.o
                0x000000000800206c                EXTI1_IRQHandler
 *fill*         0x000000000800207a        0x2 
 .text.USB_LP_CAN1_RX0_IRQHandler
                0x000000000800207c       0x14 ./Core/Src/stm32f1xx_it.o
                0x000000000800207c                USB_LP_CAN1_RX0_IRQHandler
 .text.CAN1_RX1_IRQHandler
                0x0000000008002090       0x14 ./Core/Src/stm32f1xx_it.o
                0x0000000008002090                CAN1_RX1_IRQHandler
 .text.EXTI9_5_IRQHandler
                0x00000000080020a4        0xe ./Core/Src/stm32f1xx_it.o
                0x00000000080020a4                EXTI9_5_IRQHandler
 *fill*         0x00000000080020b2        0x2 
 .text.TIM1_CC_IRQHandler
                0x00000000080020b4       0x14 ./Core/Src/stm32f1xx_it.o
                0x00000000080020b4                TIM1_CC_IRQHandler
 .text.USART2_IRQHandler
                0x00000000080020c8       0x14 ./Core/Src/stm32f1xx_it.o
                0x00000000080020c8                USART2_IRQHandler
 .text.EXTI15_10_IRQHandler
                0x00000000080020dc       0x10 ./Core/Src/stm32f1xx_it.o
                0x00000000080020dc                EXTI15_10_IRQHandler
 .text.SystemInit
                0x00000000080020ec        0xc ./Core/Src/system_stm32f1xx.o
                0x00000000080020ec                SystemInit
 .text.Reset_Handler
                0x00000000080020f8       0x48 ./Core/Startup/startup_stm32f103rbtx.o
                0x00000000080020f8                Reset_Handler
 .text.Default_Handler
                0x0000000008002140        0x2 ./Core/Startup/startup_stm32f103rbtx.o
                0x0000000008002140                RTC_Alarm_IRQHandler
                0x0000000008002140                EXTI2_IRQHandler
                0x0000000008002140                PVD_IRQHandler
                0x0000000008002140                EXTI3_IRQHandler
                0x0000000008002140                EXTI0_IRQHandler
                0x0000000008002140                I2C2_EV_IRQHandler
                0x0000000008002140                ADC1_2_IRQHandler
                0x0000000008002140                SPI1_IRQHandler
                0x0000000008002140                TAMPER_IRQHandler
                0x0000000008002140                DMA1_Channel4_IRQHandler
                0x0000000008002140                USART3_IRQHandler
                0x0000000008002140                RTC_IRQHandler
                0x0000000008002140                DMA1_Channel7_IRQHandler
                0x0000000008002140                TIM4_IRQHandler
                0x0000000008002140                I2C1_EV_IRQHandler
                0x0000000008002140                DMA1_Channel6_IRQHandler
                0x0000000008002140                TIM3_IRQHandler
                0x0000000008002140                RCC_IRQHandler
                0x0000000008002140                TIM1_TRG_COM_IRQHandler
                0x0000000008002140                DMA1_Channel1_IRQHandler
                0x0000000008002140                Default_Handler
                0x0000000008002140                SPI2_IRQHandler
                0x0000000008002140                DMA1_Channel5_IRQHandler
                0x0000000008002140                EXTI4_IRQHandler
                0x0000000008002140                USB_HP_CAN1_TX_IRQHandler
                0x0000000008002140                DMA1_Channel3_IRQHandler
                0x0000000008002140                TIM1_UP_IRQHandler
                0x0000000008002140                WWDG_IRQHandler
                0x0000000008002140                TIM2_IRQHandler
                0x0000000008002140                TIM1_BRK_IRQHandler
                0x0000000008002140                I2C2_ER_IRQHandler
                0x0000000008002140                DMA1_Channel2_IRQHandler
                0x0000000008002140                CAN1_SCE_IRQHandler
                0x0000000008002140                FLASH_IRQHandler
                0x0000000008002140                USART1_IRQHandler
                0x0000000008002140                I2C1_ER_IRQHandler
                0x0000000008002140                USBWakeUp_IRQHandler
 *fill*         0x0000000008002142        0x2 
 .text.HAL_Init
                0x0000000008002144       0x2c ./Drivers/STM32F1xx_HAL_Driver/Src/stm32f1xx_hal.o
                0x0000000008002144                HAL_Init
 .text.HAL_InitTick
                0x0000000008002170       0x60 ./Drivers/STM32F1xx_HAL_Driver/Src/stm32f1xx_hal.o
                0x0000000008002170                HAL_InitTick
 .text.HAL_IncTick
                0x00000000080021d0       0x24 ./Drivers/STM32F1xx_HAL_Driver/Src/stm32f1xx_hal.o
                0x00000000080021d0                HAL_IncTick
 .text.HAL_GetTick
                0x00000000080021f4       0x14 ./Drivers/STM32F1xx_HAL_Driver/Src/stm32f1xx_hal.o
                0x00000000080021f4                HAL_GetTick
 .text.HAL_Delay
                0x0000000008002208       0x48 ./Drivers/STM32F1xx_HAL_Driver/Src/stm32f1xx_hal.o
                0x0000000008002208                HAL_Delay
 .text.HAL_ADC_Init
                0x0000000008002250      0x1b0 ./Drivers/STM32F1xx_HAL_Driver/Src/stm32f1xx_hal_adc.o
                0x0000000008002250                HAL_ADC_Init
 .text.HAL_ADC_ConfigChannel
                0x0000000008002400      0x1f0 ./Drivers/STM32F1xx_HAL_Driver/Src/stm32f1xx_hal_adc.o
                0x0000000008002400                HAL_ADC_ConfigChannel
 .text.ADC_ConversionStop_Disable
                0x00000000080025f0       0x82 ./Drivers/STM32F1xx_HAL_Driver/Src/stm32f1xx_hal_adc.o
                0x00000000080025f0                ADC_ConversionStop_Disable
 .text.HAL_CAN_Init
                0x0000000008002672      0x1f6 ./Drivers/STM32F1xx_HAL_Driver/Src/stm32f1xx_hal_can.o
                0x0000000008002672                HAL_CAN_Init
 .text.HAL_CAN_ConfigFilter
                0x0000000008002868      0x192 ./Drivers/STM32F1xx_HAL_Driver/Src/stm32f1xx_hal_can.o
                0x0000000008002868                HAL_CAN_ConfigFilter
 .text.HAL_CAN_AddTxMessage
                0x00000000080029fa      0x1b4 ./Drivers/STM32F1xx_HAL_Driver/Src/stm32f1xx_hal_can.o
                0x00000000080029fa                HAL_CAN_AddTxMessage
 .text.HAL_CAN_GetRxMessage
                0x0000000008002bae      0x222 ./Drivers/STM32F1xx_HAL_Driver/Src/stm32f1xx_hal_can.o
                0x0000000008002bae                HAL_CAN_GetRxMessage
 .text.HAL_CAN_IRQHandler
                0x0000000008002dd0      0x36e ./Drivers/STM32F1xx_HAL_Driver/Src/stm32f1xx_hal_can.o
                0x0000000008002dd0                HAL_CAN_IRQHandler
 .text.HAL_CAN_TxMailbox0CompleteCallback
                0x000000000800313e       0x12 ./Drivers/STM32F1xx_HAL_Driver/Src/stm32f1xx_hal_can.o
                0x000000000800313e                HAL_CAN_TxMailbox0CompleteCallback
 .text.HAL_CAN_TxMailbox1CompleteCallback
                0x0000000008003150       0x12 ./Drivers/STM32F1xx_HAL_Driver/Src/stm32f1xx_hal_can.o
                0x0000000008003150                HAL_CAN_TxMailbox1CompleteCallback
 .text.HAL_CAN_TxMailbox2CompleteCallback
                0x0000000008003162       0x12 ./Drivers/STM32F1xx_HAL_Driver/Src/stm32f1xx_hal_can.o
                0x0000000008003162                HAL_CAN_TxMailbox2CompleteCallback
 .text.HAL_CAN_TxMailbox0AbortCallback
                0x0000000008003174       0x12 ./Drivers/STM32F1xx_HAL_Driver/Src/stm32f1xx_hal_can.o
                0x0000000008003174                HAL_CAN_TxMailbox0AbortCallback
 .text.HAL_CAN_TxMailbox1AbortCallback
                0x0000000008003186       0x12 ./Drivers/STM32F1xx_HAL_Driver/Src/stm32f1xx_hal_can.o
                0x0000000008003186                HAL_CAN_TxMailbox1AbortCallback
 .text.HAL_CAN_TxMailbox2AbortCallback
                0x0000000008003198       0x12 ./Drivers/STM32F1xx_HAL_Driver/Src/stm32f1xx_hal_can.o
                0x0000000008003198                HAL_CAN_TxMailbox2AbortCallback
 .text.HAL_CAN_RxFifo0FullCallback
                0x00000000080031aa       0x12 ./Drivers/STM32F1xx_HAL_Driver/Src/stm32f1xx_hal_can.o
                0x00000000080031aa                HAL_CAN_RxFifo0FullCallback
 .text.HAL_CAN_RxFifo1MsgPendingCallback
                0x00000000080031bc       0x12 ./Drivers/STM32F1xx_HAL_Driver/Src/stm32f1xx_hal_can.o
                0x00000000080031bc                HAL_CAN_RxFifo1MsgPendingCallback
 .text.HAL_CAN_RxFifo1FullCallback
                0x00000000080031ce       0x12 ./Drivers/STM32F1xx_HAL_Driver/Src/stm32f1xx_hal_can.o
                0x00000000080031ce                HAL_CAN_RxFifo1FullCallback
 .text.HAL_CAN_SleepCallback
                0x00000000080031e0       0x12 ./Drivers/STM32F1xx_HAL_Driver/Src/stm32f1xx_hal_can.o
                0x00000000080031e0                HAL_CAN_SleepCallback
 .text.HAL_CAN_WakeUpFromRxMsgCallback
                0x00000000080031f2       0x12 ./Drivers/STM32F1xx_HAL_Driver/Src/stm32f1xx_hal_can.o
                0x00000000080031f2                HAL_CAN_WakeUpFromRxMsgCallback
 .text.HAL_CAN_ErrorCallback
                0x0000000008003204       0x12 ./Drivers/STM32F1xx_HAL_Driver/Src/stm32f1xx_hal_can.o
                0x0000000008003204                HAL_CAN_ErrorCallback
 *fill*         0x0000000008003216        0x2 
 .text.__NVIC_SetPriorityGrouping
                0x0000000008003218       0x48 ./Drivers/STM32F1xx_HAL_Driver/Src/stm32f1xx_hal_cortex.o
 .text.__NVIC_GetPriorityGrouping
                0x0000000008003260       0x1c ./Drivers/STM32F1xx_HAL_Driver/Src/stm32f1xx_hal_cortex.o
 .text.__NVIC_EnableIRQ
                0x000000000800327c       0x38 ./Drivers/STM32F1xx_HAL_Driver/Src/stm32f1xx_hal_cortex.o
 .text.__NVIC_SetPriority
                0x00000000080032b4       0x54 ./Drivers/STM32F1xx_HAL_Driver/Src/stm32f1xx_hal_cortex.o
 .text.NVIC_EncodePriority
                0x0000000008003308       0x64 ./Drivers/STM32F1xx_HAL_Driver/Src/stm32f1xx_hal_cortex.o
 .text.SysTick_Config
                0x000000000800336c       0x44 ./Drivers/STM32F1xx_HAL_Driver/Src/stm32f1xx_hal_cortex.o
 .text.HAL_NVIC_SetPriorityGrouping
                0x00000000080033b0       0x16 ./Drivers/STM32F1xx_HAL_Driver/Src/stm32f1xx_hal_cortex.o
                0x00000000080033b0                HAL_NVIC_SetPriorityGrouping
 .text.HAL_NVIC_SetPriority
                0x00000000080033c6       0x38 ./Drivers/STM32F1xx_HAL_Driver/Src/stm32f1xx_hal_cortex.o
                0x00000000080033c6                HAL_NVIC_SetPriority
 .text.HAL_NVIC_EnableIRQ
                0x00000000080033fe       0x1c ./Drivers/STM32F1xx_HAL_Driver/Src/stm32f1xx_hal_cortex.o
                0x00000000080033fe                HAL_NVIC_EnableIRQ
 .text.HAL_SYSTICK_Config
                0x000000000800341a       0x18 ./Drivers/STM32F1xx_HAL_Driver/Src/stm32f1xx_hal_cortex.o
                0x000000000800341a                HAL_SYSTICK_Config
 .text.HAL_DMA_Abort
                0x0000000008003432       0x74 ./Drivers/STM32F1xx_HAL_Driver/Src/stm32f1xx_hal_dma.o
                0x0000000008003432                HAL_DMA_Abort
 *fill*         0x00000000080034a6        0x2 
 .text.HAL_DMA_Abort_IT
                0x00000000080034a8       0xec ./Drivers/STM32F1xx_HAL_Driver/Src/stm32f1xx_hal_dma.o
                0x00000000080034a8                HAL_DMA_Abort_IT
 .text.HAL_GPIO_Init
                0x0000000008003594      0x308 ./Drivers/STM32F1xx_HAL_Driver/Src/stm32f1xx_hal_gpio.o
                0x0000000008003594                HAL_GPIO_Init
 .text.HAL_GPIO_WritePin
                0x000000000800389c       0x30 ./Drivers/STM32F1xx_HAL_Driver/Src/stm32f1xx_hal_gpio.o
                0x000000000800389c                HAL_GPIO_WritePin
 .text.HAL_GPIO_EXTI_IRQHandler
                0x00000000080038cc       0x30 ./Drivers/STM32F1xx_HAL_Driver/Src/stm32f1xx_hal_gpio.o
                0x00000000080038cc                HAL_GPIO_EXTI_IRQHandler
 .text.HAL_I2C_Init
                0x00000000080038fc      0x288 ./Drivers/STM32F1xx_HAL_Driver/Src/stm32f1xx_hal_i2c.o
                0x00000000080038fc                HAL_I2C_Init
 .text.HAL_RCC_OscConfig
                0x0000000008003b84      0x504 ./Drivers/STM32F1xx_HAL_Driver/Src/stm32f1xx_hal_rcc.o
                0x0000000008003b84                HAL_RCC_OscConfig
 .text.HAL_RCC_ClockConfig
                0x0000000008004088      0x1d4 ./Drivers/STM32F1xx_HAL_Driver/Src/stm32f1xx_hal_rcc.o
                0x0000000008004088                HAL_RCC_ClockConfig
 .text.HAL_RCC_GetSysClockFreq
                0x000000000800425c       0xbc ./Drivers/STM32F1xx_HAL_Driver/Src/stm32f1xx_hal_rcc.o
                0x000000000800425c                HAL_RCC_GetSysClockFreq
 .text.HAL_RCC_GetHCLKFreq
                0x0000000008004318       0x14 ./Drivers/STM32F1xx_HAL_Driver/Src/stm32f1xx_hal_rcc.o
                0x0000000008004318                HAL_RCC_GetHCLKFreq
 .text.HAL_RCC_GetPCLK1Freq
                0x000000000800432c       0x28 ./Drivers/STM32F1xx_HAL_Driver/Src/stm32f1xx_hal_rcc.o
                0x000000000800432c                HAL_RCC_GetPCLK1Freq
 .text.HAL_RCC_GetPCLK2Freq
                0x0000000008004354       0x28 ./Drivers/STM32F1xx_HAL_Driver/Src/stm32f1xx_hal_rcc.o
                0x0000000008004354                HAL_RCC_GetPCLK2Freq
 .text.RCC_Delay
                0x000000000800437c       0x3c ./Drivers/STM32F1xx_HAL_Driver/Src/stm32f1xx_hal_rcc.o
 .text.HAL_RCCEx_PeriphCLKConfig
                0x00000000080043b8      0x16c ./Drivers/STM32F1xx_HAL_Driver/Src/stm32f1xx_hal_rcc_ex.o
                0x00000000080043b8                HAL_RCCEx_PeriphCLKConfig
 .text.HAL_TIM_PWM_Init
                0x0000000008004524       0x9e ./Drivers/STM32F1xx_HAL_Driver/Src/stm32f1xx_hal_tim.o
                0x0000000008004524                HAL_TIM_PWM_Init
 .text.HAL_TIM_Encoder_Init
                0x00000000080045c2      0x144 ./Drivers/STM32F1xx_HAL_Driver/Src/stm32f1xx_hal_tim.o
                0x00000000080045c2                HAL_TIM_Encoder_Init
 .text.HAL_TIM_Encoder_Start_IT
                0x0000000008004706      0x15c ./Drivers/STM32F1xx_HAL_Driver/Src/stm32f1xx_hal_tim.o
                0x0000000008004706                HAL_TIM_Encoder_Start_IT
 .text.HAL_TIM_IRQHandler
                0x0000000008004862      0x210 ./Drivers/STM32F1xx_HAL_Driver/Src/stm32f1xx_hal_tim.o
                0x0000000008004862                HAL_TIM_IRQHandler
 *fill*         0x0000000008004a72        0x2 
 .text.HAL_TIM_PWM_ConfigChannel
                0x0000000008004a74      0x17c ./Drivers/STM32F1xx_HAL_Driver/Src/stm32f1xx_hal_tim.o
                0x0000000008004a74                HAL_TIM_PWM_ConfigChannel
 .text.HAL_TIM_PeriodElapsedCallback
                0x0000000008004bf0       0x12 ./Drivers/STM32F1xx_HAL_Driver/Src/stm32f1xx_hal_tim.o
                0x0000000008004bf0                HAL_TIM_PeriodElapsedCallback
 .text.HAL_TIM_OC_DelayElapsedCallback
                0x0000000008004c02       0x12 ./Drivers/STM32F1xx_HAL_Driver/Src/stm32f1xx_hal_tim.o
                0x0000000008004c02                HAL_TIM_OC_DelayElapsedCallback
 .text.HAL_TIM_PWM_PulseFinishedCallback
                0x0000000008004c14       0x12 ./Drivers/STM32F1xx_HAL_Driver/Src/stm32f1xx_hal_tim.o
                0x0000000008004c14                HAL_TIM_PWM_PulseFinishedCallback
 .text.HAL_TIM_TriggerCallback
                0x0000000008004c26       0x12 ./Drivers/STM32F1xx_HAL_Driver/Src/stm32f1xx_hal_tim.o
                0x0000000008004c26                HAL_TIM_TriggerCallback
 .text.TIM_Base_SetConfig
                0x0000000008004c38       0xc4 ./Drivers/STM32F1xx_HAL_Driver/Src/stm32f1xx_hal_tim.o
                0x0000000008004c38                TIM_Base_SetConfig
 .text.TIM_OC1_SetConfig
                0x0000000008004cfc       0xcc ./Drivers/STM32F1xx_HAL_Driver/Src/stm32f1xx_hal_tim.o
 .text.TIM_OC2_SetConfig
                0x0000000008004dc8       0xd4 ./Drivers/STM32F1xx_HAL_Driver/Src/stm32f1xx_hal_tim.o
                0x0000000008004dc8                TIM_OC2_SetConfig
 .text.TIM_OC3_SetConfig
                0x0000000008004e9c       0xd4 ./Drivers/STM32F1xx_HAL_Driver/Src/stm32f1xx_hal_tim.o
 .text.TIM_OC4_SetConfig
                0x0000000008004f70       0x9c ./Drivers/STM32F1xx_HAL_Driver/Src/stm32f1xx_hal_tim.o
 .text.TIM_CCxChannelCmd
                0x000000000800500c       0x48 ./Drivers/STM32F1xx_HAL_Driver/Src/stm32f1xx_hal_tim.o
                0x000000000800500c                TIM_CCxChannelCmd
 .text.HAL_TIMEx_MasterConfigSynchronization
                0x0000000008005054       0xbc ./Drivers/STM32F1xx_HAL_Driver/Src/stm32f1xx_hal_tim_ex.o
                0x0000000008005054                HAL_TIMEx_MasterConfigSynchronization
 .text.HAL_TIMEx_CommutCallback
                0x0000000008005110       0x12 ./Drivers/STM32F1xx_HAL_Driver/Src/stm32f1xx_hal_tim_ex.o
                0x0000000008005110                HAL_TIMEx_CommutCallback
 .text.HAL_TIMEx_BreakCallback
                0x0000000008005122       0x12 ./Drivers/STM32F1xx_HAL_Driver/Src/stm32f1xx_hal_tim_ex.o
                0x0000000008005122                HAL_TIMEx_BreakCallback
 .text.HAL_UART_Init
                0x0000000008005134       0x9a ./Drivers/STM32F1xx_HAL_Driver/Src/stm32f1xx_hal_uart.o
                0x0000000008005134                HAL_UART_Init
 .text.HAL_UART_Receive_IT
                0x00000000080051ce       0x60 ./Drivers/STM32F1xx_HAL_Driver/Src/stm32f1xx_hal_uart.o
                0x00000000080051ce                HAL_UART_Receive_IT
 *fill*         0x000000000800522e        0x2 
 .text.HAL_UART_AbortReceive_IT
                0x0000000008005230       0xd4 ./Drivers/STM32F1xx_HAL_Driver/Src/stm32f1xx_hal_uart.o
                0x0000000008005230                HAL_UART_AbortReceive_IT
 .text.HAL_UART_IRQHandler
                0x0000000008005304      0x354 ./Drivers/STM32F1xx_HAL_Driver/Src/stm32f1xx_hal_uart.o
                0x0000000008005304                HAL_UART_IRQHandler
 .text.HAL_UART_ErrorCallback
                0x0000000008005658       0x12 ./Drivers/STM32F1xx_HAL_Driver/Src/stm32f1xx_hal_uart.o
                0x0000000008005658                HAL_UART_ErrorCallback
 .text.HAL_UART_AbortReceiveCpltCallback
                0x000000000800566a       0x12 ./Drivers/STM32F1xx_HAL_Driver/Src/stm32f1xx_hal_uart.o
                0x000000000800566a                HAL_UART_AbortReceiveCpltCallback
 .text.HAL_UARTEx_RxEventCallback
                0x000000000800567c       0x16 ./Drivers/STM32F1xx_HAL_Driver/Src/stm32f1xx_hal_uart.o
                0x000000000800567c                HAL_UARTEx_RxEventCallback
 .text.UART_Start_Receive_IT
                0x0000000008005692       0x72 ./Drivers/STM32F1xx_HAL_Driver/Src/stm32f1xx_hal_uart.o
                0x0000000008005692                UART_Start_Receive_IT
 .text.UART_EndRxTransfer
                0x0000000008005704       0x58 ./Drivers/STM32F1xx_HAL_Driver/Src/stm32f1xx_hal_uart.o
 .text.UART_DMAAbortOnError
                0x000000000800575c       0x28 ./Drivers/STM32F1xx_HAL_Driver/Src/stm32f1xx_hal_uart.o
 .text.UART_DMARxOnlyAbortCallback
                0x0000000008005784       0x30 ./Drivers/STM32F1xx_HAL_Driver/Src/stm32f1xx_hal_uart.o
 .text.UART_Transmit_IT
                0x00000000080057b4       0x9e ./Drivers/STM32F1xx_HAL_Driver/Src/stm32f1xx_hal_uart.o
 .text.UART_EndTransmit_IT
                0x0000000008005852       0x30 ./Drivers/STM32F1xx_HAL_Driver/Src/stm32f1xx_hal_uart.o
 .text.UART_Receive_IT
                0x0000000008005882      0x152 ./Drivers/STM32F1xx_HAL_Driver/Src/stm32f1xx_hal_uart.o
 .text.UART_SetConfig
                0x00000000080059d4      0x11c ./Drivers/STM32F1xx_HAL_Driver/Src/stm32f1xx_hal_uart.o
 .text._ZdlPvj  0x0000000008005af0        0x4 c:/st/stm32cubeide_1.7.0/stm32cubeide/plugins/com.st.stm32cube.ide.mcu.externaltools.gnu-tools-for-stm32.10.3-2021.10.win32_1.0.0.202111181127/tools/bin/../lib/gcc/arm-none-eabi/10.3.1/../../../../arm-none-eabi/lib/thumb/v7-m/nofp\libstdc++_nano.a(del_ops.o)
                0x0000000008005af0                operator delete(void*, unsigned int)
 .text._ZdlPv   0x0000000008005af4        0x4 c:/st/stm32cubeide_1.7.0/stm32cubeide/plugins/com.st.stm32cube.ide.mcu.externaltools.gnu-tools-for-stm32.10.3-2021.10.win32_1.0.0.202111181127/tools/bin/../lib/gcc/arm-none-eabi/10.3.1/../../../../arm-none-eabi/lib/thumb/v7-m/nofp\libstdc++_nano.a(del_op.o)
                0x0000000008005af4                operator delete(void*)
 .text.__libc_init_array
                0x0000000008005af8       0x48 c:/st/stm32cubeide_1.7.0/stm32cubeide/plugins/com.st.stm32cube.ide.mcu.externaltools.gnu-tools-for-stm32.10.3-2021.10.win32_1.0.0.202111181127/tools/bin/../lib/gcc/arm-none-eabi/10.3.1/../../../../arm-none-eabi/lib/thumb/v7-m/nofp\libc_nano.a(lib_a-init.o)
                0x0000000008005af8                __libc_init_array
 .text.free     0x0000000008005b40       0x10 c:/st/stm32cubeide_1.7.0/stm32cubeide/plugins/com.st.stm32cube.ide.mcu.externaltools.gnu-tools-for-stm32.10.3-2021.10.win32_1.0.0.202111181127/tools/bin/../lib/gcc/arm-none-eabi/10.3.1/../../../../arm-none-eabi/lib/thumb/v7-m/nofp\libc_nano.a(lib_a-malloc.o)
                0x0000000008005b40                free
 .text.memset   0x0000000008005b50       0x10 c:/st/stm32cubeide_1.7.0/stm32cubeide/plugins/com.st.stm32cube.ide.mcu.externaltools.gnu-tools-for-stm32.10.3-2021.10.win32_1.0.0.202111181127/tools/bin/../lib/gcc/arm-none-eabi/10.3.1/../../../../arm-none-eabi/lib/thumb/v7-m/nofp\libc_nano.a(lib_a-memset.o)
                0x0000000008005b50                memset
 .text._free_r  0x0000000008005b60       0x90 c:/st/stm32cubeide_1.7.0/stm32cubeide/plugins/com.st.stm32cube.ide.mcu.externaltools.gnu-tools-for-stm32.10.3-2021.10.win32_1.0.0.202111181127/tools/bin/../lib/gcc/arm-none-eabi/10.3.1/../../../../arm-none-eabi/lib/thumb/v7-m/nofp\libc_nano.a(lib_a-nano-freer.o)
                0x0000000008005b60                _free_r
 .text.__malloc_lock
                0x0000000008005bf0        0xc c:/st/stm32cubeide_1.7.0/stm32cubeide/plugins/com.st.stm32cube.ide.mcu.externaltools.gnu-tools-for-stm32.10.3-2021.10.win32_1.0.0.202111181127/tools/bin/../lib/gcc/arm-none-eabi/10.3.1/../../../../arm-none-eabi/lib/thumb/v7-m/nofp\libc_nano.a(lib_a-mlock.o)
                0x0000000008005bf0                __malloc_lock
 .text.__malloc_unlock
                0x0000000008005bfc        0xc c:/st/stm32cubeide_1.7.0/stm32cubeide/plugins/com.st.stm32cube.ide.mcu.externaltools.gnu-tools-for-stm32.10.3-2021.10.win32_1.0.0.202111181127/tools/bin/../lib/gcc/arm-none-eabi/10.3.1/../../../../arm-none-eabi/lib/thumb/v7-m/nofp\libc_nano.a(lib_a-mlock.o)
                0x0000000008005bfc                __malloc_unlock
 .text.__retarget_lock_acquire_recursive
                0x0000000008005c08        0x2 c:/st/stm32cubeide_1.7.0/stm32cubeide/plugins/com.st.stm32cube.ide.mcu.externaltools.gnu-tools-for-stm32.10.3-2021.10.win32_1.0.0.202111181127/tools/bin/../lib/gcc/arm-none-eabi/10.3.1/../../../../arm-none-eabi/lib/thumb/v7-m/nofp\libc_nano.a(lib_a-lock.o)
                0x0000000008005c08                __retarget_lock_acquire_recursive
 .text.__retarget_lock_release_recursive
                0x0000000008005c0a        0x2 c:/st/stm32cubeide_1.7.0/stm32cubeide/plugins/com.st.stm32cube.ide.mcu.externaltools.gnu-tools-for-stm32.10.3-2021.10.win32_1.0.0.202111181127/tools/bin/../lib/gcc/arm-none-eabi/10.3.1/../../../../arm-none-eabi/lib/thumb/v7-m/nofp\libc_nano.a(lib_a-lock.o)
                0x0000000008005c0a                __retarget_lock_release_recursive
 *(.glue_7)
 .glue_7        0x0000000008005c0c        0x0 linker stubs
 *(.glue_7t)
 .glue_7t       0x0000000008005c0c        0x0 linker stubs
 *(.eh_frame)
 .eh_frame      0x0000000008005c0c        0x0 c:/st/stm32cubeide_1.7.0/stm32cubeide/plugins/com.st.stm32cube.ide.mcu.externaltools.gnu-tools-for-stm32.10.3-2021.10.win32_1.0.0.202111181127/tools/bin/../lib/gcc/arm-none-eabi/10.3.1/thumb/v7-m/nofp/crtbegin.o
 *(.init)
 .init          0x0000000008005c0c        0x4 c:/st/stm32cubeide_1.7.0/stm32cubeide/plugins/com.st.stm32cube.ide.mcu.externaltools.gnu-tools-for-stm32.10.3-2021.10.win32_1.0.0.202111181127/tools/bin/../lib/gcc/arm-none-eabi/10.3.1/thumb/v7-m/nofp/crti.o
                0x0000000008005c0c                _init
 .init          0x0000000008005c10        0x8 c:/st/stm32cubeide_1.7.0/stm32cubeide/plugins/com.st.stm32cube.ide.mcu.externaltools.gnu-tools-for-stm32.10.3-2021.10.win32_1.0.0.202111181127/tools/bin/../lib/gcc/arm-none-eabi/10.3.1/thumb/v7-m/nofp/crtn.o
 *(.fini)
 .fini          0x0000000008005c18        0x4 c:/st/stm32cubeide_1.7.0/stm32cubeide/plugins/com.st.stm32cube.ide.mcu.externaltools.gnu-tools-for-stm32.10.3-2021.10.win32_1.0.0.202111181127/tools/bin/../lib/gcc/arm-none-eabi/10.3.1/thumb/v7-m/nofp/crti.o
                0x0000000008005c18                _fini
 .fini          0x0000000008005c1c        0x8 c:/st/stm32cubeide_1.7.0/stm32cubeide/plugins/com.st.stm32cube.ide.mcu.externaltools.gnu-tools-for-stm32.10.3-2021.10.win32_1.0.0.202111181127/tools/bin/../lib/gcc/arm-none-eabi/10.3.1/thumb/v7-m/nofp/crtn.o
                0x0000000008005c24                . = ALIGN (0x4)
                0x0000000008005c24                _etext = .

.vfp11_veneer   0x0000000008005c24        0x0
 .vfp11_veneer  0x0000000008005c24        0x0 linker stubs

.v4_bx          0x0000000008005c24        0x0
 .v4_bx         0x0000000008005c24        0x0 linker stubs

.iplt           0x0000000008005c24        0x0
 .iplt          0x0000000008005c24        0x0 c:/st/stm32cubeide_1.7.0/stm32cubeide/plugins/com.st.stm32cube.ide.mcu.externaltools.gnu-tools-for-stm32.10.3-2021.10.win32_1.0.0.202111181127/tools/bin/../lib/gcc/arm-none-eabi/10.3.1/thumb/v7-m/nofp/crtbegin.o

.rodata         0x0000000008005c24      0x11c
                0x0000000008005c24                . = ALIGN (0x4)
 *(.rodata)
 .rodata        0x0000000008005c24       0xf4 ./Core/Src/mainboard.o
 .rodata        0x0000000008005d18       0x10 ./Drivers/STM32F1xx_HAL_Driver/Src/stm32f1xx_hal_rcc.o
 *(.rodata*)
 .rodata.AHBPrescTable
                0x0000000008005d28       0x10 ./Core/Src/system_stm32f1xx.o
                0x0000000008005d28                AHBPrescTable
 .rodata.APBPrescTable
                0x0000000008005d38        0x8 ./Core/Src/system_stm32f1xx.o
                0x0000000008005d38                APBPrescTable
                0x0000000008005d40                . = ALIGN (0x4)

.rel.dyn        0x0000000008005d40        0x0
 .rel.iplt      0x0000000008005d40        0x0 c:/st/stm32cubeide_1.7.0/stm32cubeide/plugins/com.st.stm32cube.ide.mcu.externaltools.gnu-tools-for-stm32.10.3-2021.10.win32_1.0.0.202111181127/tools/bin/../lib/gcc/arm-none-eabi/10.3.1/thumb/v7-m/nofp/crtbegin.o

.ARM.extab      0x0000000008005d40        0x0
                0x0000000008005d40                . = ALIGN (0x4)
 *(.ARM.extab* .gnu.linkonce.armextab.*)
                0x0000000008005d40                . = ALIGN (0x4)

.ARM            0x0000000008005d40        0x0
                0x0000000008005d40                . = ALIGN (0x4)
                0x0000000008005d40                __exidx_start = .
 *(.ARM.exidx*)
                0x0000000008005d40                __exidx_end = .
                0x0000000008005d40                . = ALIGN (0x4)

.preinit_array  0x0000000008005d40        0x0
                0x0000000008005d40                . = ALIGN (0x4)
                0x0000000008005d40                PROVIDE (__preinit_array_start = .)
 *(.preinit_array*)
                0x0000000008005d40                PROVIDE (__preinit_array_end = .)
                0x0000000008005d40                . = ALIGN (0x4)

.init_array     0x0000000008005d40        0x8
                0x0000000008005d40                . = ALIGN (0x4)
                0x0000000008005d40                PROVIDE (__init_array_start = .)
 *(SORT_BY_NAME(.init_array.*))
 *(.init_array*)
 .init_array    0x0000000008005d40        0x4 c:/st/stm32cubeide_1.7.0/stm32cubeide/plugins/com.st.stm32cube.ide.mcu.externaltools.gnu-tools-for-stm32.10.3-2021.10.win32_1.0.0.202111181127/tools/bin/../lib/gcc/arm-none-eabi/10.3.1/thumb/v7-m/nofp/crtbegin.o
 .init_array    0x0000000008005d44        0x4 ./Core/Src/mainboard.o
                0x0000000008005d48                PROVIDE (__init_array_end = .)
                0x0000000008005d48                . = ALIGN (0x4)

.fini_array     0x0000000008005d48        0x8
                0x0000000008005d48                . = ALIGN (0x4)
                [!provide]                        PROVIDE (__fini_array_start = .)
 *(SORT_BY_NAME(.fini_array.*))
 *(.fini_array*)
 .fini_array    0x0000000008005d48        0x4 c:/st/stm32cubeide_1.7.0/stm32cubeide/plugins/com.st.stm32cube.ide.mcu.externaltools.gnu-tools-for-stm32.10.3-2021.10.win32_1.0.0.202111181127/tools/bin/../lib/gcc/arm-none-eabi/10.3.1/thumb/v7-m/nofp/crtbegin.o
 .fini_array    0x0000000008005d4c        0x4 ./Core/Src/mainboard.o
                [!provide]                        PROVIDE (__fini_array_end = .)
                0x0000000008005d50                . = ALIGN (0x4)
                0x0000000008005d50                _sidata = LOADADDR (.data)

.data           0x0000000020000000       0x70 load address 0x0000000008005d50
                0x0000000020000000                . = ALIGN (0x4)
                0x0000000020000000                _sdata = .
 *(.data)
 *(.data*)
 .data.SystemCoreClock
                0x0000000020000000        0x4 ./Core/Src/system_stm32f1xx.o
                0x0000000020000000                SystemCoreClock
 .data.uwTickPrio
                0x0000000020000004        0x4 ./Drivers/STM32F1xx_HAL_Driver/Src/stm32f1xx_hal.o
                0x0000000020000004                uwTickPrio
 .data.uwTickFreq
                0x0000000020000008        0x1 ./Drivers/STM32F1xx_HAL_Driver/Src/stm32f1xx_hal.o
                0x0000000020000008                uwTickFreq
 *fill*         0x0000000020000009        0x3 
 .data._impure_ptr
                0x000000002000000c        0x4 c:/st/stm32cubeide_1.7.0/stm32cubeide/plugins/com.st.stm32cube.ide.mcu.externaltools.gnu-tools-for-stm32.10.3-2021.10.win32_1.0.0.202111181127/tools/bin/../lib/gcc/arm-none-eabi/10.3.1/../../../../arm-none-eabi/lib/thumb/v7-m/nofp\libc_nano.a(lib_a-impure.o)
                0x000000002000000c                _impure_ptr
 .data.impure_data
                0x0000000020000010       0x60 c:/st/stm32cubeide_1.7.0/stm32cubeide/plugins/com.st.stm32cube.ide.mcu.externaltools.gnu-tools-for-stm32.10.3-2021.10.win32_1.0.0.202111181127/tools/bin/../lib/gcc/arm-none-eabi/10.3.1/../../../../arm-none-eabi/lib/thumb/v7-m/nofp\libc_nano.a(lib_a-impure.o)
 *(.RamFunc)
 *(.RamFunc*)
                0x0000000020000070                . = ALIGN (0x4)
                0x0000000020000070                _edata = .

.igot.plt       0x0000000020000070        0x0 load address 0x0000000008005dc0
 .igot.plt      0x0000000020000070        0x0 c:/st/stm32cubeide_1.7.0/stm32cubeide/plugins/com.st.stm32cube.ide.mcu.externaltools.gnu-tools-for-stm32.10.3-2021.10.win32_1.0.0.202111181127/tools/bin/../lib/gcc/arm-none-eabi/10.3.1/thumb/v7-m/nofp/crtbegin.o
                0x0000000020000070                . = ALIGN (0x4)

.bss            0x0000000020000070      0x314 load address 0x0000000008005dc0
                0x0000000020000070                _sbss = .
                0x0000000020000070                __bss_start__ = _sbss
 *(.bss)
 .bss           0x0000000020000070       0x1c c:/st/stm32cubeide_1.7.0/stm32cubeide/plugins/com.st.stm32cube.ide.mcu.externaltools.gnu-tools-for-stm32.10.3-2021.10.win32_1.0.0.202111181127/tools/bin/../lib/gcc/arm-none-eabi/10.3.1/thumb/v7-m/nofp/crtbegin.o
 *(.bss*)
 .bss.hadc1     0x000000002000008c       0x30 ./Core/Src/main.o
                0x000000002000008c                hadc1
 .bss.hadc2     0x00000000200000bc       0x30 ./Core/Src/main.o
                0x00000000200000bc                hadc2
 .bss.hcan      0x00000000200000ec       0x28 ./Core/Src/main.o
                0x00000000200000ec                hcan
 .bss.hi2c2     0x0000000020000114       0x54 ./Core/Src/main.o
                0x0000000020000114                hi2c2
 .bss.htim1     0x0000000020000168       0x48 ./Core/Src/main.o
                0x0000000020000168                htim1
 .bss.htim3     0x00000000200001b0       0x48 ./Core/Src/main.o
                0x00000000200001b0                htim3
 .bss.huart2    0x00000000200001f8       0x44 ./Core/Src/main.o
                0x00000000200001f8                huart2
 .bss.TxHeader  0x000000002000023c       0x18 ./Core/Src/main.o
                0x000000002000023c                TxHeader
 .bss.TxData    0x0000000020000254        0x8 ./Core/Src/main.o
                0x0000000020000254                TxData
 .bss.TxMailbox
                0x000000002000025c        0x4 ./Core/Src/main.o
                0x000000002000025c                TxMailbox
 .bss.revolutions
                0x0000000020000260        0x2 ./Core/Src/main.o
                0x0000000020000260                revolutions
 *fill*         0x0000000020000262        0x2 
 .bss.counter   0x0000000020000264        0x4 ./Core/Src/main.o
                0x0000000020000264                counter
 .bss.count     0x0000000020000268        0x2 ./Core/Src/main.o
                0x0000000020000268                count
 .bss.position  0x000000002000026a        0x2 ./Core/Src/main.o
                0x000000002000026a                position
 .bss.speed     0x000000002000026c        0x4 ./Core/Src/main.o
                0x000000002000026c                speed
 .bss.rpm       0x0000000020000270        0x4 ./Core/Src/main.o
                0x0000000020000270                rpm
 .bss.packets_sent
                0x0000000020000274        0x4 ./Core/Src/mainboard.o
                0x0000000020000274                packets_sent
 .bss.transmit_busy
                0x0000000020000278        0x1 ./Core/Src/mainboard.o
                0x0000000020000278                transmit_busy
 *fill*         0x0000000020000279        0x3 
 .bss._Z16incoming_packetsB5cxx11
                0x000000002000027c        0xc ./Core/Src/mainboard.o
                0x000000002000027c                incoming_packets[abi:cxx11]
 .bss.receive_buffer
                0x0000000020000288       0x13 ./Core/Src/mainboard.o
                0x0000000020000288                receive_buffer
 *fill*         0x000000002000029b        0x1 
 .bss.receive_state
                0x000000002000029c        0x4 ./Core/Src/mainboard.o
                0x000000002000029c                receive_state
 .bss.last_packet_tick
                0x00000000200002a0        0x4 ./Core/Src/mainboard.o
                0x00000000200002a0                last_packet_tick
 .bss.error_handler
                0x00000000200002a4       0x44 ./Core/Src/mainboard.o
                0x00000000200002a4                error_handler
 .bss.motor_controller
                0x00000000200002e8       0x50 ./Core/Src/mainboard.o
                0x00000000200002e8                motor_controller
 .bss.module    0x0000000020000338       0x30 ./Core/Src/mainboard.o
                0x0000000020000338                module
 .bss.test      0x0000000020000368        0x8 ./Core/Src/mainboard.o
                0x0000000020000368                test
 .bss.v         0x0000000020000370        0x1 ./Core/Src/mainboard.o
                0x0000000020000370                v
 *fill*         0x0000000020000371        0x1 
 .bss.oldpos    0x0000000020000372        0x2 ./Core/Src/stm32f1xx_it.o
                0x0000000020000372                oldpos
 .bss.indx      0x0000000020000374        0x4 ./Core/Src/stm32f1xx_it.o
                0x0000000020000374                indx
 .bss.uwTick    0x0000000020000378        0x4 ./Drivers/STM32F1xx_HAL_Driver/Src/stm32f1xx_hal.o
                0x0000000020000378                uwTick
 .bss.__malloc_free_list
                0x000000002000037c        0x4 c:/st/stm32cubeide_1.7.0/stm32cubeide/plugins/com.st.stm32cube.ide.mcu.externaltools.gnu-tools-for-stm32.10.3-2021.10.win32_1.0.0.202111181127/tools/bin/../lib/gcc/arm-none-eabi/10.3.1/../../../../arm-none-eabi/lib/thumb/v7-m/nofp\libc_nano.a(lib_a-nano-mallocr.o)
                0x000000002000037c                __malloc_free_list
 .bss.__lock___malloc_recursive_mutex
                0x0000000020000380        0x1 c:/st/stm32cubeide_1.7.0/stm32cubeide/plugins/com.st.stm32cube.ide.mcu.externaltools.gnu-tools-for-stm32.10.3-2021.10.win32_1.0.0.202111181127/tools/bin/../lib/gcc/arm-none-eabi/10.3.1/../../../../arm-none-eabi/lib/thumb/v7-m/nofp\libc_nano.a(lib_a-lock.o)
                0x0000000020000380                __lock___malloc_recursive_mutex
 *(COMMON)
                0x0000000020000384                . = ALIGN (0x4)
 *fill*         0x0000000020000381        0x3 
                0x0000000020000384                _ebss = .
                0x0000000020000384                __bss_end__ = _ebss

._user_heap_stack
                0x0000000020000384      0x604 load address 0x0000000008005dc0
                0x0000000020000388                . = ALIGN (0x8)
 *fill*         0x0000000020000384        0x4 
                [!provide]                        PROVIDE (end = .)
                0x0000000020000388                PROVIDE (_end = .)
                0x0000000020000588                . = (. + _Min_Heap_Size)
 *fill*         0x0000000020000388      0x200 
                0x0000000020000988                . = (. + _Min_Stack_Size)
 *fill*         0x0000000020000588      0x400 
                0x0000000020000988                . = ALIGN (0x8)

/DISCARD/
 libc.a(*)
 libm.a(*)
 libgcc.a(*)

.ARM.attributes
                0x0000000000000000       0x29
 *(.ARM.attributes)
 .ARM.attributes
                0x0000000000000000       0x1d c:/st/stm32cubeide_1.7.0/stm32cubeide/plugins/com.st.stm32cube.ide.mcu.externaltools.gnu-tools-for-stm32.10.3-2021.10.win32_1.0.0.202111181127/tools/bin/../lib/gcc/arm-none-eabi/10.3.1/thumb/v7-m/nofp/crti.o
 .ARM.attributes
                0x000000000000001d       0x2d c:/st/stm32cubeide_1.7.0/stm32cubeide/plugins/com.st.stm32cube.ide.mcu.externaltools.gnu-tools-for-stm32.10.3-2021.10.win32_1.0.0.202111181127/tools/bin/../lib/gcc/arm-none-eabi/10.3.1/thumb/v7-m/nofp/crtbegin.o
 .ARM.attributes
                0x000000000000004a       0x2d ./Core/Src/main.o
 .ARM.attributes
                0x0000000000000077       0x2d ./Core/Src/mainboard.o
 .ARM.attributes
                0x00000000000000a4       0x2d ./Core/Src/stm32f1xx_hal_msp.o
 .ARM.attributes
                0x00000000000000d1       0x2d ./Core/Src/stm32f1xx_it.o
 .ARM.attributes
                0x00000000000000fe       0x2d ./Core/Src/system_stm32f1xx.o
 .ARM.attributes
                0x000000000000012b       0x21 ./Core/Startup/startup_stm32f103rbtx.o
 .ARM.attributes
                0x000000000000014c       0x2d ./Drivers/STM32F1xx_HAL_Driver/Src/stm32f1xx_hal.o
 .ARM.attributes
                0x0000000000000179       0x2d ./Drivers/STM32F1xx_HAL_Driver/Src/stm32f1xx_hal_adc.o
 .ARM.attributes
                0x00000000000001a6       0x2d ./Drivers/STM32F1xx_HAL_Driver/Src/stm32f1xx_hal_can.o
 .ARM.attributes
                0x00000000000001d3       0x2d ./Drivers/STM32F1xx_HAL_Driver/Src/stm32f1xx_hal_cortex.o
 .ARM.attributes
                0x0000000000000200       0x2d ./Drivers/STM32F1xx_HAL_Driver/Src/stm32f1xx_hal_dma.o
 .ARM.attributes
                0x000000000000022d       0x2d ./Drivers/STM32F1xx_HAL_Driver/Src/stm32f1xx_hal_gpio.o
 .ARM.attributes
                0x000000000000025a       0x2d ./Drivers/STM32F1xx_HAL_Driver/Src/stm32f1xx_hal_i2c.o
 .ARM.attributes
                0x0000000000000287       0x2d ./Drivers/STM32F1xx_HAL_Driver/Src/stm32f1xx_hal_rcc.o
 .ARM.attributes
                0x00000000000002b4       0x2d ./Drivers/STM32F1xx_HAL_Driver/Src/stm32f1xx_hal_rcc_ex.o
 .ARM.attributes
                0x00000000000002e1       0x2d ./Drivers/STM32F1xx_HAL_Driver/Src/stm32f1xx_hal_tim.o
 .ARM.attributes
                0x000000000000030e       0x2d ./Drivers/STM32F1xx_HAL_Driver/Src/stm32f1xx_hal_tim_ex.o
 .ARM.attributes
                0x000000000000033b       0x2d ./Drivers/STM32F1xx_HAL_Driver/Src/stm32f1xx_hal_uart.o
 .ARM.attributes
                0x0000000000000368       0x2d c:/st/stm32cubeide_1.7.0/stm32cubeide/plugins/com.st.stm32cube.ide.mcu.externaltools.gnu-tools-for-stm32.10.3-2021.10.win32_1.0.0.202111181127/tools/bin/../lib/gcc/arm-none-eabi/10.3.1/../../../../arm-none-eabi/lib/thumb/v7-m/nofp\libstdc++_nano.a(del_ops.o)
 .ARM.attributes
                0x0000000000000395       0x2d c:/st/stm32cubeide_1.7.0/stm32cubeide/plugins/com.st.stm32cube.ide.mcu.externaltools.gnu-tools-for-stm32.10.3-2021.10.win32_1.0.0.202111181127/tools/bin/../lib/gcc/arm-none-eabi/10.3.1/../../../../arm-none-eabi/lib/thumb/v7-m/nofp\libstdc++_nano.a(del_op.o)
 .ARM.attributes
                0x00000000000003c2       0x2d c:/st/stm32cubeide_1.7.0/stm32cubeide/plugins/com.st.stm32cube.ide.mcu.externaltools.gnu-tools-for-stm32.10.3-2021.10.win32_1.0.0.202111181127/tools/bin/../lib/gcc/arm-none-eabi/10.3.1/../../../../arm-none-eabi/lib/thumb/v7-m/nofp\libc_nano.a(lib_a-impure.o)
 .ARM.attributes
                0x00000000000003ef       0x2d c:/st/stm32cubeide_1.7.0/stm32cubeide/plugins/com.st.stm32cube.ide.mcu.externaltools.gnu-tools-for-stm32.10.3-2021.10.win32_1.0.0.202111181127/tools/bin/../lib/gcc/arm-none-eabi/10.3.1/../../../../arm-none-eabi/lib/thumb/v7-m/nofp\libc_nano.a(lib_a-init.o)
 .ARM.attributes
                0x000000000000041c       0x2d c:/st/stm32cubeide_1.7.0/stm32cubeide/plugins/com.st.stm32cube.ide.mcu.externaltools.gnu-tools-for-stm32.10.3-2021.10.win32_1.0.0.202111181127/tools/bin/../lib/gcc/arm-none-eabi/10.3.1/../../../../arm-none-eabi/lib/thumb/v7-m/nofp\libc_nano.a(lib_a-malloc.o)
 .ARM.attributes
                0x0000000000000449       0x2d c:/st/stm32cubeide_1.7.0/stm32cubeide/plugins/com.st.stm32cube.ide.mcu.externaltools.gnu-tools-for-stm32.10.3-2021.10.win32_1.0.0.202111181127/tools/bin/../lib/gcc/arm-none-eabi/10.3.1/../../../../arm-none-eabi/lib/thumb/v7-m/nofp\libc_nano.a(lib_a-memset.o)
 .ARM.attributes
                0x0000000000000476       0x2d c:/st/stm32cubeide_1.7.0/stm32cubeide/plugins/com.st.stm32cube.ide.mcu.externaltools.gnu-tools-for-stm32.10.3-2021.10.win32_1.0.0.202111181127/tools/bin/../lib/gcc/arm-none-eabi/10.3.1/../../../../arm-none-eabi/lib/thumb/v7-m/nofp\libc_nano.a(lib_a-nano-freer.o)
 .ARM.attributes
                0x00000000000004a3       0x2d c:/st/stm32cubeide_1.7.0/stm32cubeide/plugins/com.st.stm32cube.ide.mcu.externaltools.gnu-tools-for-stm32.10.3-2021.10.win32_1.0.0.202111181127/tools/bin/../lib/gcc/arm-none-eabi/10.3.1/../../../../arm-none-eabi/lib/thumb/v7-m/nofp\libc_nano.a(lib_a-nano-mallocr.o)
 .ARM.attributes
                0x00000000000004d0       0x2d c:/st/stm32cubeide_1.7.0/stm32cubeide/plugins/com.st.stm32cube.ide.mcu.externaltools.gnu-tools-for-stm32.10.3-2021.10.win32_1.0.0.202111181127/tools/bin/../lib/gcc/arm-none-eabi/10.3.1/../../../../arm-none-eabi/lib/thumb/v7-m/nofp\libc_nano.a(lib_a-mlock.o)
 .ARM.attributes
                0x00000000000004fd       0x2d c:/st/stm32cubeide_1.7.0/stm32cubeide/plugins/com.st.stm32cube.ide.mcu.externaltools.gnu-tools-for-stm32.10.3-2021.10.win32_1.0.0.202111181127/tools/bin/../lib/gcc/arm-none-eabi/10.3.1/../../../../arm-none-eabi/lib/thumb/v7-m/nofp\libc_nano.a(lib_a-lock.o)
 .ARM.attributes
                0x000000000000052a       0x1d c:/st/stm32cubeide_1.7.0/stm32cubeide/plugins/com.st.stm32cube.ide.mcu.externaltools.gnu-tools-for-stm32.10.3-2021.10.win32_1.0.0.202111181127/tools/bin/../lib/gcc/arm-none-eabi/10.3.1/thumb/v7-m/nofp\libgcc.a(_arm_muldf3.o)
 .ARM.attributes
                0x0000000000000547       0x1d c:/st/stm32cubeide_1.7.0/stm32cubeide/plugins/com.st.stm32cube.ide.mcu.externaltools.gnu-tools-for-stm32.10.3-2021.10.win32_1.0.0.202111181127/tools/bin/../lib/gcc/arm-none-eabi/10.3.1/thumb/v7-m/nofp\libgcc.a(_arm_addsubdf3.o)
 .ARM.attributes
                0x0000000000000564       0x1d c:/st/stm32cubeide_1.7.0/stm32cubeide/plugins/com.st.stm32cube.ide.mcu.externaltools.gnu-tools-for-stm32.10.3-2021.10.win32_1.0.0.202111181127/tools/bin/../lib/gcc/arm-none-eabi/10.3.1/thumb/v7-m/nofp\libgcc.a(_arm_fixunsdfsi.o)
 .ARM.attributes
                0x0000000000000581       0x1d c:/st/stm32cubeide_1.7.0/stm32cubeide/plugins/com.st.stm32cube.ide.mcu.externaltools.gnu-tools-for-stm32.10.3-2021.10.win32_1.0.0.202111181127/tools/bin/../lib/gcc/arm-none-eabi/10.3.1/thumb/v7-m/nofp\libgcc.a(_arm_addsubsf3.o)
 .ARM.attributes
                0x000000000000059e       0x1d c:/st/stm32cubeide_1.7.0/stm32cubeide/plugins/com.st.stm32cube.ide.mcu.externaltools.gnu-tools-for-stm32.10.3-2021.10.win32_1.0.0.202111181127/tools/bin/../lib/gcc/arm-none-eabi/10.3.1/thumb/v7-m/nofp\libgcc.a(_arm_muldivsf3.o)
 .ARM.attributes
                0x00000000000005bb       0x1d c:/st/stm32cubeide_1.7.0/stm32cubeide/plugins/com.st.stm32cube.ide.mcu.externaltools.gnu-tools-for-stm32.10.3-2021.10.win32_1.0.0.202111181127/tools/bin/../lib/gcc/arm-none-eabi/10.3.1/thumb/v7-m/nofp/crtn.o
OUTPUT(TestCode.elf elf32-littlearm)
LOAD linker stubs
LOAD c:/st/stm32cubeide_1.7.0/stm32cubeide/plugins/com.st.stm32cube.ide.mcu.externaltools.gnu-tools-for-stm32.10.3-2021.10.win32_1.0.0.202111181127/tools/bin/../lib/gcc/arm-none-eabi/10.3.1/../../../../arm-none-eabi/lib/thumb/v7-m/nofp\libc.a
LOAD c:/st/stm32cubeide_1.7.0/stm32cubeide/plugins/com.st.stm32cube.ide.mcu.externaltools.gnu-tools-for-stm32.10.3-2021.10.win32_1.0.0.202111181127/tools/bin/../lib/gcc/arm-none-eabi/10.3.1/../../../../arm-none-eabi/lib/thumb/v7-m/nofp\libm.a
LOAD c:/st/stm32cubeide_1.7.0/stm32cubeide/plugins/com.st.stm32cube.ide.mcu.externaltools.gnu-tools-for-stm32.10.3-2021.10.win32_1.0.0.202111181127/tools/bin/../lib/gcc/arm-none-eabi/10.3.1/thumb/v7-m/nofp\libgcc.a

.debug_info     0x0000000000000000    0x1788f
 .debug_info    0x0000000000000000     0x1ee0 ./Core/Src/main.o
 .debug_info    0x0000000000001ee0     0x6b5f ./Core/Src/mainboard.o
 .debug_info    0x0000000000008a3f     0x1926 ./Core/Src/stm32f1xx_hal_msp.o
 .debug_info    0x000000000000a365      0xe55 ./Core/Src/stm32f1xx_it.o
 .debug_info    0x000000000000b1ba      0x23d ./Core/Src/system_stm32f1xx.o
 .debug_info    0x000000000000b3f7       0x22 ./Core/Startup/startup_stm32f103rbtx.o
 .debug_info    0x000000000000b419      0x734 ./Drivers/STM32F1xx_HAL_Driver/Src/stm32f1xx_hal.o
 .debug_info    0x000000000000bb4d      0xcd9 ./Drivers/STM32F1xx_HAL_Driver/Src/stm32f1xx_hal_adc.o
 .debug_info    0x000000000000c826      0xfb8 ./Drivers/STM32F1xx_HAL_Driver/Src/stm32f1xx_hal_can.o
 .debug_info    0x000000000000d7de      0xb20 ./Drivers/STM32F1xx_HAL_Driver/Src/stm32f1xx_hal_cortex.o
 .debug_info    0x000000000000e2fe      0x73f ./Drivers/STM32F1xx_HAL_Driver/Src/stm32f1xx_hal_dma.o
 .debug_info    0x000000000000ea3d      0x615 ./Drivers/STM32F1xx_HAL_Driver/Src/stm32f1xx_hal_gpio.o
 .debug_info    0x000000000000f052     0x2734 ./Drivers/STM32F1xx_HAL_Driver/Src/stm32f1xx_hal_i2c.o
 .debug_info    0x0000000000011786      0x860 ./Drivers/STM32F1xx_HAL_Driver/Src/stm32f1xx_hal_rcc.o
 .debug_info    0x0000000000011fe6      0x3e0 ./Drivers/STM32F1xx_HAL_Driver/Src/stm32f1xx_hal_rcc_ex.o
 .debug_info    0x00000000000123c6     0x29de ./Drivers/STM32F1xx_HAL_Driver/Src/stm32f1xx_hal_tim.o
 .debug_info    0x0000000000014da4     0x1513 ./Drivers/STM32F1xx_HAL_Driver/Src/stm32f1xx_hal_tim_ex.o
 .debug_info    0x00000000000162b7     0x15d8 ./Drivers/STM32F1xx_HAL_Driver/Src/stm32f1xx_hal_uart.o

.debug_abbrev   0x0000000000000000     0x2e42
 .debug_abbrev  0x0000000000000000      0x30f ./Core/Src/main.o
 .debug_abbrev  0x000000000000030f      0xa9f ./Core/Src/mainboard.o
 .debug_abbrev  0x0000000000000dae      0x261 ./Core/Src/stm32f1xx_hal_msp.o
 .debug_abbrev  0x000000000000100f      0x22c ./Core/Src/stm32f1xx_it.o
 .debug_abbrev  0x000000000000123b      0x13b ./Core/Src/system_stm32f1xx.o
 .debug_abbrev  0x0000000000001376       0x12 ./Core/Startup/startup_stm32f103rbtx.o
 .debug_abbrev  0x0000000000001388      0x1fb ./Drivers/STM32F1xx_HAL_Driver/Src/stm32f1xx_hal.o
 .debug_abbrev  0x0000000000001583      0x210 ./Drivers/STM32F1xx_HAL_Driver/Src/stm32f1xx_hal_adc.o
 .debug_abbrev  0x0000000000001793      0x21d ./Drivers/STM32F1xx_HAL_Driver/Src/stm32f1xx_hal_can.o
 .debug_abbrev  0x00000000000019b0      0x2ed ./Drivers/STM32F1xx_HAL_Driver/Src/stm32f1xx_hal_cortex.o
 .debug_abbrev  0x0000000000001c9d      0x1fe ./Drivers/STM32F1xx_HAL_Driver/Src/stm32f1xx_hal_dma.o
 .debug_abbrev  0x0000000000001e9b      0x1bb ./Drivers/STM32F1xx_HAL_Driver/Src/stm32f1xx_hal_gpio.o
 .debug_abbrev  0x0000000000002056      0x288 ./Drivers/STM32F1xx_HAL_Driver/Src/stm32f1xx_hal_i2c.o
 .debug_abbrev  0x00000000000022de      0x2a8 ./Drivers/STM32F1xx_HAL_Driver/Src/stm32f1xx_hal_rcc.o
 .debug_abbrev  0x0000000000002586      0x182 ./Drivers/STM32F1xx_HAL_Driver/Src/stm32f1xx_hal_rcc_ex.o
 .debug_abbrev  0x0000000000002708      0x25d ./Drivers/STM32F1xx_HAL_Driver/Src/stm32f1xx_hal_tim.o
 .debug_abbrev  0x0000000000002965      0x265 ./Drivers/STM32F1xx_HAL_Driver/Src/stm32f1xx_hal_tim_ex.o
 .debug_abbrev  0x0000000000002bca      0x278 ./Drivers/STM32F1xx_HAL_Driver/Src/stm32f1xx_hal_uart.o

.debug_aranges  0x0000000000000000     0x1408
 .debug_aranges
                0x0000000000000000       0x80 ./Core/Src/main.o
 .debug_aranges
                0x0000000000000080      0x2a0 ./Core/Src/mainboard.o
 .debug_aranges
                0x0000000000000320       0x88 ./Core/Src/stm32f1xx_hal_msp.o
 .debug_aranges
                0x00000000000003a8       0x98 ./Core/Src/stm32f1xx_it.o
 .debug_aranges
                0x0000000000000440       0x28 ./Core/Src/system_stm32f1xx.o
 .debug_aranges
                0x0000000000000468       0x28 ./Core/Startup/startup_stm32f103rbtx.o
 .debug_aranges
                0x0000000000000490       0xe0 ./Drivers/STM32F1xx_HAL_Driver/Src/stm32f1xx_hal.o
 .debug_aranges
                0x0000000000000570       0xf0 ./Drivers/STM32F1xx_HAL_Driver/Src/stm32f1xx_hal_adc.o
 .debug_aranges
                0x0000000000000660      0x138 ./Drivers/STM32F1xx_HAL_Driver/Src/stm32f1xx_hal_can.o
 .debug_aranges
                0x0000000000000798      0x100 ./Drivers/STM32F1xx_HAL_Driver/Src/stm32f1xx_hal_cortex.o
 .debug_aranges
                0x0000000000000898       0x80 ./Drivers/STM32F1xx_HAL_Driver/Src/stm32f1xx_hal_dma.o
 .debug_aranges
                0x0000000000000918       0x58 ./Drivers/STM32F1xx_HAL_Driver/Src/stm32f1xx_hal_gpio.o
 .debug_aranges
                0x0000000000000970      0x2a0 ./Drivers/STM32F1xx_HAL_Driver/Src/stm32f1xx_hal_i2c.o
 .debug_aranges
                0x0000000000000c10       0x90 ./Drivers/STM32F1xx_HAL_Driver/Src/stm32f1xx_hal_rcc.o
 .debug_aranges
                0x0000000000000ca0       0x30 ./Drivers/STM32F1xx_HAL_Driver/Src/stm32f1xx_hal_rcc_ex.o
 .debug_aranges
                0x0000000000000cd0      0x3d0 ./Drivers/STM32F1xx_HAL_Driver/Src/stm32f1xx_hal_tim.o
 .debug_aranges
                0x00000000000010a0      0x168 ./Drivers/STM32F1xx_HAL_Driver/Src/stm32f1xx_hal_tim_ex.o
 .debug_aranges
                0x0000000000001208      0x200 ./Drivers/STM32F1xx_HAL_Driver/Src/stm32f1xx_hal_uart.o

.debug_ranges   0x0000000000000000     0x1360
 .debug_ranges  0x0000000000000000       0x70 ./Core/Src/main.o
 .debug_ranges  0x0000000000000070      0x2a8 ./Core/Src/mainboard.o
 .debug_ranges  0x0000000000000318       0x78 ./Core/Src/stm32f1xx_hal_msp.o
 .debug_ranges  0x0000000000000390       0x88 ./Core/Src/stm32f1xx_it.o
 .debug_ranges  0x0000000000000418       0x18 ./Core/Src/system_stm32f1xx.o
 .debug_ranges  0x0000000000000430       0x20 ./Core/Startup/startup_stm32f103rbtx.o
 .debug_ranges  0x0000000000000450       0xd0 ./Drivers/STM32F1xx_HAL_Driver/Src/stm32f1xx_hal.o
 .debug_ranges  0x0000000000000520       0xe0 ./Drivers/STM32F1xx_HAL_Driver/Src/stm32f1xx_hal_adc.o
 .debug_ranges  0x0000000000000600      0x128 ./Drivers/STM32F1xx_HAL_Driver/Src/stm32f1xx_hal_can.o
 .debug_ranges  0x0000000000000728       0xf0 ./Drivers/STM32F1xx_HAL_Driver/Src/stm32f1xx_hal_cortex.o
 .debug_ranges  0x0000000000000818       0x70 ./Drivers/STM32F1xx_HAL_Driver/Src/stm32f1xx_hal_dma.o
 .debug_ranges  0x0000000000000888       0x48 ./Drivers/STM32F1xx_HAL_Driver/Src/stm32f1xx_hal_gpio.o
 .debug_ranges  0x00000000000008d0      0x2b8 ./Drivers/STM32F1xx_HAL_Driver/Src/stm32f1xx_hal_i2c.o
 .debug_ranges  0x0000000000000b88       0x80 ./Drivers/STM32F1xx_HAL_Driver/Src/stm32f1xx_hal_rcc.o
 .debug_ranges  0x0000000000000c08       0x20 ./Drivers/STM32F1xx_HAL_Driver/Src/stm32f1xx_hal_rcc_ex.o
 .debug_ranges  0x0000000000000c28      0x3c0 ./Drivers/STM32F1xx_HAL_Driver/Src/stm32f1xx_hal_tim.o
 .debug_ranges  0x0000000000000fe8      0x158 ./Drivers/STM32F1xx_HAL_Driver/Src/stm32f1xx_hal_tim_ex.o
 .debug_ranges  0x0000000000001140      0x220 ./Drivers/STM32F1xx_HAL_Driver/Src/stm32f1xx_hal_uart.o

.debug_macro    0x0000000000000000    0x1b462
 .debug_macro   0x0000000000000000      0x1e4 ./Core/Src/main.o
 .debug_macro   0x00000000000001e4      0xa6c ./Core/Src/main.o
 .debug_macro   0x0000000000000c50      0x22d ./Core/Src/main.o
 .debug_macro   0x0000000000000e7d       0x2e ./Core/Src/main.o
 .debug_macro   0x0000000000000eab       0x22 ./Core/Src/main.o
 .debug_macro   0x0000000000000ecd       0x22 ./Core/Src/main.o
 .debug_macro   0x0000000000000eef       0x8e ./Core/Src/main.o
 .debug_macro   0x0000000000000f7d       0x51 ./Core/Src/main.o
 .debug_macro   0x0000000000000fce      0x103 ./Core/Src/main.o
 .debug_macro   0x00000000000010d1       0x6a ./Core/Src/main.o
 .debug_macro   0x000000000000113b      0x1df ./Core/Src/main.o
 .debug_macro   0x000000000000131a       0x1c ./Core/Src/main.o
 .debug_macro   0x0000000000001336       0x22 ./Core/Src/main.o
 .debug_macro   0x0000000000001358       0xbd ./Core/Src/main.o
 .debug_macro   0x0000000000001415      0xd23 ./Core/Src/main.o
 .debug_macro   0x0000000000002138     0xe09e ./Core/Src/main.o
 .debug_macro   0x00000000000101d6       0x6d ./Core/Src/main.o
 .debug_macro   0x0000000000010243     0x3468 ./Core/Src/main.o
 .debug_macro   0x00000000000136ab      0x174 ./Core/Src/main.o
 .debug_macro   0x000000000001381f       0x5c ./Core/Src/main.o
 .debug_macro   0x000000000001387b      0x5be ./Core/Src/main.o
 .debug_macro   0x0000000000013e39      0x289 ./Core/Src/main.o
 .debug_macro   0x00000000000140c2      0x1cb ./Core/Src/main.o
 .debug_macro   0x000000000001428d      0x114 ./Core/Src/main.o
 .debug_macro   0x00000000000143a1      0x1b2 ./Core/Src/main.o
 .debug_macro   0x0000000000014553       0x27 ./Core/Src/main.o
 .debug_macro   0x000000000001457a      0x136 ./Core/Src/main.o
 .debug_macro   0x00000000000146b0      0x1bc ./Core/Src/main.o
 .debug_macro   0x000000000001486c       0x34 ./Core/Src/main.o
 .debug_macro   0x00000000000148a0       0x3c ./Core/Src/main.o
 .debug_macro   0x00000000000148dc      0x408 ./Core/Src/main.o
 .debug_macro   0x0000000000014ce4       0x57 ./Core/Src/main.o
 .debug_macro   0x0000000000014d3b      0x46a ./Core/Src/main.o
 .debug_macro   0x00000000000151a5      0x1b5 ./Core/Src/main.o
 .debug_macro   0x000000000001535a       0x88 ./Core/Src/main.o
 .debug_macro   0x00000000000153e2      0x241 ./Core/Src/main.o
 .debug_macro   0x0000000000015623      0x287 ./Core/Src/main.o
 .debug_macro   0x00000000000158aa      0x141 ./Core/Src/main.o
 .debug_macro   0x00000000000159eb      0x8d1 ./Core/Src/main.o
 .debug_macro   0x00000000000162bc      0x279 ./Core/Src/main.o
 .debug_macro   0x0000000000016535       0x83 ./Core/Src/main.o
 .debug_macro   0x00000000000165b8      0x166 ./Core/Src/main.o
 .debug_macro   0x000000000001671e      0x599 ./Core/Src/mainboard.o
 .debug_macro   0x0000000000016cb7      0xb44 ./Core/Src/mainboard.o
 .debug_macro   0x00000000000177fb       0x1c ./Core/Src/mainboard.o
 .debug_macro   0x0000000000017817      0xd23 ./Core/Src/mainboard.o
 .debug_macro   0x000000000001853a      0x17b ./Core/Src/mainboard.o
 .debug_macro   0x00000000000186b5      0x18a ./Core/Src/mainboard.o
 .debug_macro   0x000000000001883f       0x10 ./Core/Src/mainboard.o
 .debug_macro   0x000000000001884f      0x3d1 ./Core/Src/mainboard.o
 .debug_macro   0x0000000000018c20       0x10 ./Core/Src/mainboard.o
 .debug_macro   0x0000000000018c30       0x18 ./Core/Src/mainboard.o
 .debug_macro   0x0000000000018c48       0x52 ./Core/Src/mainboard.o
 .debug_macro   0x0000000000018c9a       0x3c ./Core/Src/mainboard.o
 .debug_macro   0x0000000000018cd6       0x34 ./Core/Src/mainboard.o
 .debug_macro   0x0000000000018d0a       0x16 ./Core/Src/mainboard.o
 .debug_macro   0x0000000000018d20       0x35 ./Core/Src/mainboard.o
 .debug_macro   0x0000000000018d55       0x16 ./Core/Src/mainboard.o
 .debug_macro   0x0000000000018d6b       0x43 ./Core/Src/mainboard.o
 .debug_macro   0x0000000000018dae       0x34 ./Core/Src/mainboard.o
 .debug_macro   0x0000000000018de2       0x10 ./Core/Src/mainboard.o
 .debug_macro   0x0000000000018df2       0x58 ./Core/Src/mainboard.o
 .debug_macro   0x0000000000018e4a       0x71 ./Core/Src/mainboard.o
 .debug_macro   0x0000000000018ebb       0x16 ./Core/Src/mainboard.o
 .debug_macro   0x0000000000018ed1      0x12a ./Core/Src/mainboard.o
 .debug_macro   0x0000000000018ffb      0x364 ./Core/Src/mainboard.o
 .debug_macro   0x000000000001935f       0x16 ./Core/Src/mainboard.o
 .debug_macro   0x0000000000019375       0x29 ./Core/Src/mainboard.o
 .debug_macro   0x000000000001939e       0x1c ./Core/Src/mainboard.o
 .debug_macro   0x00000000000193ba       0xde ./Core/Src/mainboard.o
 .debug_macro   0x0000000000019498       0x16 ./Core/Src/mainboard.o
 .debug_macro   0x00000000000194ae       0x20 ./Core/Src/mainboard.o
 .debug_macro   0x00000000000194ce       0x1c ./Core/Src/mainboard.o
 .debug_macro   0x00000000000194ea       0x18 ./Core/Src/mainboard.o
 .debug_macro   0x0000000000019502       0x4f ./Core/Src/mainboard.o
 .debug_macro   0x0000000000019551       0x41 ./Core/Src/mainboard.o
 .debug_macro   0x0000000000019592       0x12 ./Core/Src/mainboard.o
 .debug_macro   0x00000000000195a4       0x28 ./Core/Src/mainboard.o
 .debug_macro   0x00000000000195cc       0x2e ./Core/Src/mainboard.o
 .debug_macro   0x00000000000195fa       0x19 ./Core/Src/mainboard.o
 .debug_macro   0x0000000000019613       0x88 ./Core/Src/mainboard.o
 .debug_macro   0x000000000001969b       0x19 ./Core/Src/mainboard.o
 .debug_macro   0x00000000000196b4       0x10 ./Core/Src/mainboard.o
 .debug_macro   0x00000000000196c4       0x11 ./Core/Src/mainboard.o
 .debug_macro   0x00000000000196d5       0x12 ./Core/Src/mainboard.o
 .debug_macro   0x00000000000196e7       0x18 ./Core/Src/mainboard.o
 .debug_macro   0x00000000000196ff       0x27 ./Core/Src/mainboard.o
 .debug_macro   0x0000000000019726      0x120 ./Core/Src/mainboard.o
 .debug_macro   0x0000000000019846      0x1da ./Core/Src/stm32f1xx_hal_msp.o
 .debug_macro   0x0000000000019a20      0x1e4 ./Core/Src/stm32f1xx_it.o
 .debug_macro   0x0000000000019c04      0x1cb ./Core/Src/system_stm32f1xx.o
 .debug_macro   0x0000000000019dcf      0x1ef ./Drivers/STM32F1xx_HAL_Driver/Src/stm32f1xx_hal.o
 .debug_macro   0x0000000000019fbe      0x1e8 ./Drivers/STM32F1xx_HAL_Driver/Src/stm32f1xx_hal_adc.o
 .debug_macro   0x000000000001a1a6      0x1d3 ./Drivers/STM32F1xx_HAL_Driver/Src/stm32f1xx_hal_can.o
 .debug_macro   0x000000000001a379      0x1cb ./Drivers/STM32F1xx_HAL_Driver/Src/stm32f1xx_hal_cortex.o
 .debug_macro   0x000000000001a544      0x1cb ./Drivers/STM32F1xx_HAL_Driver/Src/stm32f1xx_hal_dma.o
 .debug_macro   0x000000000001a70f      0x236 ./Drivers/STM32F1xx_HAL_Driver/Src/stm32f1xx_hal_gpio.o
 .debug_macro   0x000000000001a945      0x212 ./Drivers/STM32F1xx_HAL_Driver/Src/stm32f1xx_hal_i2c.o
 .debug_macro   0x000000000001ab57      0x1dd ./Drivers/STM32F1xx_HAL_Driver/Src/stm32f1xx_hal_rcc.o
 .debug_macro   0x000000000001ad34      0x1cb ./Drivers/STM32F1xx_HAL_Driver/Src/stm32f1xx_hal_rcc_ex.o
 .debug_macro   0x000000000001aeff      0x1cc ./Drivers/STM32F1xx_HAL_Driver/Src/stm32f1xx_hal_tim.o
 .debug_macro   0x000000000001b0cb      0x1cb ./Drivers/STM32F1xx_HAL_Driver/Src/stm32f1xx_hal_tim_ex.o
 .debug_macro   0x000000000001b296      0x1cc ./Drivers/STM32F1xx_HAL_Driver/Src/stm32f1xx_hal_uart.o

.debug_line     0x0000000000000000    0x14475
 .debug_line    0x0000000000000000      0xa87 ./Core/Src/main.o
 .debug_line    0x0000000000000a87     0x1c4e ./Core/Src/mainboard.o
 .debug_line    0x00000000000026d5      0x8ea ./Core/Src/stm32f1xx_hal_msp.o
 .debug_line    0x0000000000002fbf      0x858 ./Core/Src/stm32f1xx_it.o
 .debug_line    0x0000000000003817      0x74b ./Core/Src/system_stm32f1xx.o
 .debug_line    0x0000000000003f62       0x87 ./Core/Startup/startup_stm32f103rbtx.o
 .debug_line    0x0000000000003fe9      0x978 ./Drivers/STM32F1xx_HAL_Driver/Src/stm32f1xx_hal.o
 .debug_line    0x0000000000004961      0xfef ./Drivers/STM32F1xx_HAL_Driver/Src/stm32f1xx_hal_adc.o
 .debug_line    0x0000000000005950     0x1119 ./Drivers/STM32F1xx_HAL_Driver/Src/stm32f1xx_hal_can.o
 .debug_line    0x0000000000006a69      0xb60 ./Drivers/STM32F1xx_HAL_Driver/Src/stm32f1xx_hal_cortex.o
 .debug_line    0x00000000000075c9      0xdd0 ./Drivers/STM32F1xx_HAL_Driver/Src/stm32f1xx_hal_dma.o
 .debug_line    0x0000000000008399      0xa0f ./Drivers/STM32F1xx_HAL_Driver/Src/stm32f1xx_hal_gpio.o
 .debug_line    0x0000000000008da8     0x3a62 ./Drivers/STM32F1xx_HAL_Driver/Src/stm32f1xx_hal_i2c.o
 .debug_line    0x000000000000c80a      0xd86 ./Drivers/STM32F1xx_HAL_Driver/Src/stm32f1xx_hal_rcc.o
 .debug_line    0x000000000000d590      0x8c4 ./Drivers/STM32F1xx_HAL_Driver/Src/stm32f1xx_hal_rcc_ex.o
 .debug_line    0x000000000000de54     0x332e ./Drivers/STM32F1xx_HAL_Driver/Src/stm32f1xx_hal_tim.o
 .debug_line    0x0000000000011182     0x18a0 ./Drivers/STM32F1xx_HAL_Driver/Src/stm32f1xx_hal_tim_ex.o
 .debug_line    0x0000000000012a22     0x1a53 ./Drivers/STM32F1xx_HAL_Driver/Src/stm32f1xx_hal_uart.o

.debug_str      0x0000000000000000    0x9ec0f
 .debug_str     0x0000000000000000    0x8cded ./Core/Src/main.o
                                      0x8d4e4 (size before relaxing)
 .debug_str     0x000000000008cded     0xe3e8 ./Core/Src/mainboard.o
                                      0x9a93e (size before relaxing)
 .debug_str     0x000000000009b1d5      0x17a ./Core/Src/stm32f1xx_hal_msp.o
                                      0x8cefd (size before relaxing)
 .debug_str     0x000000000009b34f      0x19a ./Core/Src/stm32f1xx_it.o
                                      0x8c830 (size before relaxing)
 .debug_str     0x000000000009b4e9       0x7e ./Core/Src/system_stm32f1xx.o
                                      0x8b735 (size before relaxing)
 .debug_str     0x000000000009b567       0x36 ./Core/Startup/startup_stm32f103rbtx.o
                                         0x6e (size before relaxing)
 .debug_str     0x000000000009b59d      0x378 ./Drivers/STM32F1xx_HAL_Driver/Src/stm32f1xx_hal.o
                                      0x8be68 (size before relaxing)
 .debug_str     0x000000000009b915      0x391 ./Drivers/STM32F1xx_HAL_Driver/Src/stm32f1xx_hal_adc.o
                                      0x8be12 (size before relaxing)
 .debug_str     0x000000000009bca6      0x3de ./Drivers/STM32F1xx_HAL_Driver/Src/stm32f1xx_hal_can.o
                                      0x8bf35 (size before relaxing)