Archive member included to satisfy reference by file (symbol)

c:/st/stm32cubeide_1.7.0/stm32cubeide/plugins/com.st.stm32cube.ide.mcu.externaltools.gnu-tools-for-stm32.9-2020-q2-update.win32_2.0.0.202105311346/tools/bin/../lib/gcc/arm-none-eabi/9.3.1/../../../../arm-none-eabi/lib/thumb/v7-m/nofp\libstdc++_nano.a(del_op.o)
                              ./Core/Src/mainboard.o (operator delete(void*))
c:/st/stm32cubeide_1.7.0/stm32cubeide/plugins/com.st.stm32cube.ide.mcu.externaltools.gnu-tools-for-stm32.9-2020-q2-update.win32_2.0.0.202105311346/tools/bin/../lib/gcc/arm-none-eabi/9.3.1/../../../../arm-none-eabi/lib/thumb/v7-m/nofp\libstdc++_nano.a(del_ops.o)
                              ./Core/Src/mainboard.o (operator delete(void*, unsigned int))
c:/st/stm32cubeide_1.7.0/stm32cubeide/plugins/com.st.stm32cube.ide.mcu.externaltools.gnu-tools-for-stm32.9-2020-q2-update.win32_2.0.0.202105311346/tools/bin/../lib/gcc/arm-none-eabi/9.3.1/../../../../arm-none-eabi/lib/thumb/v7-m/nofp\libstdc++_nano.a(new_op.o)
                              ./Core/Src/mainboard.o (operator new(unsigned int))
c:/st/stm32cubeide_1.7.0/stm32cubeide/plugins/com.st.stm32cube.ide.mcu.externaltools.gnu-tools-for-stm32.9-2020-q2-update.win32_2.0.0.202105311346/tools/bin/../lib/gcc/arm-none-eabi/9.3.1/../../../../arm-none-eabi/lib/thumb/v7-m/nofp\libstdc++_nano.a(list.o)
                              ./Core/Src/mainboard.o (std::__detail::_List_node_base::_M_hook(std::__detail::_List_node_base*))
c:/st/stm32cubeide_1.7.0/stm32cubeide/plugins/com.st.stm32cube.ide.mcu.externaltools.gnu-tools-for-stm32.9-2020-q2-update.win32_2.0.0.202105311346/tools/bin/../lib/gcc/arm-none-eabi/9.3.1/../../../../arm-none-eabi/lib/thumb/v7-m/nofp\libstdc++_nano.a(functexcept.o)
                              ./Core/Src/mainboard.o (std::__throw_bad_alloc())
c:/st/stm32cubeide_1.7.0/stm32cubeide/plugins/com.st.stm32cube.ide.mcu.externaltools.gnu-tools-for-stm32.9-2020-q2-update.win32_2.0.0.202105311346/tools/bin/../lib/gcc/arm-none-eabi/9.3.1/../../../../arm-none-eabi/lib/thumb/v7-m/nofp\libstdc++_nano.a(snprintf_lite.o)
                              c:/st/stm32cubeide_1.7.0/stm32cubeide/plugins/com.st.stm32cube.ide.mcu.externaltools.gnu-tools-for-stm32.9-2020-q2-update.win32_2.0.0.202105311346/tools/bin/../lib/gcc/arm-none-eabi/9.3.1/../../../../arm-none-eabi/lib/thumb/v7-m/nofp\libstdc++_nano.a(functexcept.o) (__gnu_cxx::__snprintf_lite(char*, unsigned int, char const*, std::__va_list))
c:/st/stm32cubeide_1.7.0/stm32cubeide/plugins/com.st.stm32cube.ide.mcu.externaltools.gnu-tools-for-stm32.9-2020-q2-update.win32_2.0.0.202105311346/tools/bin/../lib/gcc/arm-none-eabi/9.3.1/../../../../arm-none-eabi/lib/thumb/v7-m/nofp\libstdc++_nano.a(new_handler.o)
                              c:/st/stm32cubeide_1.7.0/stm32cubeide/plugins/com.st.stm32cube.ide.mcu.externaltools.gnu-tools-for-stm32.9-2020-q2-update.win32_2.0.0.202105311346/tools/bin/../lib/gcc/arm-none-eabi/9.3.1/../../../../arm-none-eabi/lib/thumb/v7-m/nofp\libstdc++_nano.a(new_op.o) (std::get_new_handler())
c:/st/stm32cubeide_1.7.0/stm32cubeide/plugins/com.st.stm32cube.ide.mcu.externaltools.gnu-tools-for-stm32.9-2020-q2-update.win32_2.0.0.202105311346/tools/bin/../lib/gcc/arm-none-eabi/9.3.1/../../../../arm-none-eabi/lib/thumb/v7-m/nofp\libc_nano.a(lib_a-abort.o)
                              c:/st/stm32cubeide_1.7.0/stm32cubeide/plugins/com.st.stm32cube.ide.mcu.externaltools.gnu-tools-for-stm32.9-2020-q2-update.win32_2.0.0.202105311346/tools/bin/../lib/gcc/arm-none-eabi/9.3.1/../../../../arm-none-eabi/lib/thumb/v7-m/nofp\libstdc++_nano.a(new_op.o) (abort)
c:/st/stm32cubeide_1.7.0/stm32cubeide/plugins/com.st.stm32cube.ide.mcu.externaltools.gnu-tools-for-stm32.9-2020-q2-update.win32_2.0.0.202105311346/tools/bin/../lib/gcc/arm-none-eabi/9.3.1/../../../../arm-none-eabi/lib/thumb/v7-m/nofp\libc_nano.a(lib_a-errno.o)
                              ./Core/Src/syscalls.o (__errno)
c:/st/stm32cubeide_1.7.0/stm32cubeide/plugins/com.st.stm32cube.ide.mcu.externaltools.gnu-tools-for-stm32.9-2020-q2-update.win32_2.0.0.202105311346/tools/bin/../lib/gcc/arm-none-eabi/9.3.1/../../../../arm-none-eabi/lib/thumb/v7-m/nofp\libc_nano.a(lib_a-exit.o)
                              c:/st/stm32cubeide_1.7.0/stm32cubeide/plugins/com.st.stm32cube.ide.mcu.externaltools.gnu-tools-for-stm32.9-2020-q2-update.win32_2.0.0.202105311346/tools/bin/../lib/gcc/arm-none-eabi/9.3.1/../../../../arm-none-eabi/lib/thumb/v7-m/nofp/crt0.o (exit)
c:/st/stm32cubeide_1.7.0/stm32cubeide/plugins/com.st.stm32cube.ide.mcu.externaltools.gnu-tools-for-stm32.9-2020-q2-update.win32_2.0.0.202105311346/tools/bin/../lib/gcc/arm-none-eabi/9.3.1/../../../../arm-none-eabi/lib/thumb/v7-m/nofp\libc_nano.a(lib_a-impure.o)
[...]
Memory Configuration

Name             Origin             Length             Attributes
RAM              0x0000000020000000 0x0000000000005000 xrw
FLASH            0x0000000008000000 0x0000000000020000 xr
*default*        0x0000000000000000 0xffffffffffffffff

Linker script and memory map

LOAD c:/st/stm32cubeide_1.7.0/stm32cubeide/plugins/com.st.stm32cube.ide.mcu.externaltools.gnu-tools-for-stm32.9-2020-q2-update.win32_2.0.0.202105311346/tools/bin/../lib/gcc/arm-none-eabi/9.3.1/thumb/v7-m/nofp/crti.o
LOAD c:/st/stm32cubeide_1.7.0/stm32cubeide/plugins/com.st.stm32cube.ide.mcu.externaltools.gnu-tools-for-stm32.9-2020-q2-update.win32_2.0.0.202105311346/tools/bin/../lib/gcc/arm-none-eabi/9.3.1/thumb/v7-m/nofp/crtbegin.o
LOAD c:/st/stm32cubeide_1.7.0/stm32cubeide/plugins/com.st.stm32cube.ide.mcu.externaltools.gnu-tools-for-stm32.9-2020-q2-update.win32_2.0.0.202105311346/tools/bin/../lib/gcc/arm-none-eabi/9.3.1/../../../../arm-none-eabi/lib/thumb/v7-m/nofp/crt0.o
LOAD ./Core/Src/main.o
LOAD ./Core/Src/mainboard.o
LOAD ./Core/Src/stm32f1xx_hal_msp.o
LOAD ./Core/Src/stm32f1xx_it.o
LOAD ./Core/Src/syscalls.o
LOAD ./Core/Src/sysmem.o
LOAD ./Core/Src/system_stm32f1xx.o
LOAD ./Core/Startup/startup_stm32f103rbtx.o
LOAD ./Drivers/STM32F1xx_HAL_Driver/Src/stm32f1xx_hal.o
LOAD ./Drivers/STM32F1xx_HAL_Driver/Src/stm32f1xx_hal_adc.o
LOAD ./Drivers/STM32F1xx_HAL_Driver/Src/stm32f1xx_hal_adc_ex.o
LOAD ./Drivers/STM32F1xx_HAL_Driver/Src/stm32f1xx_hal_can.o
LOAD ./Drivers/STM32F1xx_HAL_Driver/Src/stm32f1xx_hal_cortex.o
LOAD ./Drivers/STM32F1xx_HAL_Driver/Src/stm32f1xx_hal_dma.o
LOAD ./Drivers/STM32F1xx_HAL_Driver/Src/stm32f1xx_hal_exti.o
LOAD ./Drivers/STM32F1xx_HAL_Driver/Src/stm32f1xx_hal_flash.o
LOAD ./Drivers/STM32F1xx_HAL_Driver/Src/stm32f1xx_hal_flash_ex.o
LOAD ./Drivers/STM32F1xx_HAL_Driver/Src/stm32f1xx_hal_gpio.o
LOAD ./Drivers/STM32F1xx_HAL_Driver/Src/stm32f1xx_hal_gpio_ex.o
LOAD ./Drivers/STM32F1xx_HAL_Driver/Src/stm32f1xx_hal_i2c.o
LOAD ./Drivers/STM32F1xx_HAL_Driver/Src/stm32f1xx_hal_pwr.o
LOAD ./Drivers/STM32F1xx_HAL_Driver/Src/stm32f1xx_hal_rcc.o
LOAD ./Drivers/STM32F1xx_HAL_Driver/Src/stm32f1xx_hal_rcc_ex.o
LOAD ./Drivers/STM32F1xx_HAL_Driver/Src/stm32f1xx_hal_tim.o
LOAD ./Drivers/STM32F1xx_HAL_Driver/Src/stm32f1xx_hal_tim_ex.o
LOAD ./Drivers/STM32F1xx_HAL_Driver/Src/stm32f1xx_hal_uart.o
START GROUP
LOAD c:/st/stm32cubeide_1.7.0/stm32cubeide/plugins/com.st.stm32cube.ide.mcu.externaltools.gnu-tools-for-stm32.9-2020-q2-update.win32_2.0.0.202105311346/tools/bin/../lib/gcc/arm-none-eabi/9.3.1/../../../../arm-none-eabi/lib/thumb/v7-m/nofp\libstdc++_nano.a
LOAD c:/st/stm32cubeide_1.7.0/stm32cubeide/plugins/com.st.stm32cube.ide.mcu.externaltools.gnu-tools-for-stm32.9-2020-q2-update.win32_2.0.0.202105311346/tools/bin/../lib/gcc/arm-none-eabi/9.3.1/../../../../arm-none-eabi/lib/thumb/v7-m/nofp\libsupc++_nano.a
END GROUP
LOAD c:/st/stm32cubeide_1.7.0/stm32cubeide/plugins/com.st.stm32cube.ide.mcu.externaltools.gnu-tools-for-stm32.9-2020-q2-update.win32_2.0.0.202105311346/tools/bin/../lib/gcc/arm-none-eabi/9.3.1/../../../../arm-none-eabi/lib/thumb/v7-m/nofp\libstdc++_nano.a
LOAD c:/st/stm32cubeide_1.7.0/stm32cubeide/plugins/com.st.stm32cube.ide.mcu.externaltools.gnu-tools-for-stm32.9-2020-q2-update.win32_2.0.0.202105311346/tools/bin/../lib/gcc/arm-none-eabi/9.3.1/../../../../arm-none-eabi/lib/thumb/v7-m/nofp\libm.a
LOAD c:/st/stm32cubeide_1.7.0/stm32cubeide/plugins/com.st.stm32cube.ide.mcu.externaltools.gnu-tools-for-stm32.9-2020-q2-update.win32_2.0.0.202105311346/tools/bin/../lib/gcc/arm-none-eabi/9.3.1/../../../../arm-none-eabi/lib/thumb/v7-m/nofp\libc_nano.a
START GROUP
LOAD c:/st/stm32cubeide_1.7.0/stm32cubeide/plugins/com.st.stm32cube.ide.mcu.externaltools.gnu-tools-for-stm32.9-2020-q2-update.win32_2.0.0.202105311346/tools/bin/../lib/gcc/arm-none-eabi/9.3.1/thumb/v7-m/nofp\libgcc.a
LOAD c:/st/stm32cubeide_1.7.0/stm32cubeide/plugins/com.st.stm32cube.ide.mcu.externaltools.gnu-tools-for-stm32.9-2020-q2-update.win32_2.0.0.202105311346/tools/bin/../lib/gcc/arm-none-eabi/9.3.1/../../../../arm-none-eabi/lib/thumb/v7-m/nofp\libc_nano.a
END GROUP
START GROUP
LOAD c:/st/stm32cubeide_1.7.0/stm32cubeide/plugins/com.st.stm32cube.ide.mcu.externaltools.gnu-tools-for-stm32.9-2020-q2-update.win32_2.0.0.202105311346/tools/bin/../lib/gcc/arm-none-eabi/9.3.1/thumb/v7-m/nofp\libgcc.a
LOAD c:/st/stm32cubeide_1.7.0/stm32cubeide/plugins/com.st.stm32cube.ide.mcu.externaltools.gnu-tools-for-stm32.9-2020-q2-update.win32_2.0.0.202105311346/tools/bin/../lib/gcc/arm-none-eabi/9.3.1/../../../../arm-none-eabi/lib/thumb/v7-m/nofp\libc_nano.a
LOAD c:/st/stm32cubeide_1.7.0/stm32cubeide/plugins/com.st.stm32cube.ide.mcu.externaltools.gnu-tools-for-stm32.9-2020-q2-update.win32_2.0.0.202105311346/tools/bin/../lib/gcc/arm-none-eabi/9.3.1/../../../../arm-none-eabi/lib/thumb/v7-m/nofp\libnosys.a
END GROUP
START GROUP
LOAD c:/st/stm32cubeide_1.7.0/stm32cubeide/plugins/com.st.stm32cube.ide.mcu.externaltools.gnu-tools-for-stm32.9-2020-q2-update.win32_2.0.0.202105311346/tools/bin/../lib/gcc/arm-none-eabi/9.3.1/thumb/v7-m/nofp\libgcc.a
LOAD c:/st/stm32cubeide_1.7.0/stm32cubeide/plugins/com.st.stm32cube.ide.mcu.externaltools.gnu-tools-for-stm32.9-2020-q2-update.win32_2.0.0.202105311346/tools/bin/../lib/gcc/arm-none-eabi/9.3.1/../../../../arm-none-eabi/lib/thumb/v7-m/nofp\libc_nano.a
LOAD c:/st/stm32cubeide_1.7.0/stm32cubeide/plugins/com.st.stm32cube.ide.mcu.externaltools.gnu-tools-for-stm32.9-2020-q2-update.win32_2.0.0.202105311346/tools/bin/../lib/gcc/arm-none-eabi/9.3.1/../../../../arm-none-eabi/lib/thumb/v7-m/nofp\libnosys.a
END GROUP
LOAD c:/st/stm32cubeide_1.7.0/stm32cubeide/plugins/com.st.stm32cube.ide.mcu.externaltools.gnu-tools-for-stm32.9-2020-q2-update.win32_2.0.0.202105311346/tools/bin/../lib/gcc/arm-none-eabi/9.3.1/thumb/v7-m/nofp/crtend.o
LOAD c:/st/stm32cubeide_1.7.0/stm32cubeide/plugins/com.st.stm32cube.ide.mcu.externaltools.gnu-tools-for-stm32.9-2020-q2-update.win32_2.0.0.202105311346/tools/bin/../lib/gcc/arm-none-eabi/9.3.1/thumb/v7-m/nofp/crtn.o
                0x0000000020005000                _estack = (ORIGIN (RAM) + LENGTH (RAM))
                0x0000000000000200                _Min_Heap_Size = 0x200
                0x0000000000000400                _Min_Stack_Size = 0x400

.isr_vector     0x0000000008000000      0x10c
                0x0000000008000000                . = ALIGN (0x4)
 *(.isr_vector)
 .isr_vector    0x0000000008000000      0x10c ./Core/Startup/startup_stm32f103rbtx.o
                0x0000000008000000                g_pfnVectors
                0x000000000800010c                . = ALIGN (0x4)

.text           0x000000000800010c     0x4f20
                0x000000000800010c                . = ALIGN (0x4)
 *(.text)
 .text          0x000000000800010c       0x40 c:/st/stm32cubeide_1.7.0/stm32cubeide/plugins/com.st.stm32cube.ide.mcu.externaltools.gnu-tools-for-stm32.9-2020-q2-update.win32_2.0.0.202105311346/tools/bin/../lib/gcc/arm-none-eabi/9.3.1/thumb/v7-m/nofp/crtbegin.o
 .text          0x000000000800014c      0x21c c:/st/stm32cubeide_1.7.0/stm32cubeide/plugins/com.st.stm32cube.ide.mcu.externaltools.gnu-tools-for-stm32.9-2020-q2-update.win32_2.0.0.202105311346/tools/bin/../lib/gcc/arm-none-eabi/9.3.1/thumb/v7-m/nofp\libgcc.a(_arm_addsubsf3.o)
                0x000000000800014c                __aeabi_frsub
                0x0000000008000154                __subsf3
                0x0000000008000154                __aeabi_fsub
                0x0000000008000158                __aeabi_fadd
                0x0000000008000158                __addsf3
                0x00000000080002b8                __aeabi_ui2f
                0x00000000080002b8                __floatunsisf
                0x00000000080002c0                __aeabi_i2f
                0x00000000080002c0                __floatsisf
                0x00000000080002dc                __aeabi_ul2f
                0x00000000080002dc                __floatundisf
                0x00000000080002ec                __aeabi_l2f
                0x00000000080002ec                __floatdisf
 .text          0x0000000008000368      0x2a0 c:/st/stm32cubeide_1.7.0/stm32cubeide/plugins/com.st.stm32cube.ide.mcu.externaltools.gnu-tools-for-stm32.9-2020-q2-update.win32_2.0.0.202105311346/tools/bin/../lib/gcc/arm-none-eabi/9.3.1/thumb/v7-m/nofp\libgcc.a(_arm_muldivsf3.o)
                0x0000000008000368                __mulsf3
                0x0000000008000368                __aeabi_fmul
                0x00000000080004d0                __aeabi_fdiv
                0x00000000080004d0                __divsf3
 *(.text*)
 .text.HAL_CAN_RxFifo1MsgPendingCallback
                0x0000000008000608       0x38 ./Core/Src/main.o
                0x0000000008000608                HAL_CAN_RxFifo1MsgPendingCallback
 .text.HAL_TIM_IC_CaptureCallback
                0x0000000008000640       0x3c ./Core/Src/main.o
                0x0000000008000640                HAL_TIM_IC_CaptureCallback
 .text.HAL_GPIO_EXTI_Callback
                0x000000000800067c       0x2c ./Core/Src/main.o
                0x000000000800067c                HAL_GPIO_EXTI_Callback
 .text.main     0x00000000080006a8       0x44 ./Core/Src/main.o
                0x00000000080006a8                main
 .text.SystemClock_Config
                0x00000000080006ec       0xb6 ./Core/Src/main.o
                0x00000000080006ec                SystemClock_Config
 *fill*         0x00000000080007a2        0x2 
 .text.MX_ADC1_Init
                0x00000000080007a4       0x7c ./Core/Src/main.o
 .text.MX_ADC2_Init
                0x0000000008000820       0x7c ./Core/Src/main.o
 .text.MX_CAN_Init
                0x000000000800089c       0xa8 ./Core/Src/main.o
 .text.MX_I2C2_Init
                0x0000000008000944       0x5c ./Core/Src/main.o
 .text.MX_TIM1_Init
                0x00000000080009a0       0xb0 ./Core/Src/main.o
 .text.MX_TIM3_Init
                0x0000000008000a50       0xe0 ./Core/Src/main.o
 .text.MX_USART2_UART_Init
                0x0000000008000b30       0x54 ./Core/Src/main.o
 .text.MX_GPIO_Init
                0x0000000008000b84      0x15c ./Core/Src/main.o
 .text.Error_Handler
                0x0000000008000ce0        0xa ./Core/Src/main.o
                0x0000000008000ce0                Error_Handler
 .text._ZNSt8__detail17_List_node_headerC2Ev
                0x0000000008000cea       0x18 ./Core/Src/mainboard.o
                0x0000000008000cea                std::__detail::_List_node_header::_List_node_header()
                0x0000000008000cea                std::__detail::_List_node_header::_List_node_header()
 .text._ZNSt8__detail17_List_node_header7_M_initEv
                0x0000000008000d02       0x26 ./Core/Src/mainboard.o
                0x0000000008000d02                std::__detail::_List_node_header::_M_init()
 .text._ZNSt7__cxx1110_List_baseIP6PacketSaIS2_EE10_List_implD2Ev
                0x0000000008000d28       0x18 ./Core/Src/mainboard.o
                0x0000000008000d28                std::__cxx11::_List_base<Packet*, std::allocator<Packet*> >::_List_impl::~_List_impl()
                0x0000000008000d28                std::__cxx11::_List_base<Packet*, std::allocator<Packet*> >::_List_impl::~_List_impl()
 .text._ZNSt7__cxx1110_List_baseIP6PacketSaIS2_EEC2Ev
                0x0000000008000d40       0x1a ./Core/Src/mainboard.o
                0x0000000008000d40                std::__cxx11::_List_base<Packet*, std::allocator<Packet*> >::_List_base()
                0x0000000008000d40                std::__cxx11::_List_base<Packet*, std::allocator<Packet*> >::_List_base()
 .text._ZNSt7__cxx114listIP6PacketSaIS2_EEC2Ev
                0x0000000008000d5a       0x1a ./Core/Src/mainboard.o
                0x0000000008000d5a                std::__cxx11::list<Packet*, std::allocator<Packet*> >::list()
                0x0000000008000d5a                std::__cxx11::list<Packet*, std::allocator<Packet*> >::list()
 .text._Z11send_packetP20__UART_HandleTypeDefhhPhh
                0x0000000008000d74       0xf4 ./Core/Src/mainboard.o
                0x0000000008000d74                send_packet(__UART_HandleTypeDef*, unsigned char, unsigned char, unsigned char*, unsigned char)
 .text._Z10get_packetv
                0x0000000008000e68       0x18 ./Core/Src/mainboard.o
                0x0000000008000e68                get_packet()
 .text._Z12clear_packetP6Packet
                0x0000000008000e80       0x2c ./Core/Src/mainboard.o
                0x0000000008000e80                clear_packet(Packet*)
 .text._Z16packet_availablev
                0x0000000008000eac       0x88 ./Core/Src/mainboard.o
                0x0000000008000eac                packet_available()
 .text._ZN10LocoModuleC2EiP12ErrorHandler
                0x0000000008000f34       0x64 ./Core/Src/mainboard.o
                0x0000000008000f34                LocoModule::LocoModule(int, ErrorHandler*)
                0x0000000008000f34                LocoModule::LocoModule(int, ErrorHandler*)
 .text._ZN10LocoModule9send_dataEh
                0x0000000008000f98       0xc6 ./Core/Src/mainboard.o
                0x0000000008000f98                LocoModule::send_data(unsigned char)
 .text._ZN10LocoModule12parse_packetEP6Packet
                0x000000000800105e       0x9c ./Core/Src/mainboard.o
                0x000000000800105e                LocoModule::parse_packet(Packet*)
 *fill*         0x00000000080010fa        0x2 
 .text._ZN6TPM4009read_dataEv
                0x00000000080010fc       0x48 ./Core/Src/mainboard.o
                0x00000000080010fc                TPM400::read_data()
 .text._ZNSt7__cxx1110_List_baseIhSaIhEE10_List_implD2Ev
                0x0000000008001144       0x18 ./Core/Src/mainboard.o
                0x0000000008001144                std::__cxx11::_List_base<unsigned char, std::allocator<unsigned char> >::_List_impl::~_List_impl()
                0x0000000008001144                std::__cxx11::_List_base<unsigned char, std::allocator<unsigned char> >::_List_impl::~_List_impl()
 .text._ZNSt7__cxx1110_List_baseIhSaIhEEC2Ev
                0x000000000800115c       0x1a ./Core/Src/mainboard.o
                0x000000000800115c                std::__cxx11::_List_base<unsigned char, std::allocator<unsigned char> >::_List_base()
                0x000000000800115c                std::__cxx11::_List_base<unsigned char, std::allocator<unsigned char> >::_List_base()
 .text._ZNSt7__cxx114listIhSaIhEEC2Ev
                0x0000000008001176       0x1a ./Core/Src/mainboard.o
                0x0000000008001176                std::__cxx11::list<unsigned char, std::allocator<unsigned char> >::list()
                0x0000000008001176                std::__cxx11::list<unsigned char, std::allocator<unsigned char> >::list()
 .text._ZNSt7__cxx114listIhSaIhEED2Ev
                0x0000000008001190       0x1a ./Core/Src/mainboard.o
                0x0000000008001190                std::__cxx11::list<unsigned char, std::allocator<unsigned char> >::~list()
                0x0000000008001190                std::__cxx11::list<unsigned char, std::allocator<unsigned char> >::~list()
 *fill*         0x00000000080011aa        0x2 
 .text._ZN12ErrorHandlerC2Ev
                0x00000000080011ac       0x4c ./Core/Src/mainboard.o
                0x00000000080011ac                ErrorHandler::ErrorHandler()
                0x00000000080011ac                ErrorHandler::ErrorHandler()
 .text._ZN6TPM400C2Ev
                0x00000000080011f8       0x1a ./Core/Src/mainboard.o
                0x00000000080011f8                TPM400::TPM400()
                0x00000000080011f8                TPM400::TPM400()
 *fill*         0x0000000008001212        0x2 
 .text.HAL_CAN_RxFifo0MsgPendingCallback
                0x0000000008001214       0x1c ./Core/Src/mainboard.o
                0x0000000008001214                HAL_CAN_RxFifo0MsgPendingCallback
 .text._Z14handle_packetsv
                0x0000000008001230       0x48 ./Core/Src/mainboard.o
                0x0000000008001230                handle_packets()
 .text.mainboard
                0x0000000008001278       0x48 ./Core/Src/mainboard.o
                0x0000000008001278                mainboard
 .text._ZNSt7__cxx1110_List_baseIP6PacketSaIS2_EE10_List_implC2Ev
                0x00000000080012c0       0x20 ./Core/Src/mainboard.o
                0x00000000080012c0                std::__cxx11::_List_base<Packet*, std::allocator<Packet*> >::_List_impl::_List_impl()
                0x00000000080012c0                std::__cxx11::_List_base<Packet*, std::allocator<Packet*> >::_List_impl::_List_impl()
 .text._ZNSaISt10_List_nodeIP6PacketEED2Ev
                0x00000000080012e0       0x18 ./Core/Src/mainboard.o
                0x00000000080012e0                std::allocator<std::_List_node<Packet*> >::~allocator()
                0x00000000080012e0                std::allocator<std::_List_node<Packet*> >::~allocator()
 .text._ZNSt7__cxx1110_List_baseIP6PacketSaIS2_EED2Ev
                0x00000000080012f8       0x20 ./Core/Src/mainboard.o
                0x00000000080012f8                std::__cxx11::_List_base<Packet*, std::allocator<Packet*> >::~_List_base()
                0x00000000080012f8                std::__cxx11::_List_base<Packet*, std::allocator<Packet*> >::~_List_base()
 .text._ZNSt7__cxx114listIP6PacketSaIS2_EE5frontEv
                0x0000000008001318       0x26 ./Core/Src/mainboard.o
                0x0000000008001318                std::__cxx11::list<Packet*, std::allocator<Packet*> >::front()
 .text._ZNSt7__cxx114listIP6PacketSaIS2_EE6removeERKS2_
                0x000000000800133e       0xd0 ./Core/Src/mainboard.o
                0x000000000800133e                std::__cxx11::list<Packet*, std::allocator<Packet*> >::remove(Packet* const&)
 .text._ZNKSt7__cxx114listIP6PacketSaIS2_EE4sizeEv
                0x000000000800140e       0x18 ./Core/Src/mainboard.o
                0x000000000800140e                std::__cxx11::list<Packet*, std::allocator<Packet*> >::size() const
 .text._ZNSt7__cxx1110_List_baseIhSaIhEE10_List_implC2Ev
                0x0000000008001426       0x20 ./Core/Src/mainboard.o
                0x0000000008001426                std::__cxx11::_List_base<unsigned char, std::allocator<unsigned char> >::_List_impl::_List_impl()
                0x0000000008001426                std::__cxx11::_List_base<unsigned char, std::allocator<unsigned char> >::_List_impl::_List_impl()
 .text._ZNSaISt10_List_nodeIhEED2Ev
                0x0000000008001446       0x18 ./Core/Src/mainboard.o
                0x0000000008001446                std::allocator<std::_List_node<unsigned char> >::~allocator()
                0x0000000008001446                std::allocator<std::_List_node<unsigned char> >::~allocator()
 .text._ZNSt7__cxx1110_List_baseIhSaIhEED2Ev
                0x000000000800145e       0x20 ./Core/Src/mainboard.o
                0x000000000800145e                std::__cxx11::_List_base<unsigned char, std::allocator<unsigned char> >::~_List_base()
                0x000000000800145e                std::__cxx11::_List_base<unsigned char, std::allocator<unsigned char> >::~_List_base()
 .text._ZNSaISt10_List_nodeIP6PacketEEC2Ev
                0x000000000800147e       0x18 ./Core/Src/mainboard.o
                0x000000000800147e                std::allocator<std::_List_node<Packet*> >::allocator()
                0x000000000800147e                std::allocator<std::_List_node<Packet*> >::allocator()
 .text._ZN9__gnu_cxx13new_allocatorISt10_List_nodeIP6PacketEED2Ev
                0x0000000008001496       0x14 ./Core/Src/mainboard.o
                0x0000000008001496                __gnu_cxx::new_allocator<std::_List_node<Packet*> >::~new_allocator()
                0x0000000008001496                __gnu_cxx::new_allocator<std::_List_node<Packet*> >::~new_allocator()
 .text._ZNSt7__cxx1110_List_baseIP6PacketSaIS2_EE8_M_clearEv
                0x00000000080014aa       0x4a ./Core/Src/mainboard.o
                0x00000000080014aa                std::__cxx11::_List_base<Packet*, std::allocator<Packet*> >::_M_clear()
 .text._ZNSt7__cxx114listIP6PacketSaIS2_EE3endEv
                0x00000000080014f4       0x20 ./Core/Src/mainboard.o
                0x00000000080014f4                std::__cxx11::list<Packet*, std::allocator<Packet*> >::end()
 .text._ZNSt7__cxx114listIP6PacketSaIS2_EE5beginEv
                0x0000000008001514       0x22 ./Core/Src/mainboard.o
                0x0000000008001514                std::__cxx11::list<Packet*, std::allocator<Packet*> >::begin()
 .text._ZNKSt14_List_iteratorIP6PacketEdeEv
                0x0000000008001536       0x1c ./Core/Src/mainboard.o
                0x0000000008001536                std::_List_iterator<Packet*>::operator*() const
 .text._ZStneRKSt14_List_iteratorIP6PacketES4_
                0x0000000008001552       0x26 ./Core/Src/mainboard.o
                0x0000000008001552                std::operator!=(std::_List_iterator<Packet*> const&, std::_List_iterator<Packet*> const&)
 .text._ZNSt14_List_iteratorIP6PacketEppEv
                0x0000000008001578       0x1e ./Core/Src/mainboard.o
                0x0000000008001578                std::_List_iterator<Packet*>::operator++()
 .text._ZSt11__addressofIP6PacketEPT_RS2_
                0x0000000008001596       0x14 ./Core/Src/mainboard.o
                0x0000000008001596                Packet** std::__addressof<Packet*>(Packet*&)
 .text._ZSt11__addressofIKP6PacketEPT_RS3_
                0x00000000080015aa       0x14 ./Core/Src/mainboard.o
                0x00000000080015aa                Packet* const* std::__addressof<Packet* const>(Packet* const&)
 .text._ZNSt7__cxx114listIP6PacketSaIS2_EE8_M_eraseESt14_List_iteratorIS2_E
                0x00000000080015be       0x4c ./Core/Src/mainboard.o
                0x00000000080015be                std::__cxx11::list<Packet*, std::allocator<Packet*> >::_M_erase(std::_List_iterator<Packet*>)
 .text._ZNKSt7__cxx114listIP6PacketSaIS2_EE13_M_node_countEv
                0x000000000800160a       0x1a ./Core/Src/mainboard.o
                0x000000000800160a                std::__cxx11::list<Packet*, std::allocator<Packet*> >::_M_node_count() const
 .text._ZNSaISt10_List_nodeIhEEC2Ev
                0x0000000008001624       0x18 ./Core/Src/mainboard.o
                0x0000000008001624                std::allocator<std::_List_node<unsigned char> >::allocator()
                0x0000000008001624                std::allocator<std::_List_node<unsigned char> >::allocator()
 .text._ZN9__gnu_cxx13new_allocatorISt10_List_nodeIhEED2Ev
                0x000000000800163c       0x14 ./Core/Src/mainboard.o
                0x000000000800163c                __gnu_cxx::new_allocator<std::_List_node<unsigned char> >::~new_allocator()
                0x000000000800163c                __gnu_cxx::new_allocator<std::_List_node<unsigned char> >::~new_allocator()
 .text._ZNSt7__cxx1110_List_baseIhSaIhEE8_M_clearEv
                0x0000000008001650       0x4a ./Core/Src/mainboard.o
                0x0000000008001650                std::__cxx11::_List_base<unsigned char, std::allocator<unsigned char> >::_M_clear()
 .text._ZN9__gnu_cxx13new_allocatorISt10_List_nodeIP6PacketEEC2Ev
                0x000000000800169a       0x14 ./Core/Src/mainboard.o
                0x000000000800169a                __gnu_cxx::new_allocator<std::_List_node<Packet*> >::new_allocator()
                0x000000000800169a                __gnu_cxx::new_allocator<std::_List_node<Packet*> >::new_allocator()
 .text._ZNSt10_List_nodeIP6PacketE9_M_valptrEv
                0x00000000080016ae       0x1c ./Core/Src/mainboard.o
                0x00000000080016ae                std::_List_node<Packet*>::_M_valptr()
 .text._ZNSt7__cxx1110_List_baseIP6PacketSaIS2_EE21_M_get_Node_allocatorEv
                0x00000000080016ca       0x14 ./Core/Src/mainboard.o
                0x00000000080016ca                std::__cxx11::_List_base<Packet*, std::allocator<Packet*> >::_M_get_Node_allocator()
 .text._ZNSt16allocator_traitsISaISt10_List_nodeIP6PacketEEE7destroyIS2_EEvRS4_PT_
                0x00000000080016de       0x1a ./Core/Src/mainboard.o
                0x00000000080016de                void std::allocator_traits<std::allocator<std::_List_node<Packet*> > >::destroy<Packet*>(std::allocator<std::_List_node<Packet*> >&, Packet**)
 .text._ZNSt7__cxx1110_List_baseIP6PacketSaIS2_EE11_M_put_nodeEPSt10_List_nodeIS2_E
                0x00000000080016f8       0x1e ./Core/Src/mainboard.o
                0x00000000080016f8                std::__cxx11::_List_base<Packet*, std::allocator<Packet*> >::_M_put_node(std::_List_node<Packet*>*)
 .text._ZNSt14_List_iteratorIP6PacketEC2EPNSt8__detail15_List_node_baseE
                0x0000000008001716       0x1c ./Core/Src/mainboard.o
                0x0000000008001716                std::_List_iterator<Packet*>::_List_iterator(std::__detail::_List_node_base*)
                0x0000000008001716                std::_List_iterator<Packet*>::_List_iterator(std::__detail::_List_node_base*)
 .text._ZNSt7__cxx1110_List_baseIP6PacketSaIS2_EE11_M_dec_sizeEj
                0x0000000008001732       0x20 ./Core/Src/mainboard.o
                0x0000000008001732                std::__cxx11::_List_base<Packet*, std::allocator<Packet*> >::_M_dec_size(unsigned int)
 .text._ZNKSt7__cxx1110_List_baseIP6PacketSaIS2_EE11_M_get_sizeEv
                0x0000000008001752       0x16 ./Core/Src/mainboard.o
                0x0000000008001752                std::__cxx11::_List_base<Packet*, std::allocator<Packet*> >::_M_get_size() const
 .text._ZNSt10_List_nodeIhE9_M_valptrEv
                0x0000000008001768       0x1c ./Core/Src/mainboard.o
                0x0000000008001768                std::_List_node<unsigned char>::_M_valptr()
 .text._ZNSt7__cxx1110_List_baseIhSaIhEE21_M_get_Node_allocatorEv
                0x0000000008001784       0x14 ./Core/Src/mainboard.o
                0x0000000008001784                std::__cxx11::_List_base<unsigned char, std::allocator<unsigned char> >::_M_get_Node_allocator()
 .text._ZNSt16allocator_traitsISaISt10_List_nodeIhEEE7destroyIhEEvRS2_PT_
                0x0000000008001798       0x1a ./Core/Src/mainboard.o
                0x0000000008001798                void std::allocator_traits<std::allocator<std::_List_node<unsigned char> > >::destroy<unsigned char>(std::allocator<std::_List_node<unsigned char> >&, unsigned char*)
 .text._ZNSt7__cxx1110_List_baseIhSaIhEE11_M_put_nodeEPSt10_List_nodeIhE
                0x00000000080017b2       0x1e ./Core/Src/mainboard.o
                0x00000000080017b2                std::__cxx11::_List_base<unsigned char, std::allocator<unsigned char> >::_M_put_node(std::_List_node<unsigned char>*)
 .text._ZN9__gnu_cxx13new_allocatorISt10_List_nodeIhEEC2Ev
                0x00000000080017d0       0x14 ./Core/Src/mainboard.o
                0x00000000080017d0                __gnu_cxx::new_allocator<std::_List_node<unsigned char> >::new_allocator()
                0x00000000080017d0                __gnu_cxx::new_allocator<std::_List_node<unsigned char> >::new_allocator()
 .text._ZN9__gnu_cxx16__aligned_membufIP6PacketE6_M_ptrEv
                0x00000000080017e4       0x18 ./Core/Src/mainboard.o
                0x00000000080017e4                __gnu_cxx::__aligned_membuf<Packet*>::_M_ptr()
 .text._ZN9__gnu_cxx13new_allocatorISt10_List_nodeIP6PacketEE7destroyIS3_EEvPT_
                0x00000000080017fc       0x14 ./Core/Src/mainboard.o
                0x00000000080017fc                void __gnu_cxx::new_allocator<std::_List_node<Packet*> >::destroy<Packet*>(Packet**)
 .text._ZNSt16allocator_traitsISaISt10_List_nodeIP6PacketEEE10deallocateERS4_PS3_j
                0x0000000008001810       0x1e ./Core/Src/mainboard.o
                0x0000000008001810                std::allocator_traits<std::allocator<std::_List_node<Packet*> > >::deallocate(std::allocator<std::_List_node<Packet*> >&, std::_List_node<Packet*>*, unsigned int)
 .text._ZN9__gnu_cxx16__aligned_membufIhE6_M_ptrEv
                0x000000000800182e       0x18 ./Core/Src/mainboard.o
                0x000000000800182e                __gnu_cxx::__aligned_membuf<unsigned char>::_M_ptr()
 .text._ZN9__gnu_cxx13new_allocatorISt10_List_nodeIhEE7destroyIhEEvPT_
                0x0000000008001846       0x14 ./Core/Src/mainboard.o
                0x0000000008001846                void __gnu_cxx::new_allocator<std::_List_node<unsigned char> >::destroy<unsigned char>(unsigned char*)
 .text._ZNSt16allocator_traitsISaISt10_List_nodeIhEEE10deallocateERS2_PS1_j
                0x000000000800185a       0x1e ./Core/Src/mainboard.o
                0x000000000800185a                std::allocator_traits<std::allocator<std::_List_node<unsigned char> > >::deallocate(std::allocator<std::_List_node<unsigned char> >&, std::_List_node<unsigned char>*, unsigned int)
 .text._ZN9__gnu_cxx16__aligned_membufIP6PacketE7_M_addrEv
                0x0000000008001878       0x14 ./Core/Src/mainboard.o
                0x0000000008001878                __gnu_cxx::__aligned_membuf<Packet*>::_M_addr()
 .text._ZN9__gnu_cxx13new_allocatorISt10_List_nodeIP6PacketEE10deallocateEPS4_j
                0x000000000800188c       0x1a ./Core/Src/mainboard.o
                0x000000000800188c                __gnu_cxx::new_allocator<std::_List_node<Packet*> >::deallocate(std::_List_node<Packet*>*, unsigned int)
 .text._ZN9__gnu_cxx16__aligned_membufIhE7_M_addrEv
                0x00000000080018a6       0x14 ./Core/Src/mainboard.o
                0x00000000080018a6                __gnu_cxx::__aligned_membuf<unsigned char>::_M_addr()
 .text._ZN9__gnu_cxx13new_allocatorISt10_List_nodeIhEE10deallocateEPS2_j
                0x00000000080018ba       0x1a ./Core/Src/mainboard.o
                0x00000000080018ba                __gnu_cxx::new_allocator<std::_List_node<unsigned char> >::deallocate(std::_List_node<unsigned char>*, unsigned int)
 .text._ZN12ErrorHandlerD2Ev
                0x00000000080018d4       0x26 ./Core/Src/mainboard.o
                0x00000000080018d4                ErrorHandler::~ErrorHandler()
                0x00000000080018d4                ErrorHandler::~ErrorHandler()
 .text._ZNSt7__cxx114listIP6PacketSaIS2_EED2Ev
                0x00000000080018fa       0x1a ./Core/Src/mainboard.o
                0x00000000080018fa                std::__cxx11::list<Packet*, std::allocator<Packet*> >::~list()
                0x00000000080018fa                std::__cxx11::list<Packet*, std::allocator<Packet*> >::~list()
 .text._Z41__static_initialization_and_destruction_0ii
                0x0000000008001914       0x78 ./Core/Src/mainboard.o
 .text._GLOBAL__sub_I_packets_sent
                0x000000000800198c       0x10 ./Core/Src/mainboard.o
 .text._GLOBAL__sub_D_packets_sent
                0x000000000800199c       0x10 ./Core/Src/mainboard.o
 .text.HAL_MspInit
                0x00000000080019ac       0x64 ./Core/Src/stm32f1xx_hal_msp.o
                0x00000000080019ac                HAL_MspInit
 .text.HAL_ADC_MspInit
                0x0000000008001a10       0xcc ./Core/Src/stm32f1xx_hal_msp.o
                0x0000000008001a10                HAL_ADC_MspInit
 .text.HAL_CAN_MspInit
                0x0000000008001adc       0xe0 ./Core/Src/stm32f1xx_hal_msp.o
                0x0000000008001adc                HAL_CAN_MspInit
 .text.HAL_I2C_MspInit
                0x0000000008001bbc       0x80 ./Core/Src/stm32f1xx_hal_msp.o
                0x0000000008001bbc                HAL_I2C_MspInit
 .text.HAL_TIM_Encoder_MspInit
                0x0000000008001c3c       0x90 ./Core/Src/stm32f1xx_hal_msp.o
                0x0000000008001c3c                HAL_TIM_Encoder_MspInit
 .text.HAL_TIM_PWM_MspInit
                0x0000000008001ccc       0x3c ./Core/Src/stm32f1xx_hal_msp.o
                0x0000000008001ccc                HAL_TIM_PWM_MspInit
 .text.HAL_TIM_MspPostInit
                0x0000000008001d08       0x98 ./Core/Src/stm32f1xx_hal_msp.o
                0x0000000008001d08                HAL_TIM_MspPostInit
 .text.HAL_UART_MspInit
                0x0000000008001da0       0x7c ./Core/Src/stm32f1xx_hal_msp.o
                0x0000000008001da0                HAL_UART_MspInit
 .text.NMI_Handler
                0x0000000008001e1c        0x6 ./Core/Src/stm32f1xx_it.o
                0x0000000008001e1c                NMI_Handler
 .text.HardFault_Handler
                0x0000000008001e22        0x6 ./Core/Src/stm32f1xx_it.o
                0x0000000008001e22                HardFault_Handler
 .text.MemManage_Handler
                0x0000000008001e28        0x6 ./Core/Src/stm32f1xx_it.o
                0x0000000008001e28                MemManage_Handler
 .text.BusFault_Handler
                0x0000000008001e2e        0x6 ./Core/Src/stm32f1xx_it.o
                0x0000000008001e2e                BusFault_Handler
 .text.UsageFault_Handler
                0x0000000008001e34        0x6 ./Core/Src/stm32f1xx_it.o
                0x0000000008001e34                UsageFault_Handler
 .text.SVC_Handler
                0x0000000008001e3a        0xc ./Core/Src/stm32f1xx_it.o
                0x0000000008001e3a                SVC_Handler
 .text.DebugMon_Handler
                0x0000000008001e46        0xc ./Core/Src/stm32f1xx_it.o
                0x0000000008001e46                DebugMon_Handler
 .text.PendSV_Handler
                0x0000000008001e52        0xc ./Core/Src/stm32f1xx_it.o
                0x0000000008001e52                PendSV_Handler
 *fill*         0x0000000008001e5e        0x2 
 .text.SysTick_Handler
                0x0000000008001e60       0x88 ./Core/Src/stm32f1xx_it.o
                0x0000000008001e60                SysTick_Handler
 .text.EXTI1_IRQHandler
                0x0000000008001ee8        0xe ./Core/Src/stm32f1xx_it.o
                0x0000000008001ee8                EXTI1_IRQHandler
 *fill*         0x0000000008001ef6        0x2 
 .text.USB_LP_CAN1_RX0_IRQHandler
                0x0000000008001ef8       0x14 ./Core/Src/stm32f1xx_it.o
                0x0000000008001ef8                USB_LP_CAN1_RX0_IRQHandler
 .text.CAN1_RX1_IRQHandler
                0x0000000008001f0c       0x14 ./Core/Src/stm32f1xx_it.o
                0x0000000008001f0c                CAN1_RX1_IRQHandler
 .text.EXTI9_5_IRQHandler
                0x0000000008001f20        0xe ./Core/Src/stm32f1xx_it.o
                0x0000000008001f20                EXTI9_5_IRQHandler
 *fill*         0x0000000008001f2e        0x2 
 .text.TIM1_CC_IRQHandler
                0x0000000008001f30       0x14 ./Core/Src/stm32f1xx_it.o
                0x0000000008001f30                TIM1_CC_IRQHandler
 .text.EXTI15_10_IRQHandler
                0x0000000008001f44       0x10 ./Core/Src/stm32f1xx_it.o
                0x0000000008001f44                EXTI15_10_IRQHandler
 .text.SystemInit
                0x0000000008001f54        0xc ./Core/Src/system_stm32f1xx.o
                0x0000000008001f54                SystemInit
 .text.Reset_Handler
                0x0000000008001f60       0x48 ./Core/Startup/startup_stm32f103rbtx.o
                0x0000000008001f60                Reset_Handler
 .text.Default_Handler
                0x0000000008001fa8        0x2 ./Core/Startup/startup_stm32f103rbtx.o
                0x0000000008001fa8                RTC_Alarm_IRQHandler
                0x0000000008001fa8                EXTI2_IRQHandler
                0x0000000008001fa8                PVD_IRQHandler
                0x0000000008001fa8                EXTI3_IRQHandler
                0x0000000008001fa8                EXTI0_IRQHandler
                0x0000000008001fa8                I2C2_EV_IRQHandler
                0x0000000008001fa8                ADC1_2_IRQHandler
                0x0000000008001fa8                SPI1_IRQHandler
                0x0000000008001fa8                TAMPER_IRQHandler
                0x0000000008001fa8                DMA1_Channel4_IRQHandler
                0x0000000008001fa8                USART3_IRQHandler
                0x0000000008001fa8                RTC_IRQHandler
                0x0000000008001fa8                DMA1_Channel7_IRQHandler
                0x0000000008001fa8                TIM4_IRQHandler
                0x0000000008001fa8                I2C1_EV_IRQHandler
                0x0000000008001fa8                DMA1_Channel6_IRQHandler
                0x0000000008001fa8                TIM3_IRQHandler
                0x0000000008001fa8                RCC_IRQHandler
                0x0000000008001fa8                TIM1_TRG_COM_IRQHandler
                0x0000000008001fa8                DMA1_Channel1_IRQHandler
                0x0000000008001fa8                Default_Handler
                0x0000000008001fa8                SPI2_IRQHandler
                0x0000000008001fa8                DMA1_Channel5_IRQHandler
                0x0000000008001fa8                EXTI4_IRQHandler
                0x0000000008001fa8                USB_HP_CAN1_TX_IRQHandler
                0x0000000008001fa8                DMA1_Channel3_IRQHandler
                0x0000000008001fa8                TIM1_UP_IRQHandler
                0x0000000008001fa8                WWDG_IRQHandler
                0x0000000008001fa8                TIM2_IRQHandler
                0x0000000008001fa8                TIM1_BRK_IRQHandler
                0x0000000008001fa8                USART2_IRQHandler
                0x0000000008001fa8                I2C2_ER_IRQHandler
                0x0000000008001fa8                DMA1_Channel2_IRQHandler
                0x0000000008001fa8                CAN1_SCE_IRQHandler
                0x0000000008001fa8                FLASH_IRQHandler
                0x0000000008001fa8                USART1_IRQHandler
                0x0000000008001fa8                I2C1_ER_IRQHandler
                0x0000000008001fa8                USBWakeUp_IRQHandler
 *fill*         0x0000000008001faa        0x2 
 .text.HAL_Init
                0x0000000008001fac       0x2c ./Drivers/STM32F1xx_HAL_Driver/Src/stm32f1xx_hal.o
                0x0000000008001fac                HAL_Init
 .text.HAL_InitTick
                0x0000000008001fd8       0x60 ./Drivers/STM32F1xx_HAL_Driver/Src/stm32f1xx_hal.o
                0x0000000008001fd8                HAL_InitTick
 .text.HAL_IncTick
                0x0000000008002038       0x24 ./Drivers/STM32F1xx_HAL_Driver/Src/stm32f1xx_hal.o
                0x0000000008002038                HAL_IncTick
 .text.HAL_GetTick
                0x000000000800205c       0x14 ./Drivers/STM32F1xx_HAL_Driver/Src/stm32f1xx_hal.o
                0x000000000800205c                HAL_GetTick
 .text.HAL_Delay
                0x0000000008002070       0x48 ./Drivers/STM32F1xx_HAL_Driver/Src/stm32f1xx_hal.o
                0x0000000008002070                HAL_Delay
 .text.HAL_ADC_Init
                0x00000000080020b8      0x1b0 ./Drivers/STM32F1xx_HAL_Driver/Src/stm32f1xx_hal_adc.o
                0x00000000080020b8                HAL_ADC_Init
 .text.HAL_ADC_ConfigChannel
                0x0000000008002268      0x1f0 ./Drivers/STM32F1xx_HAL_Driver/Src/stm32f1xx_hal_adc.o
                0x0000000008002268                HAL_ADC_ConfigChannel
 .text.ADC_ConversionStop_Disable
                0x0000000008002458       0x82 ./Drivers/STM32F1xx_HAL_Driver/Src/stm32f1xx_hal_adc.o
                0x0000000008002458                ADC_ConversionStop_Disable
 .text.HAL_CAN_Init
                0x00000000080024da      0x1f6 ./Drivers/STM32F1xx_HAL_Driver/Src/stm32f1xx_hal_can.o
                0x00000000080024da                HAL_CAN_Init
 .text.HAL_CAN_ConfigFilter
                0x00000000080026d0      0x192 ./Drivers/STM32F1xx_HAL_Driver/Src/stm32f1xx_hal_can.o
                0x00000000080026d0                HAL_CAN_ConfigFilter
 .text.HAL_CAN_GetRxMessage
                0x0000000008002862      0x222 ./Drivers/STM32F1xx_HAL_Driver/Src/stm32f1xx_hal_can.o
                0x0000000008002862                HAL_CAN_GetRxMessage
 .text.HAL_CAN_IRQHandler
                0x0000000008002a84      0x36e ./Drivers/STM32F1xx_HAL_Driver/Src/stm32f1xx_hal_can.o
                0x0000000008002a84                HAL_CAN_IRQHandler
 .text.HAL_CAN_TxMailbox0CompleteCallback
                0x0000000008002df2       0x12 ./Drivers/STM32F1xx_HAL_Driver/Src/stm32f1xx_hal_can.o
                0x0000000008002df2                HAL_CAN_TxMailbox0CompleteCallback
 .text.HAL_CAN_TxMailbox1CompleteCallback
                0x0000000008002e04       0x12 ./Drivers/STM32F1xx_HAL_Driver/Src/stm32f1xx_hal_can.o
                0x0000000008002e04                HAL_CAN_TxMailbox1CompleteCallback
 .text.HAL_CAN_TxMailbox2CompleteCallback
                0x0000000008002e16       0x12 ./Drivers/STM32F1xx_HAL_Driver/Src/stm32f1xx_hal_can.o
                0x0000000008002e16                HAL_CAN_TxMailbox2CompleteCallback
 .text.HAL_CAN_TxMailbox0AbortCallback
                0x0000000008002e28       0x12 ./Drivers/STM32F1xx_HAL_Driver/Src/stm32f1xx_hal_can.o
                0x0000000008002e28                HAL_CAN_TxMailbox0AbortCallback
 .text.HAL_CAN_TxMailbox1AbortCallback
                0x0000000008002e3a       0x12 ./Drivers/STM32F1xx_HAL_Driver/Src/stm32f1xx_hal_can.o
                0x0000000008002e3a                HAL_CAN_TxMailbox1AbortCallback
 .text.HAL_CAN_TxMailbox2AbortCallback
                0x0000000008002e4c       0x12 ./Drivers/STM32F1xx_HAL_Driver/Src/stm32f1xx_hal_can.o
                0x0000000008002e4c                HAL_CAN_TxMailbox2AbortCallback
 .text.HAL_CAN_RxFifo0FullCallback
                0x0000000008002e5e       0x12 ./Drivers/STM32F1xx_HAL_Driver/Src/stm32f1xx_hal_can.o
                0x0000000008002e5e                HAL_CAN_RxFifo0FullCallback
 .text.HAL_CAN_RxFifo1FullCallback
                0x0000000008002e70       0x12 ./Drivers/STM32F1xx_HAL_Driver/Src/stm32f1xx_hal_can.o
                0x0000000008002e70                HAL_CAN_RxFifo1FullCallback
 .text.HAL_CAN_SleepCallback
                0x0000000008002e82       0x12 ./Drivers/STM32F1xx_HAL_Driver/Src/stm32f1xx_hal_can.o
                0x0000000008002e82                HAL_CAN_SleepCallback
 .text.HAL_CAN_WakeUpFromRxMsgCallback
                0x0000000008002e94       0x12 ./Drivers/STM32F1xx_HAL_Driver/Src/stm32f1xx_hal_can.o
                0x0000000008002e94                HAL_CAN_WakeUpFromRxMsgCallback
 .text.HAL_CAN_ErrorCallback
                0x0000000008002ea6       0x12 ./Drivers/STM32F1xx_HAL_Driver/Src/stm32f1xx_hal_can.o
                0x0000000008002ea6                HAL_CAN_ErrorCallback
 .text.__NVIC_SetPriorityGrouping
                0x0000000008002eb8       0x48 ./Drivers/STM32F1xx_HAL_Driver/Src/stm32f1xx_hal_cortex.o
 .text.__NVIC_GetPriorityGrouping
                0x0000000008002f00       0x1c ./Drivers/STM32F1xx_HAL_Driver/Src/stm32f1xx_hal_cortex.o
 .text.__NVIC_EnableIRQ
                0x0000000008002f1c       0x38 ./Drivers/STM32F1xx_HAL_Driver/Src/stm32f1xx_hal_cortex.o
 .text.__NVIC_SetPriority
                0x0000000008002f54       0x54 ./Drivers/STM32F1xx_HAL_Driver/Src/stm32f1xx_hal_cortex.o
 .text.NVIC_EncodePriority
                0x0000000008002fa8       0x64 ./Drivers/STM32F1xx_HAL_Driver/Src/stm32f1xx_hal_cortex.o
 .text.SysTick_Config
                0x000000000800300c       0x44 ./Drivers/STM32F1xx_HAL_Driver/Src/stm32f1xx_hal_cortex.o
 .text.HAL_NVIC_SetPriorityGrouping
                0x0000000008003050       0x16 ./Drivers/STM32F1xx_HAL_Driver/Src/stm32f1xx_hal_cortex.o
                0x0000000008003050                HAL_NVIC_SetPriorityGrouping
 .text.HAL_NVIC_SetPriority
                0x0000000008003066       0x38 ./Drivers/STM32F1xx_HAL_Driver/Src/stm32f1xx_hal_cortex.o
                0x0000000008003066                HAL_NVIC_SetPriority
 .text.HAL_NVIC_EnableIRQ
                0x000000000800309e       0x1c ./Drivers/STM32F1xx_HAL_Driver/Src/stm32f1xx_hal_cortex.o
                0x000000000800309e                HAL_NVIC_EnableIRQ
 .text.HAL_SYSTICK_Config
                0x00000000080030ba       0x18 ./Drivers/STM32F1xx_HAL_Driver/Src/stm32f1xx_hal_cortex.o
                0x00000000080030ba                HAL_SYSTICK_Config
 *fill*         0x00000000080030d2        0x2 
 .text.HAL_GPIO_Init
                0x00000000080030d4      0x308 ./Drivers/STM32F1xx_HAL_Driver/Src/stm32f1xx_hal_gpio.o
                0x00000000080030d4                HAL_GPIO_Init
 .text.HAL_GPIO_ReadPin
                0x00000000080033dc       0x2e ./Drivers/STM32F1xx_HAL_Driver/Src/stm32f1xx_hal_gpio.o
                0x00000000080033dc                HAL_GPIO_ReadPin
 .text.HAL_GPIO_WritePin
                0x000000000800340a       0x30 ./Drivers/STM32F1xx_HAL_Driver/Src/stm32f1xx_hal_gpio.o
                0x000000000800340a                HAL_GPIO_WritePin
 *fill*         0x000000000800343a        0x2 
 .text.HAL_GPIO_EXTI_IRQHandler
                0x000000000800343c       0x30 ./Drivers/STM32F1xx_HAL_Driver/Src/stm32f1xx_hal_gpio.o
                0x000000000800343c                HAL_GPIO_EXTI_IRQHandler
 .text.HAL_I2C_Init
                0x000000000800346c      0x288 ./Drivers/STM32F1xx_HAL_Driver/Src/stm32f1xx_hal_i2c.o
                0x000000000800346c                HAL_I2C_Init
 .text.HAL_RCC_OscConfig
                0x00000000080036f4      0x500 ./Drivers/STM32F1xx_HAL_Driver/Src/stm32f1xx_hal_rcc.o
                0x00000000080036f4                HAL_RCC_OscConfig
 .text.HAL_RCC_ClockConfig
                0x0000000008003bf4      0x1d4 ./Drivers/STM32F1xx_HAL_Driver/Src/stm32f1xx_hal_rcc.o
                0x0000000008003bf4                HAL_RCC_ClockConfig
 .text.HAL_RCC_GetSysClockFreq
                0x0000000008003dc8       0xc0 ./Drivers/STM32F1xx_HAL_Driver/Src/stm32f1xx_hal_rcc.o
                0x0000000008003dc8                HAL_RCC_GetSysClockFreq
 .text.HAL_RCC_GetHCLKFreq
                0x0000000008003e88       0x14 ./Drivers/STM32F1xx_HAL_Driver/Src/stm32f1xx_hal_rcc.o
                0x0000000008003e88                HAL_RCC_GetHCLKFreq
 .text.HAL_RCC_GetPCLK1Freq
                0x0000000008003e9c       0x28 ./Drivers/STM32F1xx_HAL_Driver/Src/stm32f1xx_hal_rcc.o
                0x0000000008003e9c                HAL_RCC_GetPCLK1Freq
 .text.HAL_RCC_GetPCLK2Freq
                0x0000000008003ec4       0x28 ./Drivers/STM32F1xx_HAL_Driver/Src/stm32f1xx_hal_rcc.o
                0x0000000008003ec4                HAL_RCC_GetPCLK2Freq
 .text.RCC_Delay
                0x0000000008003eec       0x3c ./Drivers/STM32F1xx_HAL_Driver/Src/stm32f1xx_hal_rcc.o
 .text.HAL_RCCEx_PeriphCLKConfig
                0x0000000008003f28      0x16c ./Drivers/STM32F1xx_HAL_Driver/Src/stm32f1xx_hal_rcc_ex.o
                0x0000000008003f28                HAL_RCCEx_PeriphCLKConfig
 .text.HAL_TIM_PWM_Init
                0x0000000008004094       0x9e ./Drivers/STM32F1xx_HAL_Driver/Src/stm32f1xx_hal_tim.o
                0x0000000008004094                HAL_TIM_PWM_Init
 .text.HAL_TIM_Encoder_Init
                0x0000000008004132      0x144 ./Drivers/STM32F1xx_HAL_Driver/Src/stm32f1xx_hal_tim.o
                0x0000000008004132                HAL_TIM_Encoder_Init
 .text.HAL_TIM_Encoder_Start_IT
                0x0000000008004276      0x15c ./Drivers/STM32F1xx_HAL_Driver/Src/stm32f1xx_hal_tim.o
                0x0000000008004276                HAL_TIM_Encoder_Start_IT
 .text.HAL_TIM_IRQHandler
                0x00000000080043d2      0x210 ./Drivers/STM32F1xx_HAL_Driver/Src/stm32f1xx_hal_tim.o
                0x00000000080043d2                HAL_TIM_IRQHandler
 *fill*         0x00000000080045e2        0x2 
 .text.HAL_TIM_PWM_ConfigChannel
                0x00000000080045e4      0x17c ./Drivers/STM32F1xx_HAL_Driver/Src/stm32f1xx_hal_tim.o
                0x00000000080045e4                HAL_TIM_PWM_ConfigChannel
 .text.HAL_TIM_PeriodElapsedCallback
                0x0000000008004760       0x12 ./Drivers/STM32F1xx_HAL_Driver/Src/stm32f1xx_hal_tim.o
                0x0000000008004760                HAL_TIM_PeriodElapsedCallback
 .text.HAL_TIM_OC_DelayElapsedCallback
                0x0000000008004772       0x12 ./Drivers/STM32F1xx_HAL_Driver/Src/stm32f1xx_hal_tim.o
                0x0000000008004772                HAL_TIM_OC_DelayElapsedCallback
 .text.HAL_TIM_PWM_PulseFinishedCallback
                0x0000000008004784       0x12 ./Drivers/STM32F1xx_HAL_Driver/Src/stm32f1xx_hal_tim.o
                0x0000000008004784                HAL_TIM_PWM_PulseFinishedCallback
 .text.HAL_TIM_TriggerCallback
                0x0000000008004796       0x12 ./Drivers/STM32F1xx_HAL_Driver/Src/stm32f1xx_hal_tim.o
                0x0000000008004796                HAL_TIM_TriggerCallback
 .text.TIM_Base_SetConfig
                0x00000000080047a8       0xc4 ./Drivers/STM32F1xx_HAL_Driver/Src/stm32f1xx_hal_tim.o
                0x00000000080047a8                TIM_Base_SetConfig
 .text.TIM_OC1_SetConfig
                0x000000000800486c       0xcc ./Drivers/STM32F1xx_HAL_Driver/Src/stm32f1xx_hal_tim.o
 .text.TIM_OC2_SetConfig
                0x0000000008004938       0xd4 ./Drivers/STM32F1xx_HAL_Driver/Src/stm32f1xx_hal_tim.o
                0x0000000008004938                TIM_OC2_SetConfig
 .text.TIM_OC3_SetConfig
                0x0000000008004a0c       0xd4 ./Drivers/STM32F1xx_HAL_Driver/Src/stm32f1xx_hal_tim.o
 .text.TIM_OC4_SetConfig
                0x0000000008004ae0       0x9c ./Drivers/STM32F1xx_HAL_Driver/Src/stm32f1xx_hal_tim.o
 .text.TIM_CCxChannelCmd
                0x0000000008004b7c       0x48 ./Drivers/STM32F1xx_HAL_Driver/Src/stm32f1xx_hal_tim.o
                0x0000000008004b7c                TIM_CCxChannelCmd
 .text.HAL_TIMEx_MasterConfigSynchronization
                0x0000000008004bc4       0xbc ./Drivers/STM32F1xx_HAL_Driver/Src/stm32f1xx_hal_tim_ex.o
                0x0000000008004bc4                HAL_TIMEx_MasterConfigSynchronization
 .text.HAL_TIMEx_CommutCallback
                0x0000000008004c80       0x12 ./Drivers/STM32F1xx_HAL_Driver/Src/stm32f1xx_hal_tim_ex.o
                0x0000000008004c80                HAL_TIMEx_CommutCallback
 .text.HAL_TIMEx_BreakCallback
                0x0000000008004c92       0x12 ./Drivers/STM32F1xx_HAL_Driver/Src/stm32f1xx_hal_tim_ex.o
                0x0000000008004c92                HAL_TIMEx_BreakCallback
 .text.HAL_UART_Init
                0x0000000008004ca4       0x9a ./Drivers/STM32F1xx_HAL_Driver/Src/stm32f1xx_hal_uart.o
                0x0000000008004ca4                HAL_UART_Init
 .text.HAL_UART_Transmit_IT
                0x0000000008004d3e       0x88 ./Drivers/STM32F1xx_HAL_Driver/Src/stm32f1xx_hal_uart.o
                0x0000000008004d3e                HAL_UART_Transmit_IT
 *fill*         0x0000000008004dc6        0x2 
 .text.UART_SetConfig
                0x0000000008004dc8      0x11c ./Drivers/STM32F1xx_HAL_Driver/Src/stm32f1xx_hal_uart.o
 .text._ZdlPv   0x0000000008004ee4        0x4 c:/st/stm32cubeide_1.7.0/stm32cubeide/plugins/com.st.stm32cube.ide.mcu.externaltools.gnu-tools-for-stm32.9-2020-q2-update.win32_2.0.0.202105311346/tools/bin/../lib/gcc/arm-none-eabi/9.3.1/../../../../arm-none-eabi/lib/thumb/v7-m/nofp\libstdc++_nano.a(del_op.o)
                0x0000000008004ee4                operator delete(void*)
 .text._ZdlPvj  0x0000000008004ee8        0x4 c:/st/stm32cubeide_1.7.0/stm32cubeide/plugins/com.st.stm32cube.ide.mcu.externaltools.gnu-tools-for-stm32.9-2020-q2-update.win32_2.0.0.202105311346/tools/bin/../lib/gcc/arm-none-eabi/9.3.1/../../../../arm-none-eabi/lib/thumb/v7-m/nofp\libstdc++_nano.a(del_ops.o)
                0x0000000008004ee8                operator delete(void*, unsigned int)
 .text._ZNSt8__detail15_List_node_base9_M_unhookEv
                0x0000000008004eec        0xa c:/st/stm32cubeide_1.7.0/stm32cubeide/plugins/com.st.stm32cube.ide.mcu.externaltools.gnu-tools-for-stm32.9-2020-q2-update.win32_2.0.0.202105311346/tools/bin/../lib/gcc/arm-none-eabi/9.3.1/../../../../arm-none-eabi/lib/thumb/v7-m/nofp\libstdc++_nano.a(list.o)
                0x0000000008004eec                std::__detail::_List_node_base::_M_unhook()
 *fill*         0x0000000008004ef6        0x2 
 .text.__libc_init_array
                0x0000000008004ef8       0x48 c:/st/stm32cubeide_1.7.0/stm32cubeide/plugins/com.st.stm32cube.ide.mcu.externaltools.gnu-tools-for-stm32.9-2020-q2-update.win32_2.0.0.202105311346/tools/bin/../lib/gcc/arm-none-eabi/9.3.1/../../../../arm-none-eabi/lib/thumb/v7-m/nofp\libc_nano.a(lib_a-init.o)
                0x0000000008004ef8                __libc_init_array
 .text.free     0x0000000008004f40       0x10 c:/st/stm32cubeide_1.7.0/stm32cubeide/plugins/com.st.stm32cube.ide.mcu.externaltools.gnu-tools-for-stm32.9-2020-q2-update.win32_2.0.0.202105311346/tools/bin/../lib/gcc/arm-none-eabi/9.3.1/../../../../arm-none-eabi/lib/thumb/v7-m/nofp\libc_nano.a(lib_a-malloc.o)
                0x0000000008004f40                free
 .text.memset   0x0000000008004f50       0x10 c:/st/stm32cubeide_1.7.0/stm32cubeide/plugins/com.st.stm32cube.ide.mcu.externaltools.gnu-tools-for-stm32.9-2020-q2-update.win32_2.0.0.202105311346/tools/bin/../lib/gcc/arm-none-eabi/9.3.1/../../../../arm-none-eabi/lib/thumb/v7-m/nofp\libc_nano.a(lib_a-memset.o)
                0x0000000008004f50                memset
 .text._free_r  0x0000000008004f60       0x98 c:/st/stm32cubeide_1.7.0/stm32cubeide/plugins/com.st.stm32cube.ide.mcu.externaltools.gnu-tools-for-stm32.9-2020-q2-update.win32_2.0.0.202105311346/tools/bin/../lib/gcc/arm-none-eabi/9.3.1/../../../../arm-none-eabi/lib/thumb/v7-m/nofp\libc_nano.a(lib_a-nano-freer.o)
                0x0000000008004f60                _free_r
 .text.__malloc_lock
                0x0000000008004ff8        0xc c:/st/stm32cubeide_1.7.0/stm32cubeide/plugins/com.st.stm32cube.ide.mcu.externaltools.gnu-tools-for-stm32.9-2020-q2-update.win32_2.0.0.202105311346/tools/bin/../lib/gcc/arm-none-eabi/9.3.1/../../../../arm-none-eabi/lib/thumb/v7-m/nofp\libc_nano.a(lib_a-mlock.o)
                0x0000000008004ff8                __malloc_lock
 .text.__malloc_unlock
                0x0000000008005004        0xc c:/st/stm32cubeide_1.7.0/stm32cubeide/plugins/com.st.stm32cube.ide.mcu.externaltools.gnu-tools-for-stm32.9-2020-q2-update.win32_2.0.0.202105311346/tools/bin/../lib/gcc/arm-none-eabi/9.3.1/../../../../arm-none-eabi/lib/thumb/v7-m/nofp\libc_nano.a(lib_a-mlock.o)
                0x0000000008005004                __malloc_unlock
 .text.__retarget_lock_acquire_recursive
                0x0000000008005010        0x2 c:/st/stm32cubeide_1.7.0/stm32cubeide/plugins/com.st.stm32cube.ide.mcu.externaltools.gnu-tools-for-stm32.9-2020-q2-update.win32_2.0.0.202105311346/tools/bin/../lib/gcc/arm-none-eabi/9.3.1/../../../../arm-none-eabi/lib/thumb/v7-m/nofp\libc_nano.a(lib_a-lock.o)
                0x0000000008005010                __retarget_lock_acquire_recursive
 .text.__retarget_lock_release_recursive
                0x0000000008005012        0x2 c:/st/stm32cubeide_1.7.0/stm32cubeide/plugins/com.st.stm32cube.ide.mcu.externaltools.gnu-tools-for-stm32.9-2020-q2-update.win32_2.0.0.202105311346/tools/bin/../lib/gcc/arm-none-eabi/9.3.1/../../../../arm-none-eabi/lib/thumb/v7-m/nofp\libc_nano.a(lib_a-lock.o)
                0x0000000008005012                __retarget_lock_release_recursive
 *(.glue_7)
 .glue_7        0x0000000008005014        0x0 linker stubs
 *(.glue_7t)
 .glue_7t       0x0000000008005014        0x0 linker stubs
 *(.eh_frame)
 .eh_frame      0x0000000008005014        0x0 c:/st/stm32cubeide_1.7.0/stm32cubeide/plugins/com.st.stm32cube.ide.mcu.externaltools.gnu-tools-for-stm32.9-2020-q2-update.win32_2.0.0.202105311346/tools/bin/../lib/gcc/arm-none-eabi/9.3.1/thumb/v7-m/nofp/crtbegin.o
 *(.init)
 .init          0x0000000008005014        0x4 c:/st/stm32cubeide_1.7.0/stm32cubeide/plugins/com.st.stm32cube.ide.mcu.externaltools.gnu-tools-for-stm32.9-2020-q2-update.win32_2.0.0.202105311346/tools/bin/../lib/gcc/arm-none-eabi/9.3.1/thumb/v7-m/nofp/crti.o
                0x0000000008005014                _init
 .init          0x0000000008005018        0x8 c:/st/stm32cubeide_1.7.0/stm32cubeide/plugins/com.st.stm32cube.ide.mcu.externaltools.gnu-tools-for-stm32.9-2020-q2-update.win32_2.0.0.202105311346/tools/bin/../lib/gcc/arm-none-eabi/9.3.1/thumb/v7-m/nofp/crtn.o
 *(.fini)
 .fini          0x0000000008005020        0x4 c:/st/stm32cubeide_1.7.0/stm32cubeide/plugins/com.st.stm32cube.ide.mcu.externaltools.gnu-tools-for-stm32.9-2020-q2-update.win32_2.0.0.202105311346/tools/bin/../lib/gcc/arm-none-eabi/9.3.1/thumb/v7-m/nofp/crti.o
                0x0000000008005020                _fini
 .fini          0x0000000008005024        0x8 c:/st/stm32cubeide_1.7.0/stm32cubeide/plugins/com.st.stm32cube.ide.mcu.externaltools.gnu-tools-for-stm32.9-2020-q2-update.win32_2.0.0.202105311346/tools/bin/../lib/gcc/arm-none-eabi/9.3.1/thumb/v7-m/nofp/crtn.o
                0x000000000800502c                . = ALIGN (0x4)
                0x000000000800502c                _etext = .

.vfp11_veneer   0x000000000800502c        0x0
 .vfp11_veneer  0x000000000800502c        0x0 linker stubs

.v4_bx          0x000000000800502c        0x0
 .v4_bx         0x000000000800502c        0x0 linker stubs

.iplt           0x000000000800502c        0x0
 .iplt          0x000000000800502c        0x0 c:/st/stm32cubeide_1.7.0/stm32cubeide/plugins/com.st.stm32cube.ide.mcu.externaltools.gnu-tools-for-stm32.9-2020-q2-update.win32_2.0.0.202105311346/tools/bin/../lib/gcc/arm-none-eabi/9.3.1/thumb/v7-m/nofp/crtbegin.o

.rodata         0x000000000800502c      0x11c
                0x000000000800502c                . = ALIGN (0x4)
 *(.rodata)
 .rodata        0x000000000800502c       0xf4 ./Core/Src/mainboard.o
 .rodata        0x0000000008005120       0x10 ./Drivers/STM32F1xx_HAL_Driver/Src/stm32f1xx_hal_rcc.o
 *(.rodata*)
 .rodata.AHBPrescTable
                0x0000000008005130       0x10 ./Core/Src/system_stm32f1xx.o
                0x0000000008005130                AHBPrescTable
 .rodata.APBPrescTable
                0x0000000008005140        0x8 ./Core/Src/system_stm32f1xx.o
                0x0000000008005140                APBPrescTable
                0x0000000008005148                . = ALIGN (0x4)

.rel.dyn        0x0000000008005148        0x0
 .rel.iplt      0x0000000008005148        0x0 c:/st/stm32cubeide_1.7.0/stm32cubeide/plugins/com.st.stm32cube.ide.mcu.externaltools.gnu-tools-for-stm32.9-2020-q2-update.win32_2.0.0.202105311346/tools/bin/../lib/gcc/arm-none-eabi/9.3.1/thumb/v7-m/nofp/crtbegin.o

.ARM.extab      0x0000000008005148        0x0
                0x0000000008005148                . = ALIGN (0x4)
 *(.ARM.extab* .gnu.linkonce.armextab.*)
                0x0000000008005148                . = ALIGN (0x4)

.ARM            0x0000000008005148        0x0
                0x0000000008005148                . = ALIGN (0x4)
                0x0000000008005148                __exidx_start = .
 *(.ARM.exidx*)
                0x0000000008005148                __exidx_end = .
                0x0000000008005148                . = ALIGN (0x4)

.preinit_array  0x0000000008005148        0x0
                0x0000000008005148                . = ALIGN (0x4)
                0x0000000008005148                PROVIDE (__preinit_array_start = .)
 *(.preinit_array*)
                0x0000000008005148                PROVIDE (__preinit_array_end = .)
                0x0000000008005148                . = ALIGN (0x4)

.init_array     0x0000000008005148        0x8
                0x0000000008005148                . = ALIGN (0x4)
                0x0000000008005148                PROVIDE (__init_array_start = .)
 *(SORT_BY_NAME(.init_array.*))
 *(.init_array*)
 .init_array    0x0000000008005148        0x4 c:/st/stm32cubeide_1.7.0/stm32cubeide/plugins/com.st.stm32cube.ide.mcu.externaltools.gnu-tools-for-stm32.9-2020-q2-update.win32_2.0.0.202105311346/tools/bin/../lib/gcc/arm-none-eabi/9.3.1/thumb/v7-m/nofp/crtbegin.o
 .init_array    0x000000000800514c        0x4 ./Core/Src/mainboard.o
                0x0000000008005150                PROVIDE (__init_array_end = .)
                0x0000000008005150                . = ALIGN (0x4)

.fini_array     0x0000000008005150        0x8
                0x0000000008005150                . = ALIGN (0x4)
                [!provide]                        PROVIDE (__fini_array_start = .)
 *(SORT_BY_NAME(.fini_array.*))
 *(.fini_array*)
 .fini_array    0x0000000008005150        0x4 c:/st/stm32cubeide_1.7.0/stm32cubeide/plugins/com.st.stm32cube.ide.mcu.externaltools.gnu-tools-for-stm32.9-2020-q2-update.win32_2.0.0.202105311346/tools/bin/../lib/gcc/arm-none-eabi/9.3.1/thumb/v7-m/nofp/crtbegin.o
 .fini_array    0x0000000008005154        0x4 ./Core/Src/mainboard.o
                [!provide]                        PROVIDE (__fini_array_end = .)
                0x0000000008005158                . = ALIGN (0x4)
                0x0000000008005158                _sidata = LOADADDR (.data)

.data           0x0000000020000000       0x74 load address 0x0000000008005158
                0x0000000020000000                . = ALIGN (0x4)
                0x0000000020000000                _sdata = .
 *(.data)
 *(.data*)
 .data.datacheck
                0x0000000020000000        0x4 ./Core/Src/main.o
                0x0000000020000000                datacheck
 .data.SystemCoreClock
                0x0000000020000004        0x4 ./Core/Src/system_stm32f1xx.o
                0x0000000020000004                SystemCoreClock
 .data.uwTickPrio
                0x0000000020000008        0x4 ./Drivers/STM32F1xx_HAL_Driver/Src/stm32f1xx_hal.o
                0x0000000020000008                uwTickPrio
 .data.uwTickFreq
                0x000000002000000c        0x1 ./Drivers/STM32F1xx_HAL_Driver/Src/stm32f1xx_hal.o
                0x000000002000000c                uwTickFreq
 *fill*         0x000000002000000d        0x3 
 .data._impure_ptr
                0x0000000020000010        0x4 c:/st/stm32cubeide_1.7.0/stm32cubeide/plugins/com.st.stm32cube.ide.mcu.externaltools.gnu-tools-for-stm32.9-2020-q2-update.win32_2.0.0.202105311346/tools/bin/../lib/gcc/arm-none-eabi/9.3.1/../../../../arm-none-eabi/lib/thumb/v7-m/nofp\libc_nano.a(lib_a-impure.o)
                0x0000000020000010                _impure_ptr
 .data.impure_data
                0x0000000020000014       0x60 c:/st/stm32cubeide_1.7.0/stm32cubeide/plugins/com.st.stm32cube.ide.mcu.externaltools.gnu-tools-for-stm32.9-2020-q2-update.win32_2.0.0.202105311346/tools/bin/../lib/gcc/arm-none-eabi/9.3.1/../../../../arm-none-eabi/lib/thumb/v7-m/nofp\libc_nano.a(lib_a-impure.o)
 *(.RamFunc)
 *(.RamFunc*)
                0x0000000020000074                . = ALIGN (0x4)
                0x0000000020000074                _edata = .

.igot.plt       0x0000000020000074        0x0 load address 0x00000000080051cc
 .igot.plt      0x0000000020000074        0x0 c:/st/stm32cubeide_1.7.0/stm32cubeide/plugins/com.st.stm32cube.ide.mcu.externaltools.gnu-tools-for-stm32.9-2020-q2-update.win32_2.0.0.202105311346/tools/bin/../lib/gcc/arm-none-eabi/9.3.1/thumb/v7-m/nofp/crtbegin.o
                0x0000000020000074                . = ALIGN (0x4)

.bss            0x0000000020000074      0x334 load address 0x00000000080051cc
                0x0000000020000074                _sbss = .
                0x0000000020000074                __bss_start__ = _sbss
 *(.bss)
 .bss           0x0000000020000074       0x1c c:/st/stm32cubeide_1.7.0/stm32cubeide/plugins/com.st.stm32cube.ide.mcu.externaltools.gnu-tools-for-stm32.9-2020-q2-update.win32_2.0.0.202105311346/tools/bin/../lib/gcc/arm-none-eabi/9.3.1/thumb/v7-m/nofp/crtbegin.o
 *(.bss*)
 .bss.revolutions
                0x0000000020000090        0x2 ./Core/Src/main.o
                0x0000000020000090                revolutions
 *fill*         0x0000000020000092        0x2 
 .bss.counter   0x0000000020000094        0x4 ./Core/Src/main.o
                0x0000000020000094                counter
 .bss.count     0x0000000020000098        0x2 ./Core/Src/main.o
                0x0000000020000098                count
 *fill*         0x000000002000009a        0x2 
 .bss.speed     0x000000002000009c        0x4 ./Core/Src/main.o
                0x000000002000009c                speed
 .bss.rpm       0x00000000200000a0        0x4 ./Core/Src/main.o
                0x00000000200000a0                rpm
 .bss.transmit_buffer
                0x00000000200000a4       0x13 ./Core/Src/mainboard.o
                0x00000000200000a4                transmit_buffer
 .bss.transmit_busy
                0x00000000200000b7        0x1 ./Core/Src/mainboard.o
                0x00000000200000b7                transmit_busy
 .bss._Z16incoming_packetsB5cxx11
                0x00000000200000b8        0xc ./Core/Src/mainboard.o
                0x00000000200000b8                incoming_packets[abi:cxx11]
 .bss.invalid_packet_count
                0x00000000200000c4        0x4 ./Core/Src/mainboard.o
                0x00000000200000c4                invalid_packet_count
 .bss.last_packet_tick
                0x00000000200000c8        0x4 ./Core/Src/mainboard.o
                0x00000000200000c8                last_packet_tick
 .bss.error_handler
                0x00000000200000cc       0x44 ./Core/Src/mainboard.o
                0x00000000200000cc                error_handler
 .bss.motor_controller
                0x0000000020000110       0x50 ./Core/Src/mainboard.o
                0x0000000020000110                motor_controller
 .bss.module    0x0000000020000160       0x30 ./Core/Src/mainboard.o
                0x0000000020000160                module
 .bss.oldpos    0x0000000020000190        0x2 ./Core/Src/stm32f1xx_it.o
                0x0000000020000190                oldpos
 *fill*         0x0000000020000192        0x2 
 .bss.indx      0x0000000020000194        0x4 ./Core/Src/stm32f1xx_it.o
                0x0000000020000194                indx
 .bss.__malloc_free_list
                0x0000000020000198        0x4 c:/st/stm32cubeide_1.7.0/stm32cubeide/plugins/com.st.stm32cube.ide.mcu.externaltools.gnu-tools-for-stm32.9-2020-q2-update.win32_2.0.0.202105311346/tools/bin/../lib/gcc/arm-none-eabi/9.3.1/../../../../arm-none-eabi/lib/thumb/v7-m/nofp\libc_nano.a(lib_a-nano-mallocr.o)
                0x0000000020000198                __malloc_free_list
 *(COMMON)
 COMMON         0x000000002000019c      0x1fc ./Core/Src/main.o
                0x000000002000019c                hadc2
                0x00000000200001cc                hi2c2
                0x0000000020000220                position
                0x0000000020000224                hcan
                0x000000002000024c                htim3
                0x0000000020000294                hadc1
                0x00000000200002c4                TxData
                0x00000000200002cc                htim1
                0x0000000020000314                TxMailbox
                0x0000000020000318                RxData
                0x0000000020000320                huart2
                0x0000000020000364                TxHeader
                0x000000002000037c                RxHeader
 COMMON         0x0000000020000398        0x4 ./Drivers/STM32F1xx_HAL_Driver/Src/stm32f1xx_hal.o
                0x0000000020000398                uwTick
 COMMON         0x000000002000039c        0x9 c:/st/stm32cubeide_1.7.0/stm32cubeide/plugins/com.st.stm32cube.ide.mcu.externaltools.gnu-tools-for-stm32.9-2020-q2-update.win32_2.0.0.202105311346/tools/bin/../lib/gcc/arm-none-eabi/9.3.1/../../../../arm-none-eabi/lib/thumb/v7-m/nofp\libc_nano.a(lib_a-lock.o)
                0x000000002000039c                __lock___atexit_recursive_mutex
                0x000000002000039d                __lock___arc4random_mutex
                0x000000002000039e                __lock___env_recursive_mutex
                0x000000002000039f                __lock___sinit_recursive_mutex
                0x00000000200003a0                __lock___malloc_recursive_mutex
                0x00000000200003a1                __lock___at_quick_exit_mutex
                0x00000000200003a2                __lock___dd_hash_mutex
                0x00000000200003a3                __lock___tz_mutex
                0x00000000200003a4                __lock___sfp_recursive_mutex
                0x00000000200003a8                . = ALIGN (0x4)
 *fill*         0x00000000200003a5        0x3 
                0x00000000200003a8                _ebss = .
                0x00000000200003a8                __bss_end__ = _ebss

._user_heap_stack
                0x00000000200003a8      0x600 load address 0x00000000080051cc
                0x00000000200003a8                . = ALIGN (0x8)
                [!provide]                        PROVIDE (end = .)
                0x00000000200003a8                PROVIDE (_end = .)
                0x00000000200005a8                . = (. + _Min_Heap_Size)
 *fill*         0x00000000200003a8      0x200 
                0x00000000200009a8                . = (. + _Min_Stack_Size)
 *fill*         0x00000000200005a8      0x400 
                0x00000000200009a8                . = ALIGN (0x8)

/DISCARD/
 libc.a(*)
 libm.a(*)
 libgcc.a(*)

.ARM.attributes
                0x0000000000000000       0x29
 *(.ARM.attributes)
 .ARM.attributes
                0x0000000000000000       0x1d c:/st/stm32cubeide_1.7.0/stm32cubeide/plugins/com.st.stm32cube.ide.mcu.externaltools.gnu-tools-for-stm32.9-2020-q2-update.win32_2.0.0.202105311346/tools/bin/../lib/gcc/arm-none-eabi/9.3.1/thumb/v7-m/nofp/crti.o
 .ARM.attributes
                0x000000000000001d       0x2d c:/st/stm32cubeide_1.7.0/stm32cubeide/plugins/com.st.stm32cube.ide.mcu.externaltools.gnu-tools-for-stm32.9-2020-q2-update.win32_2.0.0.202105311346/tools/bin/../lib/gcc/arm-none-eabi/9.3.1/thumb/v7-m/nofp/crtbegin.o
 .ARM.attributes
                0x000000000000004a       0x2d ./Core/Src/main.o
 .ARM.attributes
                0x0000000000000077       0x2d ./Core/Src/mainboard.o
 .ARM.attributes
                0x00000000000000a4       0x2d ./Core/Src/stm32f1xx_hal_msp.o
 .ARM.attributes
                0x00000000000000d1       0x2d ./Core/Src/stm32f1xx_it.o
 .ARM.attributes
                0x00000000000000fe       0x2d ./Core/Src/system_stm32f1xx.o
 .ARM.attributes
                0x000000000000012b       0x21 ./Core/Startup/startup_stm32f103rbtx.o
 .ARM.attributes
                0x000000000000014c       0x2d ./Drivers/STM32F1xx_HAL_Driver/Src/stm32f1xx_hal.o
 .ARM.attributes
                0x0000000000000179       0x2d ./Drivers/STM32F1xx_HAL_Driver/Src/stm32f1xx_hal_adc.o
 .ARM.attributes
                0x00000000000001a6       0x2d ./Drivers/STM32F1xx_HAL_Driver/Src/stm32f1xx_hal_can.o
 .ARM.attributes
                0x00000000000001d3       0x2d ./Drivers/STM32F1xx_HAL_Driver/Src/stm32f1xx_hal_cortex.o
 .ARM.attributes
                0x0000000000000200       0x2d ./Drivers/STM32F1xx_HAL_Driver/Src/stm32f1xx_hal_gpio.o
 .ARM.attributes
                0x000000000000022d       0x2d ./Drivers/STM32F1xx_HAL_Driver/Src/stm32f1xx_hal_i2c.o
 .ARM.attributes
                0x000000000000025a       0x2d ./Drivers/STM32F1xx_HAL_Driver/Src/stm32f1xx_hal_rcc.o
 .ARM.attributes
                0x0000000000000287       0x2d ./Drivers/STM32F1xx_HAL_Driver/Src/stm32f1xx_hal_rcc_ex.o
 .ARM.attributes
                0x00000000000002b4       0x2d ./Drivers/STM32F1xx_HAL_Driver/Src/stm32f1xx_hal_tim.o
 .ARM.attributes
                0x00000000000002e1       0x2d ./Drivers/STM32F1xx_HAL_Driver/Src/stm32f1xx_hal_tim_ex.o
 .ARM.attributes
                0x000000000000030e       0x2d ./Drivers/STM32F1xx_HAL_Driver/Src/stm32f1xx_hal_uart.o
 .ARM.attributes
                0x000000000000033b       0x2d c:/st/stm32cubeide_1.7.0/stm32cubeide/plugins/com.st.stm32cube.ide.mcu.externaltools.gnu-tools-for-stm32.9-2020-q2-update.win32_2.0.0.202105311346/tools/bin/../lib/gcc/arm-none-eabi/9.3.1/../../../../arm-none-eabi/lib/thumb/v7-m/nofp\libstdc++_nano.a(del_op.o)
 .ARM.attributes
                0x0000000000000368       0x2d c:/st/stm32cubeide_1.7.0/stm32cubeide/plugins/com.st.stm32cube.ide.mcu.externaltools.gnu-tools-for-stm32.9-2020-q2-update.win32_2.0.0.202105311346/tools/bin/../lib/gcc/arm-none-eabi/9.3.1/../../../../arm-none-eabi/lib/thumb/v7-m/nofp\libstdc++_nano.a(del_ops.o)
 .ARM.attributes
                0x0000000000000395       0x2d c:/st/stm32cubeide_1.7.0/stm32cubeide/plugins/com.st.stm32cube.ide.mcu.externaltools.gnu-tools-for-stm32.9-2020-q2-update.win32_2.0.0.202105311346/tools/bin/../lib/gcc/arm-none-eabi/9.3.1/../../../../arm-none-eabi/lib/thumb/v7-m/nofp\libstdc++_nano.a(list.o)
 .ARM.attributes
                0x00000000000003c2       0x2d c:/st/stm32cubeide_1.7.0/stm32cubeide/plugins/com.st.stm32cube.ide.mcu.externaltools.gnu-tools-for-stm32.9-2020-q2-update.win32_2.0.0.202105311346/tools/bin/../lib/gcc/arm-none-eabi/9.3.1/../../../../arm-none-eabi/lib/thumb/v7-m/nofp\libc_nano.a(lib_a-impure.o)
 .ARM.attributes
                0x00000000000003ef       0x2d c:/st/stm32cubeide_1.7.0/stm32cubeide/plugins/com.st.stm32cube.ide.mcu.externaltools.gnu-tools-for-stm32.9-2020-q2-update.win32_2.0.0.202105311346/tools/bin/../lib/gcc/arm-none-eabi/9.3.1/../../../../arm-none-eabi/lib/thumb/v7-m/nofp\libc_nano.a(lib_a-init.o)
 .ARM.attributes
                0x000000000000041c       0x2d c:/st/stm32cubeide_1.7.0/stm32cubeide/plugins/com.st.stm32cube.ide.mcu.externaltools.gnu-tools-for-stm32.9-2020-q2-update.win32_2.0.0.202105311346/tools/bin/../lib/gcc/arm-none-eabi/9.3.1/../../../../arm-none-eabi/lib/thumb/v7-m/nofp\libc_nano.a(lib_a-malloc.o)
 .ARM.attributes
                0x0000000000000449       0x2d c:/st/stm32cubeide_1.7.0/stm32cubeide/plugins/com.st.stm32cube.ide.mcu.externaltools.gnu-tools-for-stm32.9-2020-q2-update.win32_2.0.0.202105311346/tools/bin/../lib/gcc/arm-none-eabi/9.3.1/../../../../arm-none-eabi/lib/thumb/v7-m/nofp\libc_nano.a(lib_a-memset.o)
 .ARM.attributes
                0x0000000000000476       0x2d c:/st/stm32cubeide_1.7.0/stm32cubeide/plugins/com.st.stm32cube.ide.mcu.externaltools.gnu-tools-for-stm32.9-2020-q2-update.win32_2.0.0.202105311346/tools/bin/../lib/gcc/arm-none-eabi/9.3.1/../../../../arm-none-eabi/lib/thumb/v7-m/nofp\libc_nano.a(lib_a-nano-freer.o)
 .ARM.attributes
                0x00000000000004a3       0x2d c:/st/stm32cubeide_1.7.0/stm32cubeide/plugins/com.st.stm32cube.ide.mcu.externaltools.gnu-tools-for-stm32.9-2020-q2-update.win32_2.0.0.202105311346/tools/bin/../lib/gcc/arm-none-eabi/9.3.1/../../../../arm-none-eabi/lib/thumb/v7-m/nofp\libc_nano.a(lib_a-nano-mallocr.o)
 .ARM.attributes
                0x00000000000004d0       0x2d c:/st/stm32cubeide_1.7.0/stm32cubeide/plugins/com.st.stm32cube.ide.mcu.externaltools.gnu-tools-for-stm32.9-2020-q2-update.win32_2.0.0.202105311346/tools/bin/../lib/gcc/arm-none-eabi/9.3.1/../../../../arm-none-eabi/lib/thumb/v7-m/nofp\libc_nano.a(lib_a-mlock.o)
 .ARM.attributes
                0x00000000000004fd       0x2d c:/st/stm32cubeide_1.7.0/stm32cubeide/plugins/com.st.stm32cube.ide.mcu.externaltools.gnu-tools-for-stm32.9-2020-q2-update.win32_2.0.0.202105311346/tools/bin/../lib/gcc/arm-none-eabi/9.3.1/../../../../arm-none-eabi/lib/thumb/v7-m/nofp\libc_nano.a(lib_a-lock.o)
 .ARM.attributes
                0x000000000000052a       0x1d c:/st/stm32cubeide_1.7.0/stm32cubeide/plugins/com.st.stm32cube.ide.mcu.externaltools.gnu-tools-for-stm32.9-2020-q2-update.win32_2.0.0.202105311346/tools/bin/../lib/gcc/arm-none-eabi/9.3.1/thumb/v7-m/nofp\libgcc.a(_arm_addsubsf3.o)
 .ARM.attributes
                0x0000000000000547       0x1d c:/st/stm32cubeide_1.7.0/stm32cubeide/plugins/com.st.stm32cube.ide.mcu.externaltools.gnu-tools-for-stm32.9-2020-q2-update.win32_2.0.0.202105311346/tools/bin/../lib/gcc/arm-none-eabi/9.3.1/thumb/v7-m/nofp\libgcc.a(_arm_muldivsf3.o)
 .ARM.attributes
                0x0000000000000564       0x1d c:/st/stm32cubeide_1.7.0/stm32cubeide/plugins/com.st.stm32cube.ide.mcu.externaltools.gnu-tools-for-stm32.9-2020-q2-update.win32_2.0.0.202105311346/tools/bin/../lib/gcc/arm-none-eabi/9.3.1/thumb/v7-m/nofp/crtn.o
OUTPUT(TestCode.elf elf32-littlearm)
LOAD linker stubs
LOAD c:/st/stm32cubeide_1.7.0/stm32cubeide/plugins/com.st.stm32cube.ide.mcu.externaltools.gnu-tools-for-stm32.9-2020-q2-update.win32_2.0.0.202105311346/tools/bin/../lib/gcc/arm-none-eabi/9.3.1/../../../../arm-none-eabi/lib/thumb/v7-m/nofp\libc.a
LOAD c:/st/stm32cubeide_1.7.0/stm32cubeide/plugins/com.st.stm32cube.ide.mcu.externaltools.gnu-tools-for-stm32.9-2020-q2-update.win32_2.0.0.202105311346/tools/bin/../lib/gcc/arm-none-eabi/9.3.1/../../../../arm-none-eabi/lib/thumb/v7-m/nofp\libm.a
LOAD c:/st/stm32cubeide_1.7.0/stm32cubeide/plugins/com.st.stm32cube.ide.mcu.externaltools.gnu-tools-for-stm32.9-2020-q2-update.win32_2.0.0.202105311346/tools/bin/../lib/gcc/arm-none-eabi/9.3.1/thumb/v7-m/nofp\libgcc.a

.debug_info     0x0000000000000000    0x1818e
 .debug_info    0x0000000000000000     0x1d24 ./Core/Src/main.o
 .debug_info    0x0000000000001d24     0x79ea ./Core/Src/mainboard.o
 .debug_info    0x000000000000970e     0x1971 ./Core/Src/stm32f1xx_hal_msp.o
 .debug_info    0x000000000000b07f      0xc6c ./Core/Src/stm32f1xx_it.o
 .debug_info    0x000000000000bceb      0x2be ./Core/Src/system_stm32f1xx.o
 .debug_info    0x000000000000bfa9       0x22 ./Core/Startup/startup_stm32f103rbtx.o
 .debug_info    0x000000000000bfcb      0x76a ./Drivers/STM32F1xx_HAL_Driver/Src/stm32f1xx_hal.o
 .debug_info    0x000000000000c735      0xd2d ./Drivers/STM32F1xx_HAL_Driver/Src/stm32f1xx_hal_adc.o
 .debug_info    0x000000000000d462     0x107f ./Drivers/STM32F1xx_HAL_Driver/Src/stm32f1xx_hal_can.o
 .debug_info    0x000000000000e4e1      0xbdc ./Drivers/STM32F1xx_HAL_Driver/Src/stm32f1xx_hal_cortex.o
 .debug_info    0x000000000000f0bd      0x701 ./Drivers/STM32F1xx_HAL_Driver/Src/stm32f1xx_hal_gpio.o
 .debug_info    0x000000000000f7be     0x278e ./Drivers/STM32F1xx_HAL_Driver/Src/stm32f1xx_hal_i2c.o
 .debug_info    0x0000000000011f4c      0x88e ./Drivers/STM32F1xx_HAL_Driver/Src/stm32f1xx_hal_rcc.o
 .debug_info    0x00000000000127da      0x480 ./Drivers/STM32F1xx_HAL_Driver/Src/stm32f1xx_hal_rcc_ex.o
 .debug_info    0x0000000000012c5a     0x2a45 ./Drivers/STM32F1xx_HAL_Driver/Src/stm32f1xx_hal_tim.o
 .debug_info    0x000000000001569f     0x14d5 ./Drivers/STM32F1xx_HAL_Driver/Src/stm32f1xx_hal_tim_ex.o
 .debug_info    0x0000000000016b74     0x161a ./Drivers/STM32F1xx_HAL_Driver/Src/stm32f1xx_hal_uart.o

.debug_abbrev   0x0000000000000000     0x2ce4
 .debug_abbrev  0x0000000000000000      0x2e9 ./Core/Src/main.o
 .debug_abbrev  0x00000000000002e9      0xb39 ./Core/Src/mainboard.o
 .debug_abbrev  0x0000000000000e22      0x264 ./Core/Src/stm32f1xx_hal_msp.o
 .debug_abbrev  0x0000000000001086      0x209 ./Core/Src/stm32f1xx_it.o
 .debug_abbrev  0x000000000000128f      0x14e ./Core/Src/system_stm32f1xx.o
 .debug_abbrev  0x00000000000013dd       0x12 ./Core/Startup/startup_stm32f103rbtx.o
 .debug_abbrev  0x00000000000013ef      0x1ed ./Drivers/STM32F1xx_HAL_Driver/Src/stm32f1xx_hal.o
 .debug_abbrev  0x00000000000015dc      0x1fb ./Drivers/STM32F1xx_HAL_Driver/Src/stm32f1xx_hal_adc.o
 .debug_abbrev  0x00000000000017d7      0x235 ./Drivers/STM32F1xx_HAL_Driver/Src/stm32f1xx_hal_can.o
 .debug_abbrev  0x0000000000001a0c      0x313 ./Drivers/STM32F1xx_HAL_Driver/Src/stm32f1xx_hal_cortex.o
 .debug_abbrev  0x0000000000001d1f      0x1e8 ./Drivers/STM32F1xx_HAL_Driver/Src/stm32f1xx_hal_gpio.o
 .debug_abbrev  0x0000000000001f07      0x288 ./Drivers/STM32F1xx_HAL_Driver/Src/stm32f1xx_hal_i2c.o
 .debug_abbrev  0x000000000000218f      0x273 ./Drivers/STM32F1xx_HAL_Driver/Src/stm32f1xx_hal_rcc.o
 .debug_abbrev  0x0000000000002402      0x193 ./Drivers/STM32F1xx_HAL_Driver/Src/stm32f1xx_hal_rcc_ex.o
 .debug_abbrev  0x0000000000002595      0x25e ./Drivers/STM32F1xx_HAL_Driver/Src/stm32f1xx_hal_tim.o
 .debug_abbrev  0x00000000000027f3      0x266 ./Drivers/STM32F1xx_HAL_Driver/Src/stm32f1xx_hal_tim_ex.o
 .debug_abbrev  0x0000000000002a59      0x28b ./Drivers/STM32F1xx_HAL_Driver/Src/stm32f1xx_hal_uart.o

.debug_aranges  0x0000000000000000     0x13f8
 .debug_aranges
                0x0000000000000000       0x88 ./Core/Src/main.o
 .debug_aranges
                0x0000000000000088      0x310 ./Core/Src/mainboard.o
 .debug_aranges
                0x0000000000000398       0x88 ./Core/Src/stm32f1xx_hal_msp.o
 .debug_aranges
                0x0000000000000420       0x90 ./Core/Src/stm32f1xx_it.o
 .debug_aranges
                0x00000000000004b0       0x28 ./Core/Src/system_stm32f1xx.o
 .debug_aranges
                0x00000000000004d8       0x28 ./Core/Startup/startup_stm32f103rbtx.o
 .debug_aranges
                0x0000000000000500       0xe0 ./Drivers/STM32F1xx_HAL_Driver/Src/stm32f1xx_hal.o
 .debug_aranges
                0x00000000000005e0       0xf0 ./Drivers/STM32F1xx_HAL_Driver/Src/stm32f1xx_hal_adc.o
 .debug_aranges
                0x00000000000006d0      0x138 ./Drivers/STM32F1xx_HAL_Driver/Src/stm32f1xx_hal_can.o
 .debug_aranges
                0x0000000000000808      0x100 ./Drivers/STM32F1xx_HAL_Driver/Src/stm32f1xx_hal_cortex.o
 .debug_aranges
                0x0000000000000908       0x58 ./Drivers/STM32F1xx_HAL_Driver/Src/stm32f1xx_hal_gpio.o
 .debug_aranges
                0x0000000000000960      0x2a0 ./Drivers/STM32F1xx_HAL_Driver/Src/stm32f1xx_hal_i2c.o
 .debug_aranges
                0x0000000000000c00       0x90 ./Drivers/STM32F1xx_HAL_Driver/Src/stm32f1xx_hal_rcc.o
 .debug_aranges
                0x0000000000000c90       0x30 ./Drivers/STM32F1xx_HAL_Driver/Src/stm32f1xx_hal_rcc_ex.o
 .debug_aranges
                0x0000000000000cc0      0x3d0 ./Drivers/STM32F1xx_HAL_Driver/Src/stm32f1xx_hal_tim.o
 .debug_aranges
                0x0000000000001090      0x168 ./Drivers/STM32F1xx_HAL_Driver/Src/stm32f1xx_hal_tim_ex.o
 .debug_aranges
                0x00000000000011f8      0x200 ./Drivers/STM32F1xx_HAL_Driver/Src/stm32f1xx_hal_uart.o

.debug_ranges   0x0000000000000000     0x1360
 .debug_ranges  0x0000000000000000       0x78 ./Core/Src/main.o
 .debug_ranges  0x0000000000000078      0x318 ./Core/Src/mainboard.o
 .debug_ranges  0x0000000000000390       0x78 ./Core/Src/stm32f1xx_hal_msp.o
 .debug_ranges  0x0000000000000408       0x80 ./Core/Src/stm32f1xx_it.o
 .debug_ranges  0x0000000000000488       0x18 ./Core/Src/system_stm32f1xx.o
 .debug_ranges  0x00000000000004a0       0x20 ./Core/Startup/startup_stm32f103rbtx.o
 .debug_ranges  0x00000000000004c0       0xd0 ./Drivers/STM32F1xx_HAL_Driver/Src/stm32f1xx_hal.o
 .debug_ranges  0x0000000000000590       0xe0 ./Drivers/STM32F1xx_HAL_Driver/Src/stm32f1xx_hal_adc.o
 .debug_ranges  0x0000000000000670      0x128 ./Drivers/STM32F1xx_HAL_Driver/Src/stm32f1xx_hal_can.o
 .debug_ranges  0x0000000000000798       0xf0 ./Drivers/STM32F1xx_HAL_Driver/Src/stm32f1xx_hal_cortex.o
 .debug_ranges  0x0000000000000888       0x48 ./Drivers/STM32F1xx_HAL_Driver/Src/stm32f1xx_hal_gpio.o
 .debug_ranges  0x00000000000008d0      0x2b8 ./Drivers/STM32F1xx_HAL_Driver/Src/stm32f1xx_hal_i2c.o
 .debug_ranges  0x0000000000000b88       0x80 ./Drivers/STM32F1xx_HAL_Driver/Src/stm32f1xx_hal_rcc.o
 .debug_ranges  0x0000000000000c08       0x20 ./Drivers/STM32F1xx_HAL_Driver/Src/stm32f1xx_hal_rcc_ex.o
 .debug_ranges  0x0000000000000c28      0x3c0 ./Drivers/STM32F1xx_HAL_Driver/Src/stm32f1xx_hal_tim.o
 .debug_ranges  0x0000000000000fe8      0x158 ./Drivers/STM32F1xx_HAL_Driver/Src/stm32f1xx_hal_tim_ex.o
 .debug_ranges  0x0000000000001140      0x220 ./Drivers/STM32F1xx_HAL_Driver/Src/stm32f1xx_hal_uart.o

.debug_macro    0x0000000000000000    0x1b33e
 .debug_macro   0x0000000000000000      0x1e4 ./Core/Src/main.o
 .debug_macro   0x00000000000001e4      0xa9c ./Core/Src/main.o
 .debug_macro   0x0000000000000c80      0x22d ./Core/Src/main.o
 .debug_macro   0x0000000000000ead       0x2e ./Core/Src/main.o
 .debug_macro   0x0000000000000edb       0x22 ./Core/Src/main.o
 .debug_macro   0x0000000000000efd       0x22 ./Core/Src/main.o
 .debug_macro   0x0000000000000f1f       0x8e ./Core/Src/main.o
 .debug_macro   0x0000000000000fad       0x51 ./Core/Src/main.o
 .debug_macro   0x0000000000000ffe      0x103 ./Core/Src/main.o
 .debug_macro   0x0000000000001101       0x6a ./Core/Src/main.o
 .debug_macro   0x000000000000116b      0x1df ./Core/Src/main.o
 .debug_macro   0x000000000000134a       0x1c ./Core/Src/main.o
 .debug_macro   0x0000000000001366       0x22 ./Core/Src/main.o
 .debug_macro   0x0000000000001388       0xc3 ./Core/Src/main.o
 .debug_macro   0x000000000000144b      0xd23 ./Core/Src/main.o
 .debug_macro   0x000000000000216e     0xe09e ./Core/Src/main.o
 .debug_macro   0x000000000001020c       0x6d ./Core/Src/main.o
 .debug_macro   0x0000000000010279     0x3468 ./Core/Src/main.o
 .debug_macro   0x00000000000136e1      0x174 ./Core/Src/main.o
 .debug_macro   0x0000000000013855       0x5c ./Core/Src/main.o
 .debug_macro   0x00000000000138b1      0x5be ./Core/Src/main.o
 .debug_macro   0x0000000000013e6f      0x289 ./Core/Src/main.o
 .debug_macro   0x00000000000140f8      0x1cb ./Core/Src/main.o
 .debug_macro   0x00000000000142c3      0x114 ./Core/Src/main.o
 .debug_macro   0x00000000000143d7      0x1b2 ./Core/Src/main.o
 .debug_macro   0x0000000000014589       0x27 ./Core/Src/main.o
 .debug_macro   0x00000000000145b0      0x136 ./Core/Src/main.o
 .debug_macro   0x00000000000146e6      0x1bc ./Core/Src/main.o
 .debug_macro   0x00000000000148a2       0x34 ./Core/Src/main.o
 .debug_macro   0x00000000000148d6       0x3c ./Core/Src/main.o
 .debug_macro   0x0000000000014912      0x408 ./Core/Src/main.o
 .debug_macro   0x0000000000014d1a       0x57 ./Core/Src/main.o
 .debug_macro   0x0000000000014d71      0x46a ./Core/Src/main.o
 .debug_macro   0x00000000000151db      0x1b5 ./Core/Src/main.o
 .debug_macro   0x0000000000015390       0x88 ./Core/Src/main.o
 .debug_macro   0x0000000000015418      0x241 ./Core/Src/main.o
 .debug_macro   0x0000000000015659      0x287 ./Core/Src/main.o
 .debug_macro   0x00000000000158e0      0x141 ./Core/Src/main.o
 .debug_macro   0x0000000000015a21      0x8d1 ./Core/Src/main.o
 .debug_macro   0x00000000000162f2      0x279 ./Core/Src/main.o
 .debug_macro   0x000000000001656b       0x83 ./Core/Src/main.o
 .debug_macro   0x00000000000165ee      0x166 ./Core/Src/main.o
 .debug_macro   0x0000000000016754      0x574 ./Core/Src/mainboard.o
 .debug_macro   0x0000000000016cc8      0xb74 ./Core/Src/mainboard.o
 .debug_macro   0x000000000001783c       0x1c ./Core/Src/mainboard.o
 .debug_macro   0x0000000000017858      0xd23 ./Core/Src/mainboard.o
 .debug_macro   0x000000000001857b      0x17b ./Core/Src/mainboard.o
 .debug_macro   0x00000000000186f6      0x17c ./Core/Src/mainboard.o
 .debug_macro   0x0000000000018872       0x10 ./Core/Src/mainboard.o
 .debug_macro   0x0000000000018882      0x41e ./Core/Src/mainboard.o
 .debug_macro   0x0000000000018ca0       0x10 ./Core/Src/mainboard.o
 .debug_macro   0x0000000000018cb0       0x18 ./Core/Src/mainboard.o
 .debug_macro   0x0000000000018cc8       0x52 ./Core/Src/mainboard.o
 .debug_macro   0x0000000000018d1a       0x3c ./Core/Src/mainboard.o
 .debug_macro   0x0000000000018d56       0x34 ./Core/Src/mainboard.o
 .debug_macro   0x0000000000018d8a       0x16 ./Core/Src/mainboard.o
 .debug_macro   0x0000000000018da0       0x35 ./Core/Src/mainboard.o
 .debug_macro   0x0000000000018dd5       0x16 ./Core/Src/mainboard.o
 .debug_macro   0x0000000000018deb       0x43 ./Core/Src/mainboard.o
 .debug_macro   0x0000000000018e2e       0x34 ./Core/Src/mainboard.o
 .debug_macro   0x0000000000018e62       0x10 ./Core/Src/mainboard.o
 .debug_macro   0x0000000000018e72       0x58 ./Core/Src/mainboard.o
 .debug_macro   0x0000000000018eca       0x71 ./Core/Src/mainboard.o
 .debug_macro   0x0000000000018f3b       0x16 ./Core/Src/mainboard.o
 .debug_macro   0x0000000000018f51      0x12a ./Core/Src/mainboard.o
 .debug_macro   0x000000000001907b      0x356 ./Core/Src/mainboard.o
 .debug_macro   0x00000000000193d1       0x16 ./Core/Src/mainboard.o
 .debug_macro   0x00000000000193e7       0x29 ./Core/Src/mainboard.o
 .debug_macro   0x0000000000019410       0x1c ./Core/Src/mainboard.o
 .debug_macro   0x000000000001942c       0xde ./Core/Src/mainboard.o
 .debug_macro   0x000000000001950a       0x16 ./Core/Src/mainboard.o
 .debug_macro   0x0000000000019520       0x20 ./Core/Src/mainboard.o
 .debug_macro   0x0000000000019540       0x1c ./Core/Src/mainboard.o
 .debug_macro   0x000000000001955c       0x18 ./Core/Src/mainboard.o
 .debug_macro   0x0000000000019574       0x6e ./Core/Src/mainboard.o
 .debug_macro   0x00000000000195e2       0x28 ./Core/Src/mainboard.o
 .debug_macro   0x000000000001960a       0x41 ./Core/Src/mainboard.o
 .debug_macro   0x000000000001964b       0x12 ./Core/Src/mainboard.o
 .debug_macro   0x000000000001965d       0x2e ./Core/Src/mainboard.o
 .debug_macro   0x000000000001968b       0x19 ./Core/Src/mainboard.o
 .debug_macro   0x00000000000196a4       0x88 ./Core/Src/mainboard.o
 .debug_macro   0x000000000001972c       0x19 ./Core/Src/mainboard.o
 .debug_macro   0x0000000000019745       0x10 ./Core/Src/mainboard.o
 .debug_macro   0x0000000000019755       0x17 ./Core/Src/mainboard.o
 .debug_macro   0x000000000001976c       0x10 ./Core/Src/mainboard.o
 .debug_macro   0x000000000001977c       0x12 ./Core/Src/mainboard.o
 .debug_macro   0x000000000001978e       0x18 ./Core/Src/mainboard.o
 .debug_macro   0x00000000000197a6       0x27 ./Core/Src/mainboard.o
 .debug_macro   0x00000000000197cd      0x120 ./Core/Src/mainboard.o
 .debug_macro   0x00000000000198ed      0x1da ./Core/Src/stm32f1xx_hal_msp.o
 .debug_macro   0x0000000000019ac7      0x1e4 ./Core/Src/stm32f1xx_it.o
 .debug_macro   0x0000000000019cab      0x1cb ./Core/Src/system_stm32f1xx.o
 .debug_macro   0x0000000000019e76      0x1ef ./Drivers/STM32F1xx_HAL_Driver/Src/stm32f1xx_hal.o
 .debug_macro   0x000000000001a065      0x1e8 ./Drivers/STM32F1xx_HAL_Driver/Src/stm32f1xx_hal_adc.o
 .debug_macro   0x000000000001a24d      0x1d3 ./Drivers/STM32F1xx_HAL_Driver/Src/stm32f1xx_hal_can.o
 .debug_macro   0x000000000001a420      0x1cb ./Drivers/STM32F1xx_HAL_Driver/Src/stm32f1xx_hal_cortex.o
 .debug_macro   0x000000000001a5eb      0x236 ./Drivers/STM32F1xx_HAL_Driver/Src/stm32f1xx_hal_gpio.o
 .debug_macro   0x000000000001a821      0x212 ./Drivers/STM32F1xx_HAL_Driver/Src/stm32f1xx_hal_i2c.o
 .debug_macro   0x000000000001aa33      0x1dd ./Drivers/STM32F1xx_HAL_Driver/Src/stm32f1xx_hal_rcc.o
 .debug_macro   0x000000000001ac10      0x1cb ./Drivers/STM32F1xx_HAL_Driver/Src/stm32f1xx_hal_rcc_ex.o
 .debug_macro   0x000000000001addb      0x1cc ./Drivers/STM32F1xx_HAL_Driver/Src/stm32f1xx_hal_tim.o
 .debug_macro   0x000000000001afa7      0x1cb ./Drivers/STM32F1xx_HAL_Driver/Src/stm32f1xx_hal_tim_ex.o
 .debug_macro   0x000000000001b172      0x1cc ./Drivers/STM32F1xx_HAL_Driver/Src/stm32f1xx_hal_uart.o

.debug_line     0x0000000000000000    0x138de
 .debug_line    0x0000000000000000      0xa5e ./Core/Src/main.o
 .debug_line    0x0000000000000a5e     0x1e06 ./Core/Src/mainboard.o
 .debug_line    0x0000000000002864      0x8f6 ./Core/Src/stm32f1xx_hal_msp.o
 .debug_line    0x000000000000315a      0x84f ./Core/Src/stm32f1xx_it.o
 .debug_line    0x00000000000039a9      0x75a ./Core/Src/system_stm32f1xx.o
 .debug_line    0x0000000000004103       0x87 ./Core/Startup/startup_stm32f103rbtx.o
 .debug_line    0x000000000000418a      0x987 ./Drivers/STM32F1xx_HAL_Driver/Src/stm32f1xx_hal.o
 .debug_line    0x0000000000004b11      0xffe ./Drivers/STM32F1xx_HAL_Driver/Src/stm32f1xx_hal_adc.o
 .debug_line    0x0000000000005b0f     0x1128 ./Drivers/STM32F1xx_HAL_Driver/Src/stm32f1xx_hal_can.o
 .debug_line    0x0000000000006c37      0xb6f ./Drivers/STM32F1xx_HAL_Driver/Src/stm32f1xx_hal_cortex.o
 .debug_line    0x00000000000077a6      0xa1e ./Drivers/STM32F1xx_HAL_Driver/Src/stm32f1xx_hal_gpio.o
 .debug_line    0x00000000000081c4     0x3a71 ./Drivers/STM32F1xx_HAL_Driver/Src/stm32f1xx_hal_i2c.o
 .debug_line    0x000000000000bc35      0xd95 ./Drivers/STM32F1xx_HAL_Driver/Src/stm32f1xx_hal_rcc.o
 .debug_line    0x000000000000c9ca      0x8d3 ./Drivers/STM32F1xx_HAL_Driver/Src/stm32f1xx_hal_rcc_ex.o
 .debug_line    0x000000000000d29d     0x3330 ./Drivers/STM32F1xx_HAL_Driver/Src/stm32f1xx_hal_tim.o
 .debug_line    0x00000000000105cd     0x18af ./Drivers/STM32F1xx_HAL_Driver/Src/stm32f1xx_hal_tim_ex.o
 .debug_line    0x0000000000011e7c     0x1a62 ./Drivers/STM32F1xx_HAL_Driver/Src/stm32f1xx_hal_uart.o

.debug_str      0x0000000000000000    0x9f29d
 .debug_str     0x0000000000000000    0x8cde8 ./Core/Src/main.o
                                      0x8d4db (size before relaxing)
 .debug_str     0x000000000008cde8     0xeb74 ./Core/Src/mainboard.o
                                      0x9b316 (size before relaxing)
 .debug_str     0x000000000009b95c      0x16a ./Core/Src/stm32f1xx_hal_msp.o
                                      0x8d048 (size before relaxing)
 .debug_str     0x000000000009bac6      0x129 ./Core/Src/stm32f1xx_it.o
                                      0x8c792 (size before relaxing)
 .debug_str     0x000000000009bbef       0x52 ./Core/Src/system_stm32f1xx.o
                                      0x8b8b8 (size before relaxing)
 .debug_str     0x000000000009bc41       0x36 ./Core/Startup/startup_stm32f103rbtx.o
                                         0x5e (size before relaxing)
 .debug_str     0x000000000009bc77      0x2f2 ./Drivers/STM32F1xx_HAL_Driver/Src/stm32f1xx_hal.o
                                      0x8bf49 (size before relaxing)
 .debug_str     0x000000000009bf69      0x357 ./Drivers/STM32F1xx_HAL_Driver/Src/stm32f1xx_hal_adc.o
                                      0x8bf48 (size before relaxing)
 .debug_str     0x000000000009c2c0      0x434 ./Drivers/STM32F1xx_HAL_Driver/Src/stm32f1xx_hal_can.o
                                      0x8c0d8 (size before relaxing)
 .debug_str     0x000000000009c6f4      0x2cf ./Drivers/STM32F1xx_HAL_Driver/Src/stm32f1xx_hal_cortex.o
                                      0x8bf51 (size before relaxing)
 .debug_str     0x000000000009c9c3      0x2ff ./Drivers/STM32F1xx_HAL_Driver/Src/stm32f1xx_hal_gpio.o
                                      0x8bc7c (size before relaxing)
 .debug_str     0x000000000009ccc2      0xb3b ./Drivers/STM32F1xx_HAL_Driver/Src/stm32f1xx_hal_i2c.o
                                      0x8c8f4 (size before relaxing)
 .debug_str     0x000000000009d7fd      0x244 ./Drivers/STM32F1xx_HAL_Driver/Src/stm32f1xx_hal_rcc.o
                                      0x8bcb5 (size before relaxing)
 .debug_str     0x000000000009da41       0xb9 ./Drivers/STM32F1xx_HAL_Driver/Src/stm32f1xx_hal_rcc_ex.o
                                      0x8ba42 (size before relaxing)